Archive member included because of file (symbol)

C:/Freescale/CW MCU v10.7/MCU/ARM_GCC_Support/ewl/lib/armv7e-m/fpu\libc.a(exit.o)
                              ./Project_Settings/Startup_Code/__arm_start.o (exit)
C:/Freescale/CW MCU v10.7/MCU/ARM_GCC_Support/ewl/lib/armv7e-m/fpu\libc.a(memset.o)
                              ./Project_Settings/Startup_Code/__arm_start.o (memset)
C:/Freescale/CW MCU v10.7/MCU/ARM_GCC_Support/ewl/lib/armv7e-m/fpu\libc.a(__filll_mem.o)
                              C:/Freescale/CW MCU v10.7/MCU/ARM_GCC_Support/ewl/lib/armv7e-m/fpu\libc.a(memset.o) (__fill_mem)
C:/Freescale/CW MCU v10.7/MCU/ARM_GCC_Support/ewl/lib/armv7e-m/fpu\libc.a(printformat_.o)
                              (__pformatter_)
C:/Freescale/CW MCU v10.7/MCU/ARM_GCC_Support/ewl/lib/armv7e-m/fpu\libc.a(scanformat_.o)
                              (__sformatter)
C:/Freescale/CW MCU v10.7/MCU/ARM_GCC_Support/ewl/lib/armv7e-m/fpu\libc.a(ctype_aeabi.o)
                              C:/Freescale/CW MCU v10.7/MCU/ARM_GCC_Support/ewl/lib/armv7e-m/fpu\libc.a(scanformat_.o) (isspace)
C:/Freescale/CW MCU v10.7/MCU/ARM_GCC_Support/ewl/lib/armv7e-m/fpu\libc.a(__strtoul.o)
                              C:/Freescale/CW MCU v10.7/MCU/ARM_GCC_Support/ewl/lib/armv7e-m/fpu\libc.a(scanformat_.o) (__strtoul)
C:/Freescale/CW MCU v10.7/MCU/ARM_GCC_Support/ewl/lib/armv7e-m/fpu\libc.a(strchr.o)
                              C:/Freescale/CW MCU v10.7/MCU/ARM_GCC_Support/ewl/lib/armv7e-m/fpu\libc.a(printformat_.o) (strchr)
C:/Freescale/CW MCU v10.7/MCU/ARM_GCC_Support/ewl/lib/armv7e-m/fpu\libc.a(strlen.o)
                              C:/Freescale/CW MCU v10.7/MCU/ARM_GCC_Support/ewl/lib/armv7e-m/fpu\libc.a(printformat_.o) (strlen)
C:/Freescale/CW MCU v10.7/MCU/ARM_GCC_Support/ewl/lib/armv7e-m/fpu\libc.a(memchr.o)
                              C:/Freescale/CW MCU v10.7/MCU/ARM_GCC_Support/ewl/lib/armv7e-m/fpu\libc.a(printformat_.o) (memchr)
c:/freescale/cw mcu v10.7/cross_tools/arm-none-eabi-gcc-4_7_3/bin/../lib/gcc/arm-none-eabi/4.7.3/armv7e-m/fpu\libgcc.a(_aeabi_ldivmod.o)
                              ./Sources/uart.o (__aeabi_ldivmod)
c:/freescale/cw mcu v10.7/cross_tools/arm-none-eabi-gcc-4_7_3/bin/../lib/gcc/arm-none-eabi/4.7.3/armv7e-m/fpu\libgcc.a(bpabi.o)
                              c:/freescale/cw mcu v10.7/cross_tools/arm-none-eabi-gcc-4_7_3/bin/../lib/gcc/arm-none-eabi/4.7.3/armv7e-m/fpu\libgcc.a(_aeabi_ldivmod.o) (__gnu_ldivmod_helper)
c:/freescale/cw mcu v10.7/cross_tools/arm-none-eabi-gcc-4_7_3/bin/../lib/gcc/arm-none-eabi/4.7.3/armv7e-m/fpu\libgcc.a(_dvmd_tls.o)
                              c:/freescale/cw mcu v10.7/cross_tools/arm-none-eabi-gcc-4_7_3/bin/../lib/gcc/arm-none-eabi/4.7.3/armv7e-m/fpu\libgcc.a(_aeabi_ldivmod.o) (__aeabi_ldiv0)
c:/freescale/cw mcu v10.7/cross_tools/arm-none-eabi-gcc-4_7_3/bin/../lib/gcc/arm-none-eabi/4.7.3/armv7e-m/fpu\libgcc.a(_divdi3.o)
                              c:/freescale/cw mcu v10.7/cross_tools/arm-none-eabi-gcc-4_7_3/bin/../lib/gcc/arm-none-eabi/4.7.3/armv7e-m/fpu\libgcc.a(bpabi.o) (__divdi3)
c:/freescale/cw mcu v10.7/cross_tools/arm-none-eabi-gcc-4_7_3/bin/../lib/gcc/arm-none-eabi/4.7.3/armv7e-m/fpu\libgcc.a(_udivdi3.o)
                              c:/freescale/cw mcu v10.7/cross_tools/arm-none-eabi-gcc-4_7_3/bin/../lib/gcc/arm-none-eabi/4.7.3/armv7e-m/fpu\libgcc.a(bpabi.o) (__udivdi3)
C:/Freescale/CW MCU v10.7/MCU/ARM_GCC_Support/ewl/lib/armv7e-m/fpu\librt.a(gcc_ctor_dtor.o)
                              ./Project_Settings/Startup_Code/__arm_start.o (__init_cpp)
C:/Freescale/CW MCU v10.7/MCU/ARM_GCC_Support/ewl/lib/armv7e-m/fpu\librt.a(__arm_eabi_init.o)
                              C:/Freescale/CW MCU v10.7/MCU/ARM_GCC_Support/ewl/lib/armv7e-m/fpu\libc.a(exit.o) (__destroy_global_chain)
C:/Freescale/CW MCU v10.7/MCU/ARM_GCC_Support/ewl/lib/armv7e-m/fpu\librt.a(ROMCopy.o)
                              ./Project_Settings/Startup_Code/__arm_start.o (__copy_rom_sections_to_ram)

Allocating common symbols
Common symbol       size              file

hora                0x2               ./Sources/main.o
fecha               0x4               ./Sources/main.o

Discarded input sections

 .text          0x00000000        0x0 ./Project_Settings/Startup_Code/kinetis_sysinit.o
 .data          0x00000000        0x0 ./Project_Settings/Startup_Code/kinetis_sysinit.o
 .bss           0x00000000        0x0 ./Project_Settings/Startup_Code/kinetis_sysinit.o
 .text          0x00000000        0x0 ./Project_Settings/Startup_Code/__arm_start.o
 .data          0x00000000        0x0 ./Project_Settings/Startup_Code/__arm_start.o
 .bss           0x00000000        0x0 ./Project_Settings/Startup_Code/__arm_start.o
 .text.__iar_program_start
                0x00000000        0x4 ./Project_Settings/Startup_Code/__arm_start.o
 .text          0x00000000        0x0 ./Project_Settings/Startup_Code/__arm_end.o
 .data          0x00000000        0x0 ./Project_Settings/Startup_Code/__arm_end.o
 .bss           0x00000000        0x0 ./Project_Settings/Startup_Code/__arm_end.o
 .text          0x00000000        0x0 ./Sources/uart.o
 .data          0x00000000        0x0 ./Sources/uart.o
 .bss           0x00000000        0x0 ./Sources/uart.o
 .bss.datos     0x00000000        0x1 ./Sources/uart.o
 .bss.Flag      0x00000000        0x1 ./Sources/uart.o
 .bss.St_GpsData
                0x00000000       0x10 ./Sources/uart.o
 .text.UART0_init
                0x00000000       0xd4 ./Sources/uart.o
 .text.UART1_init
                0x00000000       0xf0 ./Sources/uart.o
 .text.UART_GpsDataProcessing
                0x00000000      0x17c ./Sources/uart.o
 .text.UART0_senddata
                0x00000000      0x334 ./Sources/uart.o
 .text.fuga     0x00000000      0x364 ./Sources/uart.o
 .text.pendiente
                0x00000000       0xac ./Sources/uart.o
 .text.gpsparser
                0x00000000      0x600 ./Sources/uart.o
 .text.gradosadecimal
                0x00000000       0x80 ./Sources/uart.o
 .bss.estado.5475
                0x00000000        0x1 ./Sources/uart.o
 .bss.dato.5473
                0x00000000        0x4 ./Sources/uart.o
 .bss.hora.5474
                0x00000000        0x2 ./Sources/uart.o
 .bss.fecha.5476
                0x00000000        0x4 ./Sources/uart.o
 .bss.valid.5477
                0x00000000        0x1 ./Sources/uart.o
 .data.envio_ASCII.5441
                0x00000000       0x10 ./Sources/uart.o
 .text          0x00000000        0x0 ./Sources/pit.o
 .data          0x00000000        0x0 ./Sources/pit.o
 .bss           0x00000000        0x0 ./Sources/pit.o
 .text.pit1_init
                0x00000000       0xa0 ./Sources/pit.o
 .text          0x00000000        0x0 ./Sources/nrf24.o
 .data          0x00000000        0x0 ./Sources/nrf24.o
 .bss           0x00000000        0x0 ./Sources/nrf24.o
 .data.CONFIG_INITtx
                0x00000000        0x1 ./Sources/nrf24.o
 .data.EN_AA_INIT
                0x00000000        0x1 ./Sources/nrf24.o
 .data.SETUP_RETR_INIT
                0x00000000        0x1 ./Sources/nrf24.o
 .text.RF_INITtx
                0x00000000      0x1a0 ./Sources/nrf24.o
 .text.RF24_ReadRegister
                0x00000000       0x28 ./Sources/nrf24.o
 .text          0x00000000        0x0 ./Sources/main.o
 .data          0x00000000        0x0 ./Sources/main.o
 .bss           0x00000000        0x0 ./Sources/main.o
 .data.frecuencia
                0x00000000        0x4 ./Sources/main.o
 .text          0x00000000        0x0 ./Sources/lcd.o
 .data          0x00000000        0x0 ./Sources/lcd.o
 .bss           0x00000000        0x0 ./Sources/lcd.o
 .text.data     0x00000000       0x28 ./Sources/lcd.o
 .text.vnew_Event
                0x00000000       0x80 ./Sources/lcd.o
 .text          0x00000000        0x0 ./Sources/i2c.o
 .data          0x00000000        0x0 ./Sources/i2c.o
 .bss           0x00000000        0x0 ./Sources/i2c.o
 .text          0x00000000        0x0 ./Sources/ftm.o
 .data          0x00000000        0x0 ./Sources/ftm.o
 .bss           0x00000000        0x0 ./Sources/ftm.o
 .text          0x00000000        0x0 C:/Freescale/CW MCU v10.7/MCU/ARM_GCC_Support/ewl/lib/armv7e-m/fpu\libc.a(exit.o)
 .data          0x00000000        0x0 C:/Freescale/CW MCU v10.7/MCU/ARM_GCC_Support/ewl/lib/armv7e-m/fpu\libc.a(exit.o)
 .bss           0x00000000        0x0 C:/Freescale/CW MCU v10.7/MCU/ARM_GCC_Support/ewl/lib/armv7e-m/fpu\libc.a(exit.o)
 .text          0x00000000        0x0 C:/Freescale/CW MCU v10.7/MCU/ARM_GCC_Support/ewl/lib/armv7e-m/fpu\libc.a(memset.o)
 .data          0x00000000        0x0 C:/Freescale/CW MCU v10.7/MCU/ARM_GCC_Support/ewl/lib/armv7e-m/fpu\libc.a(memset.o)
 .bss           0x00000000        0x0 C:/Freescale/CW MCU v10.7/MCU/ARM_GCC_Support/ewl/lib/armv7e-m/fpu\libc.a(memset.o)
 .text          0x00000000        0x0 C:/Freescale/CW MCU v10.7/MCU/ARM_GCC_Support/ewl/lib/armv7e-m/fpu\libc.a(__filll_mem.o)
 .data          0x00000000        0x0 C:/Freescale/CW MCU v10.7/MCU/ARM_GCC_Support/ewl/lib/armv7e-m/fpu\libc.a(__filll_mem.o)
 .bss           0x00000000        0x0 C:/Freescale/CW MCU v10.7/MCU/ARM_GCC_Support/ewl/lib/armv7e-m/fpu\libc.a(__filll_mem.o)
 .text          0x00000000        0x0 C:/Freescale/CW MCU v10.7/MCU/ARM_GCC_Support/ewl/lib/armv7e-m/fpu\libc.a(printformat_.o)
 .data          0x00000000        0x0 C:/Freescale/CW MCU v10.7/MCU/ARM_GCC_Support/ewl/lib/armv7e-m/fpu\libc.a(printformat_.o)
 .bss           0x00000000        0x0 C:/Freescale/CW MCU v10.7/MCU/ARM_GCC_Support/ewl/lib/armv7e-m/fpu\libc.a(printformat_.o)
 .text          0x00000000        0x0 C:/Freescale/CW MCU v10.7/MCU/ARM_GCC_Support/ewl/lib/armv7e-m/fpu\libc.a(scanformat_.o)
 .data          0x00000000        0x0 C:/Freescale/CW MCU v10.7/MCU/ARM_GCC_Support/ewl/lib/armv7e-m/fpu\libc.a(scanformat_.o)
 .bss           0x00000000        0x0 C:/Freescale/CW MCU v10.7/MCU/ARM_GCC_Support/ewl/lib/armv7e-m/fpu\libc.a(scanformat_.o)
 .text          0x00000000        0x0 C:/Freescale/CW MCU v10.7/MCU/ARM_GCC_Support/ewl/lib/armv7e-m/fpu\libc.a(ctype_aeabi.o)
 .data          0x00000000        0x0 C:/Freescale/CW MCU v10.7/MCU/ARM_GCC_Support/ewl/lib/armv7e-m/fpu\libc.a(ctype_aeabi.o)
 .bss           0x00000000        0x0 C:/Freescale/CW MCU v10.7/MCU/ARM_GCC_Support/ewl/lib/armv7e-m/fpu\libc.a(ctype_aeabi.o)
 .text.isalnum  0x00000000       0x18 C:/Freescale/CW MCU v10.7/MCU/ARM_GCC_Support/ewl/lib/armv7e-m/fpu\libc.a(ctype_aeabi.o)
 .text.iscntrl  0x00000000       0x1c C:/Freescale/CW MCU v10.7/MCU/ARM_GCC_Support/ewl/lib/armv7e-m/fpu\libc.a(ctype_aeabi.o)
 .text.isdigit  0x00000000        0xc C:/Freescale/CW MCU v10.7/MCU/ARM_GCC_Support/ewl/lib/armv7e-m/fpu\libc.a(ctype_aeabi.o)
 .text.isgraph  0x00000000       0x18 C:/Freescale/CW MCU v10.7/MCU/ARM_GCC_Support/ewl/lib/armv7e-m/fpu\libc.a(ctype_aeabi.o)
 .text.islower  0x00000000       0x1c C:/Freescale/CW MCU v10.7/MCU/ARM_GCC_Support/ewl/lib/armv7e-m/fpu\libc.a(ctype_aeabi.o)
 .text.isprint  0x00000000       0x18 C:/Freescale/CW MCU v10.7/MCU/ARM_GCC_Support/ewl/lib/armv7e-m/fpu\libc.a(ctype_aeabi.o)
 .text.ispunct  0x00000000       0x1c C:/Freescale/CW MCU v10.7/MCU/ARM_GCC_Support/ewl/lib/armv7e-m/fpu\libc.a(ctype_aeabi.o)
 .text.isupper  0x00000000       0x1c C:/Freescale/CW MCU v10.7/MCU/ARM_GCC_Support/ewl/lib/armv7e-m/fpu\libc.a(ctype_aeabi.o)
 .text.isxdigit
                0x00000000       0x1c C:/Freescale/CW MCU v10.7/MCU/ARM_GCC_Support/ewl/lib/armv7e-m/fpu\libc.a(ctype_aeabi.o)
 .text.isblank  0x00000000       0x28 C:/Freescale/CW MCU v10.7/MCU/ARM_GCC_Support/ewl/lib/armv7e-m/fpu\libc.a(ctype_aeabi.o)
 .text.tolower  0x00000000        0xc C:/Freescale/CW MCU v10.7/MCU/ARM_GCC_Support/ewl/lib/armv7e-m/fpu\libc.a(ctype_aeabi.o)
 .text          0x00000000        0x0 C:/Freescale/CW MCU v10.7/MCU/ARM_GCC_Support/ewl/lib/armv7e-m/fpu\libc.a(__strtoul.o)
 .data          0x00000000        0x0 C:/Freescale/CW MCU v10.7/MCU/ARM_GCC_Support/ewl/lib/armv7e-m/fpu\libc.a(__strtoul.o)
 .bss           0x00000000        0x0 C:/Freescale/CW MCU v10.7/MCU/ARM_GCC_Support/ewl/lib/armv7e-m/fpu\libc.a(__strtoul.o)
 .text          0x00000000        0x0 C:/Freescale/CW MCU v10.7/MCU/ARM_GCC_Support/ewl/lib/armv7e-m/fpu\libc.a(strchr.o)
 .data          0x00000000        0x0 C:/Freescale/CW MCU v10.7/MCU/ARM_GCC_Support/ewl/lib/armv7e-m/fpu\libc.a(strchr.o)
 .bss           0x00000000        0x0 C:/Freescale/CW MCU v10.7/MCU/ARM_GCC_Support/ewl/lib/armv7e-m/fpu\libc.a(strchr.o)
 .text          0x00000000        0x0 C:/Freescale/CW MCU v10.7/MCU/ARM_GCC_Support/ewl/lib/armv7e-m/fpu\libc.a(strlen.o)
 .data          0x00000000        0x0 C:/Freescale/CW MCU v10.7/MCU/ARM_GCC_Support/ewl/lib/armv7e-m/fpu\libc.a(strlen.o)
 .bss           0x00000000        0x0 C:/Freescale/CW MCU v10.7/MCU/ARM_GCC_Support/ewl/lib/armv7e-m/fpu\libc.a(strlen.o)
 .text          0x00000000        0x0 C:/Freescale/CW MCU v10.7/MCU/ARM_GCC_Support/ewl/lib/armv7e-m/fpu\libc.a(memchr.o)
 .data          0x00000000        0x0 C:/Freescale/CW MCU v10.7/MCU/ARM_GCC_Support/ewl/lib/armv7e-m/fpu\libc.a(memchr.o)
 .bss           0x00000000        0x0 C:/Freescale/CW MCU v10.7/MCU/ARM_GCC_Support/ewl/lib/armv7e-m/fpu\libc.a(memchr.o)
 .text          0x00000000       0x38 c:/freescale/cw mcu v10.7/cross_tools/arm-none-eabi-gcc-4_7_3/bin/../lib/gcc/arm-none-eabi/4.7.3/armv7e-m/fpu\libgcc.a(_aeabi_ldivmod.o)
 .data          0x00000000        0x0 c:/freescale/cw mcu v10.7/cross_tools/arm-none-eabi-gcc-4_7_3/bin/../lib/gcc/arm-none-eabi/4.7.3/armv7e-m/fpu\libgcc.a(_aeabi_ldivmod.o)
 .bss           0x00000000        0x0 c:/freescale/cw mcu v10.7/cross_tools/arm-none-eabi-gcc-4_7_3/bin/../lib/gcc/arm-none-eabi/4.7.3/armv7e-m/fpu\libgcc.a(_aeabi_ldivmod.o)
 .ARM.attributes
                0x00000000       0x24 c:/freescale/cw mcu v10.7/cross_tools/arm-none-eabi-gcc-4_7_3/bin/../lib/gcc/arm-none-eabi/4.7.3/armv7e-m/fpu\libgcc.a(_aeabi_ldivmod.o)
 .text          0x00000000       0x58 c:/freescale/cw mcu v10.7/cross_tools/arm-none-eabi-gcc-4_7_3/bin/../lib/gcc/arm-none-eabi/4.7.3/armv7e-m/fpu\libgcc.a(bpabi.o)
 .data          0x00000000        0x0 c:/freescale/cw mcu v10.7/cross_tools/arm-none-eabi-gcc-4_7_3/bin/../lib/gcc/arm-none-eabi/4.7.3/armv7e-m/fpu\libgcc.a(bpabi.o)
 .bss           0x00000000        0x0 c:/freescale/cw mcu v10.7/cross_tools/arm-none-eabi-gcc-4_7_3/bin/../lib/gcc/arm-none-eabi/4.7.3/armv7e-m/fpu\libgcc.a(bpabi.o)
 .ARM.attributes
                0x00000000       0x36 c:/freescale/cw mcu v10.7/cross_tools/arm-none-eabi-gcc-4_7_3/bin/../lib/gcc/arm-none-eabi/4.7.3/armv7e-m/fpu\libgcc.a(bpabi.o)
 .debug_frame   0x00000000       0x50 c:/freescale/cw mcu v10.7/cross_tools/arm-none-eabi-gcc-4_7_3/bin/../lib/gcc/arm-none-eabi/4.7.3/armv7e-m/fpu\libgcc.a(bpabi.o)
 .text          0x00000000        0x4 c:/freescale/cw mcu v10.7/cross_tools/arm-none-eabi-gcc-4_7_3/bin/../lib/gcc/arm-none-eabi/4.7.3/armv7e-m/fpu\libgcc.a(_dvmd_tls.o)
 .data          0x00000000        0x0 c:/freescale/cw mcu v10.7/cross_tools/arm-none-eabi-gcc-4_7_3/bin/../lib/gcc/arm-none-eabi/4.7.3/armv7e-m/fpu\libgcc.a(_dvmd_tls.o)
 .bss           0x00000000        0x0 c:/freescale/cw mcu v10.7/cross_tools/arm-none-eabi-gcc-4_7_3/bin/../lib/gcc/arm-none-eabi/4.7.3/armv7e-m/fpu\libgcc.a(_dvmd_tls.o)
 .ARM.attributes
                0x00000000       0x24 c:/freescale/cw mcu v10.7/cross_tools/arm-none-eabi-gcc-4_7_3/bin/../lib/gcc/arm-none-eabi/4.7.3/armv7e-m/fpu\libgcc.a(_dvmd_tls.o)
 .text          0x00000000      0x2bc c:/freescale/cw mcu v10.7/cross_tools/arm-none-eabi-gcc-4_7_3/bin/../lib/gcc/arm-none-eabi/4.7.3/armv7e-m/fpu\libgcc.a(_divdi3.o)
 .data          0x00000000        0x0 c:/freescale/cw mcu v10.7/cross_tools/arm-none-eabi-gcc-4_7_3/bin/../lib/gcc/arm-none-eabi/4.7.3/armv7e-m/fpu\libgcc.a(_divdi3.o)
 .bss           0x00000000        0x0 c:/freescale/cw mcu v10.7/cross_tools/arm-none-eabi-gcc-4_7_3/bin/../lib/gcc/arm-none-eabi/4.7.3/armv7e-m/fpu\libgcc.a(_divdi3.o)
 .ARM.extab     0x00000000        0x0 c:/freescale/cw mcu v10.7/cross_tools/arm-none-eabi-gcc-4_7_3/bin/../lib/gcc/arm-none-eabi/4.7.3/armv7e-m/fpu\libgcc.a(_divdi3.o)
 .ARM.exidx     0x00000000        0x8 c:/freescale/cw mcu v10.7/cross_tools/arm-none-eabi-gcc-4_7_3/bin/../lib/gcc/arm-none-eabi/4.7.3/armv7e-m/fpu\libgcc.a(_divdi3.o)
 .ARM.attributes
                0x00000000       0x36 c:/freescale/cw mcu v10.7/cross_tools/arm-none-eabi-gcc-4_7_3/bin/../lib/gcc/arm-none-eabi/4.7.3/armv7e-m/fpu\libgcc.a(_divdi3.o)
 .debug_frame   0x00000000       0x34 c:/freescale/cw mcu v10.7/cross_tools/arm-none-eabi-gcc-4_7_3/bin/../lib/gcc/arm-none-eabi/4.7.3/armv7e-m/fpu\libgcc.a(_divdi3.o)
 .text          0x00000000      0x288 c:/freescale/cw mcu v10.7/cross_tools/arm-none-eabi-gcc-4_7_3/bin/../lib/gcc/arm-none-eabi/4.7.3/armv7e-m/fpu\libgcc.a(_udivdi3.o)
 .data          0x00000000        0x0 c:/freescale/cw mcu v10.7/cross_tools/arm-none-eabi-gcc-4_7_3/bin/../lib/gcc/arm-none-eabi/4.7.3/armv7e-m/fpu\libgcc.a(_udivdi3.o)
 .bss           0x00000000        0x0 c:/freescale/cw mcu v10.7/cross_tools/arm-none-eabi-gcc-4_7_3/bin/../lib/gcc/arm-none-eabi/4.7.3/armv7e-m/fpu\libgcc.a(_udivdi3.o)
 .ARM.extab     0x00000000        0x0 c:/freescale/cw mcu v10.7/cross_tools/arm-none-eabi-gcc-4_7_3/bin/../lib/gcc/arm-none-eabi/4.7.3/armv7e-m/fpu\libgcc.a(_udivdi3.o)
 .ARM.exidx     0x00000000        0x8 c:/freescale/cw mcu v10.7/cross_tools/arm-none-eabi-gcc-4_7_3/bin/../lib/gcc/arm-none-eabi/4.7.3/armv7e-m/fpu\libgcc.a(_udivdi3.o)
 .ARM.attributes
                0x00000000       0x36 c:/freescale/cw mcu v10.7/cross_tools/arm-none-eabi-gcc-4_7_3/bin/../lib/gcc/arm-none-eabi/4.7.3/armv7e-m/fpu\libgcc.a(_udivdi3.o)
 .debug_frame   0x00000000       0x34 c:/freescale/cw mcu v10.7/cross_tools/arm-none-eabi-gcc-4_7_3/bin/../lib/gcc/arm-none-eabi/4.7.3/armv7e-m/fpu\libgcc.a(_udivdi3.o)
 .text          0x00000000        0x0 C:/Freescale/CW MCU v10.7/MCU/ARM_GCC_Support/ewl/lib/armv7e-m/fpu\librt.a(gcc_ctor_dtor.o)
 .data          0x00000000        0x0 C:/Freescale/CW MCU v10.7/MCU/ARM_GCC_Support/ewl/lib/armv7e-m/fpu\librt.a(gcc_ctor_dtor.o)
 .bss           0x00000000        0x0 C:/Freescale/CW MCU v10.7/MCU/ARM_GCC_Support/ewl/lib/armv7e-m/fpu\librt.a(gcc_ctor_dtor.o)
 .bss.__dso_handle
                0x00000000        0x4 C:/Freescale/CW MCU v10.7/MCU/ARM_GCC_Support/ewl/lib/armv7e-m/fpu\librt.a(gcc_ctor_dtor.o)
 .text          0x00000000        0x0 C:/Freescale/CW MCU v10.7/MCU/ARM_GCC_Support/ewl/lib/armv7e-m/fpu\librt.a(__arm_eabi_init.o)
 .data          0x00000000        0x0 C:/Freescale/CW MCU v10.7/MCU/ARM_GCC_Support/ewl/lib/armv7e-m/fpu\librt.a(__arm_eabi_init.o)
 .bss           0x00000000        0x0 C:/Freescale/CW MCU v10.7/MCU/ARM_GCC_Support/ewl/lib/armv7e-m/fpu\librt.a(__arm_eabi_init.o)
 .text.__register_global_object
                0x00000000       0x14 C:/Freescale/CW MCU v10.7/MCU/ARM_GCC_Support/ewl/lib/armv7e-m/fpu\librt.a(__arm_eabi_init.o)
 .text.__cxa_atexit
                0x00000000       0x38 C:/Freescale/CW MCU v10.7/MCU/ARM_GCC_Support/ewl/lib/armv7e-m/fpu\librt.a(__arm_eabi_init.o)
 .text.__aeabi_atexit
                0x00000000        0xa C:/Freescale/CW MCU v10.7/MCU/ARM_GCC_Support/ewl/lib/armv7e-m/fpu\librt.a(__arm_eabi_init.o)
 .text.__register_atexit
                0x00000000        0x8 C:/Freescale/CW MCU v10.7/MCU/ARM_GCC_Support/ewl/lib/armv7e-m/fpu\librt.a(__arm_eabi_init.o)
 .text.__init_hardware
                0x00000000        0x4 C:/Freescale/CW MCU v10.7/MCU/ARM_GCC_Support/ewl/lib/armv7e-m/fpu\librt.a(__arm_eabi_init.o)
 .bss.atexit_curr_func
                0x00000000        0x4 C:/Freescale/CW MCU v10.7/MCU/ARM_GCC_Support/ewl/lib/armv7e-m/fpu\librt.a(__arm_eabi_init.o)
 .bss.atexit_funcs
                0x00000000      0x300 C:/Freescale/CW MCU v10.7/MCU/ARM_GCC_Support/ewl/lib/armv7e-m/fpu\librt.a(__arm_eabi_init.o)
 .text          0x00000000        0x0 C:/Freescale/CW MCU v10.7/MCU/ARM_GCC_Support/ewl/lib/armv7e-m/fpu\librt.a(ROMCopy.o)
 .data          0x00000000        0x0 C:/Freescale/CW MCU v10.7/MCU/ARM_GCC_Support/ewl/lib/armv7e-m/fpu\librt.a(ROMCopy.o)
 .bss           0x00000000        0x0 C:/Freescale/CW MCU v10.7/MCU/ARM_GCC_Support/ewl/lib/armv7e-m/fpu\librt.a(ROMCopy.o)
 .text.__flush_cache
                0x00000000        0x2 C:/Freescale/CW MCU v10.7/MCU/ARM_GCC_Support/ewl/lib/armv7e-m/fpu\librt.a(ROMCopy.o)

Memory Configuration

Name             Origin             Length             Attributes
m_interrupts     0x00000000         0x00000198         xr
m_cfmprotrom     0x00000400         0x00000010         xr
m_text           0x00000800         0x000ff800         xr
m_data           0x1fff0000         0x00010000         xrw
m_data2          0x20000000         0x00030000         xrw
*default*        0x00000000         0xffffffff

Linker script and memory map

LOAD ./Project_Settings/Startup_Code/kinetis_sysinit.o
LOAD ./Project_Settings/Startup_Code/__arm_start.o
LOAD ./Project_Settings/Startup_Code/__arm_end.o
LOAD ./Sources/uart.o
LOAD ./Sources/pit.o
LOAD ./Sources/nrf24.o
LOAD ./Sources/main.o
LOAD ./Sources/lcd.o
LOAD ./Sources/i2c.o
LOAD ./Sources/ftm.o
                0x00003e64                __pformatter = __pformatter_
                [0x0000425c]                __sformatter = __sformatter
START GROUP
LOAD C:/Freescale/CW MCU v10.7/MCU/ARM_GCC_Support/ewl/lib/armv7e-m/fpu\libc.a
LOAD C:/Freescale/CW MCU v10.7/MCU/ARM_GCC_Support/ewl/lib/armv7e-m/fpu\libm.a
LOAD c:/freescale/cw mcu v10.7/cross_tools/arm-none-eabi-gcc-4_7_3/bin/../lib/gcc/arm-none-eabi/4.7.3/armv7e-m/fpu\libgcc.a
LOAD C:/Freescale/CW MCU v10.7/MCU/ARM_GCC_Support/ewl/lib/armv7e-m/fpu\librt.a
LOAD C:/Freescale/CW MCU v10.7/MCU/ARM_GCC_Support/ewl/lib/armv7e-m/fpu\libuart.a
END GROUP
                0x20000000                _estack = 0x20000000
                0x20000000                __SP_INIT = _estack
                0x00000800                __heap_size = 0x800
                0x00000800                __stack_size = 0x800

.interrupts     0x00000000      0x198
                0x00000000                __vector_table = .
                0x00000000                . = ALIGN (0x4)
 *(.vectortable)
 .vectortable   0x00000000      0x198 ./Project_Settings/Startup_Code/kinetis_sysinit.o
                0x00000000                InterruptVector
                0x00000198                . = ALIGN (0x4)

.cfmprotect     0x00000400        0x0
                0x00000400                . = ALIGN (0x4)
 *(.cfmconfig)
                0x00000400                . = ALIGN (0x4)

.text           0x00000800     0x465c
                0x00000800                . = ALIGN (0x4)
 *(.text)
 *(.text*)
 .text.Default_Handler
                0x00000800        0xc ./Project_Settings/Startup_Code/kinetis_sysinit.o
                0x00000800                RTC_Alarm_IRQHandler
                0x00000800                CAN0_Rx_Warning_IRQHandler
                0x00000800                CAN0_Err_IRQHandler
                0x00000800                I2C0_IRQHandler
                0x00000800                HardFault_Handler
                0x00000800                PDB_IRQHandler
                0x00000800                SysTick_Handler
                0x00000800                UART0_Status_IRQHandler
                0x00000800                PendSV_Handler
                0x00000800                NMI_Handler
                0x00000800                I2C1_IRQHandler
                0x00000800                UART3_Status_IRQHandler
                0x00000800                DMA2_IRQHandler
                0x00000800                Watchdog_IRQHandler
                0x00000800                Bus_Fault_Handler
                0x00000800                CMP2_IRQHandler
                0x00000800                SWI_IRQHandler
                0x00000800                ADC0_IRQHandler
                0x00000800                ENET_MAC_Transmit_IRQHandler
                0x00000800                I2S0_Tx_IRQHandler
                0x00000800                CMT_IRQHandler
                0x00000800                UART1_Status_IRQHandler
                0x00000800                SPI1_IRQHandler
                0x00000800                DMA9_IRQHandler
                0x00000800                DMA14_IRQHandler
                0x00000800                CMP1_IRQHandler
                0x00000800                PORTD_IRQHandler
                0x00000800                UART4_ERR_IRQHandler
                0x00000800                ADC1_IRQHandler
                0x00000800                I2C2_IRQHandler
                0x00000800                PIT2_IRQHandler
                0x00000800                I2S0_Rx_IRQHandler
                0x00000800                LPTimer_IRQHandler
                0x00000800                DMA5_IRQHandler
                0x00000800                FTM1_IRQHandler
                0x00000800                UART3_ERR_IRQHandler
                0x00000800                PIT3_IRQHandler
                0x00000800                SDHC_IRQHandler
                0x00000800                RTC_Seconds_IRQHandler
                0x00000800                MCG_IRQHandler
                0x00000800                ENET_MAC_Timer_IRQHandler
                0x00000800                UART2_ERR_IRQHandler
                0x00000800                DMA11_IRQHandler
                0x00000800                Tamper_Drylce_IRQHandler
                0x00000800                USB_OTG_IRQHandler
                0x00000800                Read_Collision_IRQHandler
                0x00000800                Default_Handler
                0x00000800                UART4_Status_IRQHandler
                0x00000800                DMA7_IRQHandler
                0x00000800                LLW_IRQHandler
                0x00000800                SPI2_IRQHandler
                0x00000800                USB_Charger_Detect_IRQHandler
                0x00000800                SVC_Handler
                0x00000800                Usage_Fault_Handler
                0x00000800                DMA13_IRQHandler
                0x00000800                DMA3_IRQHandler
                0x00000800                UART0_LON_IRQHandler
                0x00000800                RNG_IRQHandler
                0x00000800                DMA0_IRQHandler
                0x00000800                DMA15_IRQHandler
                0x00000800                DAC0_IRQHandler
                0x00000800                ENET_MAC_Error_IRQHandler
                0x00000800                DMA4_IRQHandler
                0x00000800                PIT1_IRQHandler
                0x00000800                UART0_ERR_IRQHandler
                0x00000800                DMA_Error_IRQHandler
                0x00000800                LVD_LVW_IRQHandler
                0x00000800                SPI0_IRQHandler
                0x00000800                CAN0_Tx_WarningIRQHandler
                0x00000800                FTM0_IRQHandler
                0x00000800                PORTA_IRQHandler
                0x00000800                DAC1_IRQHandler
                0x00000800                MCM_IRQHandler
                0x00000800                DMA12_IRQHandler
                0x00000800                Mem_Manage_Fault_Handler
                0x00000800                FTFL_IRQHandler
                0x00000800                CAN0_Bus_Off_IRQHandler
                0x00000800                PORTE_IRQHandler
                0x00000800                CAN0_Message_buffer_IRQHandler
                0x00000800                FTM2_IRQHandler
                0x00000800                DMA8_IRQHandler
                0x00000800                DMA10_IRQHandler
                0x00000800                CAN0_Wake_Up_IRQHandler
                0x00000800                DebugMonitor_Handler
                0x00000800                UART1_ERR_IRQHandler
                0x00000800                CMP0_IRQHandler
                0x00000800                ENET_MAC_Receive_IRQHandler
                0x00000800                DMA6_IRQHandler
                0x00000800                UART2_Status_IRQHandler
                0x00000800                DMA1_IRQHandler
 .text.__init_hardware
                0x0000080c       0x44 ./Project_Settings/Startup_Code/kinetis_sysinit.o
                0x0000080c                __init_hardware
 .text.zero_fill_bss
                0x00000850       0x2c ./Project_Settings/Startup_Code/__arm_start.o
 .text.__thumb_startup
                0x0000087c       0x34 ./Project_Settings/Startup_Code/__arm_start.o
                0x0000087c                __thumb_startup
 .text._ExitProcess
                0x000008b0        0xc ./Project_Settings/Startup_Code/__arm_end.o
                0x000008b0                _ExitProcess
 .text.transformdate
                0x000008bc      0x12c ./Sources/uart.o
                0x000008bc                transformdate
 .text.pit_init
                0x000009e8       0x90 ./Sources/pit.o
                0x000009e8                pit_init
 .text.SPI1_Init
                0x00000a78      0x204 ./Sources/nrf24.o
                0x00000a78                SPI1_Init
 .text.RF24_WriteRegister
                0x00000c7c       0x28 ./Sources/nrf24.o
                0x00000c7c                RF24_WriteRegister
 .text.SPI_SendByte
                0x00000ca4       0xe4 ./Sources/nrf24.o
                0x00000ca4                SPI_SendByte
 .text.RF24_Status
                0x00000d88       0x20 ./Sources/nrf24.o
                0x00000d88                RF24_Status
 .text.SPI_ReadWriteByte
                0x00000da8      0x130 ./Sources/nrf24.o
                0x00000da8                SPI_ReadWriteByte
 .text.Write5RegRf
                0x00000ed8      0x228 ./Sources/nrf24.o
                0x00000ed8                Write5RegRf
 .text.Pause    0x00001100       0x2c ./Sources/nrf24.o
                0x00001100                Pause
 .text.RF24_Initrx
                0x0000112c      0x190 ./Sources/nrf24.o
                0x0000112c                RF24_Initrx
 .text.Read5RegRf
                0x000012bc      0x288 ./Sources/nrf24.o
                0x000012bc                Read5RegRf
 .text.main     0x00001544       0x38 ./Sources/main.o
                0x00001544                main
 .text.FTM3_IRQHandler
                0x0000157c       0x84 ./Sources/main.o
                0x0000157c                FTM3_IRQHandler
 .text.PIT0_IRQHandler
                0x00001600       0x60 ./Sources/main.o
                0x00001600                PIT0_IRQHandler
 .text.PORTC_IRQHandler
                0x00001660      0x1e0 ./Sources/main.o
                0x00001660                PORTC_IRQHandler
 .text.PORTB_IRQHandler
                0x00001840      0x1b4 ./Sources/main.o
                0x00001840                PORTB_IRQHandler
 .text.sleep    0x000019f4       0x20 ./Sources/main.o
                0x000019f4                sleep
 .text.enter_wait
                0x00001a14        0xc ./Sources/main.o
                0x00001a14                enter_wait
 .text.dataprocess
                0x00001a20       0xa4 ./Sources/main.o
                0x00001a20                dataprocess
 .text.vButton_Init
                0x00001ac4       0x70 ./Sources/main.o
                0x00001ac4                vButton_Init
 .text.outputPorts
                0x00001b34       0x64 ./Sources/lcd.o
                0x00001b34                outputPorts
 .text.rsIntruction
                0x00001b98       0x18 ./Sources/lcd.o
                0x00001b98                rsIntruction
 .text.enable   0x00001bb0       0x2c ./Sources/lcd.o
                0x00001bb0                enable
 .text.rst      0x00001bdc       0x38 ./Sources/lcd.o
                0x00001bdc                rst
 .text.pass     0x00001c14       0x38 ./Sources/lcd.o
                0x00001c14                pass
 .text.message  0x00001c4c       0x90 ./Sources/lcd.o
                0x00001c4c                message
 .text.LCD_init
                0x00001cdc       0x94 ./Sources/lcd.o
                0x00001cdc                LCD_init
 .text.delay    0x00001d70       0x68 ./Sources/lcd.o
                0x00001d70                delay
 .text.LPTMR_init
                0x00001dd8       0x68 ./Sources/lcd.o
                0x00001dd8                LPTMR_init
 .text.PORT_init
                0x00001e40       0xb8 ./Sources/lcd.o
                0x00001e40                PORT_init
 .text.detect_event_type
                0x00001ef8       0xb4 ./Sources/lcd.o
                0x00001ef8                detect_event_type
 .text.detect_datenhour
                0x00001fac      0x2e4 ./Sources/lcd.o
                0x00001fac                detect_datenhour
 .text.vEvent_init
                0x00002290       0x8c ./Sources/lcd.o
                0x00002290                vEvent_init
 .text.vSearch_Event
                0x0000231c       0x7c ./Sources/lcd.o
                0x0000231c                vSearch_Event
 .text.I2C_WriteRegister
                0x00002398      0x1a4 ./Sources/i2c.o
                0x00002398                I2C_WriteRegister
 .text.I2C_ReadRegister
                0x0000253c      0x24c ./Sources/i2c.o
                0x0000253c                I2C_ReadRegister
 .text.I2C_init
                0x00002788       0xc4 ./Sources/i2c.o
                0x00002788                I2C_init
 .text.writeinMemoryCounter
                0x0000284c       0x4c ./Sources/i2c.o
                0x0000284c                writeinMemoryCounter
 .text.ReadfromMemoryCounter
                0x00002898       0x50 ./Sources/i2c.o
                0x00002898                ReadfromMemoryCounter
 .text.Save_event_data
                0x000028e8       0xbc ./Sources/i2c.o
                0x000028e8                Save_event_data
 .text.Get_event_data
                0x000029a4       0xa0 ./Sources/i2c.o
                0x000029a4                Get_event_data
 .text.FTM3c4_init_outputcompare
                0x00002a44       0x9c ./Sources/ftm.o
                0x00002a44                FTM3c4_init_outputcompare
 .text.martinillo
                0x00002ae0      0x94c ./Sources/ftm.o
                0x00002ae0                martinillo
 .text.estrellita
                0x0000342c      0x7e8 ./Sources/ftm.o
                0x0000342c                estrellita
 .text.exit     0x00003c14       0x38 C:/Freescale/CW MCU v10.7/MCU/ARM_GCC_Support/ewl/lib/armv7e-m/fpu\libc.a(exit.o)
                0x00003c14                exit
 .text.memset   0x00003c4c        0xc C:/Freescale/CW MCU v10.7/MCU/ARM_GCC_Support/ewl/lib/armv7e-m/fpu\libc.a(memset.o)
                0x00003c4c                memset
 .text.__fill_mem
                0x00003c58       0x76 C:/Freescale/CW MCU v10.7/MCU/ARM_GCC_Support/ewl/lib/armv7e-m/fpu\libc.a(__filll_mem.o)
                0x00003c58                __fill_mem
 .text.long2str.isra.0
                0x00003cce      0x196 C:/Freescale/CW MCU v10.7/MCU/ARM_GCC_Support/ewl/lib/armv7e-m/fpu\libc.a(printformat_.o)
 .text.__pformatter_
                0x00003e64      0x3f8 C:/Freescale/CW MCU v10.7/MCU/ARM_GCC_Support/ewl/lib/armv7e-m/fpu\libc.a(printformat_.o)
                0x00003e64                __pformatter_
 .text.__sformatter
                0x0000425c      0x6f4 C:/Freescale/CW MCU v10.7/MCU/ARM_GCC_Support/ewl/lib/armv7e-m/fpu\libc.a(scanformat_.o)
                0x0000425c                __sformatter
 .text.isalpha  0x00004950       0x1c C:/Freescale/CW MCU v10.7/MCU/ARM_GCC_Support/ewl/lib/armv7e-m/fpu\libc.a(ctype_aeabi.o)
                0x00004950                isalpha
 .text.isspace  0x0000496c       0x1c C:/Freescale/CW MCU v10.7/MCU/ARM_GCC_Support/ewl/lib/armv7e-m/fpu\libc.a(ctype_aeabi.o)
                0x0000496c                isspace
 .text.toupper  0x00004988        0xc C:/Freescale/CW MCU v10.7/MCU/ARM_GCC_Support/ewl/lib/armv7e-m/fpu\libc.a(ctype_aeabi.o)
                0x00004988                toupper
 .text.__strtoul
                0x00004994      0x214 C:/Freescale/CW MCU v10.7/MCU/ARM_GCC_Support/ewl/lib/armv7e-m/fpu\libc.a(__strtoul.o)
                0x00004994                __strtoul
 .text.strchr   0x00004ba8       0x1a C:/Freescale/CW MCU v10.7/MCU/ARM_GCC_Support/ewl/lib/armv7e-m/fpu\libc.a(strchr.o)
                0x00004ba8                strchr
 .text.strlen   0x00004bc2       0x10 C:/Freescale/CW MCU v10.7/MCU/ARM_GCC_Support/ewl/lib/armv7e-m/fpu\libc.a(strlen.o)
                0x00004bc2                strlen
 .text.memchr   0x00004bd2       0x18 C:/Freescale/CW MCU v10.7/MCU/ARM_GCC_Support/ewl/lib/armv7e-m/fpu\libc.a(memchr.o)
                0x00004bd2                memchr
 *fill*         0x00004bea        0x2 00
 .text.__init_cpp
                0x00004bec       0x4c C:/Freescale/CW MCU v10.7/MCU/ARM_GCC_Support/ewl/lib/armv7e-m/fpu\librt.a(gcc_ctor_dtor.o)
                0x00004bec                __init_cpp
 .text.__fini_cpp
                0x00004c38       0x34 C:/Freescale/CW MCU v10.7/MCU/ARM_GCC_Support/ewl/lib/armv7e-m/fpu\librt.a(gcc_ctor_dtor.o)
                0x00004c38                __fini_cpp
 .text.__destroy_global_chain
                0x00004c6c       0x18 C:/Freescale/CW MCU v10.7/MCU/ARM_GCC_Support/ewl/lib/armv7e-m/fpu\librt.a(__arm_eabi_init.o)
                0x00004c6c                __destroy_global_chain
 .text.__init_registers
                0x00004c84       0x24 C:/Freescale/CW MCU v10.7/MCU/ARM_GCC_Support/ewl/lib/armv7e-m/fpu\librt.a(__arm_eabi_init.o)
                0x00004c84                __init_registers
 .text.__fp_init
                0x00004ca8       0x1c C:/Freescale/CW MCU v10.7/MCU/ARM_GCC_Support/ewl/lib/armv7e-m/fpu\librt.a(__arm_eabi_init.o)
                0x00004ca8                __fp_init
 .text.__init_user
                0x00004cc4        0x4 C:/Freescale/CW MCU v10.7/MCU/ARM_GCC_Support/ewl/lib/armv7e-m/fpu\librt.a(__arm_eabi_init.o)
                0x00004cc4                __init_user
 .text.__copy_rom_section
                0x00004cc8       0x44 C:/Freescale/CW MCU v10.7/MCU/ARM_GCC_Support/ewl/lib/armv7e-m/fpu\librt.a(ROMCopy.o)
                0x00004cc8                __copy_rom_section
 .text.__copy_rom_sections_to_ram
                0x00004d0c       0x30 C:/Freescale/CW MCU v10.7/MCU/ARM_GCC_Support/ewl/lib/armv7e-m/fpu\librt.a(ROMCopy.o)
                0x00004d0c                __copy_rom_sections_to_ram
 *(.rodata)
 .rodata        0x00004d3c       0x14 ./Sources/lcd.o
 *(.rodata*)
 .rodata.str1.1
                0x00004d50        0x1 C:/Freescale/CW MCU v10.7/MCU/ARM_GCC_Support/ewl/lib/armv7e-m/fpu\libc.a(printformat_.o)
 .rodata.CSWTCH.20
                0x00004d51        0x5 C:/Freescale/CW MCU v10.7/MCU/ARM_GCC_Support/ewl/lib/armv7e-m/fpu\libc.a(printformat_.o)
 .rodata.CSWTCH.21
                0x00004d56        0x5 C:/Freescale/CW MCU v10.7/MCU/ARM_GCC_Support/ewl/lib/armv7e-m/fpu\libc.a(printformat_.o)
 .rodata.__aeabi_ctype_table_C
                0x00004d5b      0x101 C:/Freescale/CW MCU v10.7/MCU/ARM_GCC_Support/ewl/lib/armv7e-m/fpu\libc.a(ctype_aeabi.o)
                0x00004d5b                __aeabi_ctype_table_C
 *(.glue_7)
 .glue_7        0x00000000        0x0 linker stubs
 *(.glue_7t)
 .glue_7t       0x00000000        0x0 linker stubs
 *(.eh_frame)
 *(.init)
 *(.fini)
                0x00004e5c                . = ALIGN (0x4)
                0x00004e5c                _etext = .

.vfp11_veneer   0x00004e5c        0x0
 .vfp11_veneer  0x00000000        0x0 linker stubs

.v4_bx          0x00004e5c        0x0
 .v4_bx         0x00000000        0x0 linker stubs

.iplt           0x00004e5c        0x0
 .iplt          0x00000000        0x0 ./Project_Settings/Startup_Code/kinetis_sysinit.o

.rel.dyn        0x00004e5c        0x0
 .rel.iplt      0x00000000        0x0 ./Project_Settings/Startup_Code/kinetis_sysinit.o

.ARM.extab
 *(.ARM.extab* .gnu.linkonce.armextab.*)

.ARM            0x00004e5c        0x0
                0x00004e5c                __exidx_start = .
 *(.ARM.exidx*)
                0x00004e5c                __exidx_end = .

.ctors          0x00004e5c        0x0
                0x00004e5c                __CTOR_LIST__ = .
 *crtbegin.o(.ctors)
 *(EXCLUDE_FILE(*crtend.o) .ctors)
 *(SORT(.ctors.*))
 *(.ctors)
                0x00004e5c                __CTOR_END__ = .

.dtors          0x00004e5c        0x0
                0x00004e5c                __DTOR_LIST__ = .
 *crtbegin.o(.dtors)
 *(EXCLUDE_FILE(*crtend.o) .dtors)
 *(SORT(.dtors.*))
 *(.dtors)
                0x00004e5c                __DTOR_END__ = .

.preinit_array  0x00004e5c        0x0
                0x00004e5c                PROVIDE (__preinit_array_start, .)
 *(.preinit_array*)
                0x00004e5c                PROVIDE (__preinit_array_end, .)

.init_array     0x00004e5c        0x0
                0x00004e5c                PROVIDE (__init_array_start, .)
 *(SORT(.init_array.*))
 *(.init_array*)
                0x00004e5c                PROVIDE (__init_array_end, .)

.fini_array     0x00004e5c        0x0
                0x00004e5c                PROVIDE (__fini_array_start, .)
 *(SORT(.fini_array.*))
 *(.fini_array*)
                0x00004e5c                PROVIDE (__fini_array_end, .)
                0x00004e5c                ___ROM_AT = .

.data           0x1fff0000       0x34 load address 0x00004e5c
                0x1fff0000                . = ALIGN (0x4)
                0x1fff0000                _sdata = .
 *(.data)
 *(.data*)
 .data.CONFIG_INIT
                0x1fff0000        0x1 ./Sources/nrf24.o
 .data.EN_RXADDR_INIT
                0x1fff0001        0x1 ./Sources/nrf24.o
 .data.RF_SETUP_INIT
                0x1fff0002        0x1 ./Sources/nrf24.o
 .data.STATUS_INIT
                0x1fff0003        0x1 ./Sources/nrf24.o
 .data.RX_PW_P0_INIT
                0x1fff0004        0x1 ./Sources/nrf24.o
 .data._TX_ADDR
                0x1fff0005        0x1 ./Sources/nrf24.o
 .data._RX_ADDR_P0
                0x1fff0006        0x1 ./Sources/nrf24.o
 *fill*         0x1fff0007        0x1 00
 .data.Line1    0x1fff0008       0x10 ./Sources/lcd.o
 .data.Line2    0x1fff0018       0x10 ./Sources/lcd.o
 .data.la       0x1fff0028        0x2 ./Sources/ftm.o
 .data.doo      0x1fff002a        0x2 ./Sources/ftm.o
 .data.re       0x1fff002c        0x2 ./Sources/ftm.o
 .data.mi       0x1fff002e        0x2 ./Sources/ftm.o
 .data.fa       0x1fff0030        0x2 ./Sources/ftm.o
 .data.sol      0x1fff0032        0x2 ./Sources/ftm.o
                0x1fff0034                . = ALIGN (0x4)
                0x1fff0034                _edata = .
                0x00000034                ___data_size = (_edata - _sdata)
                0x00004e90                ___m_data2_ROMStart = (___ROM_AT + SIZEOF (.data))

.igot.plt       0x1fff0034        0x0 load address 0x00004e90
 .igot.plt      0x00000000        0x0 ./Project_Settings/Startup_Code/kinetis_sysinit.o

.user_data2     0x20000000        0x0 load address 0x00004e90
                0x20000000                . = ALIGN (0x4)
                0x20000000                ___m_data2_RAMStart = .
 *(.data2)
                0x20000000                ___m_data2_RAMEnd = .
                0x20000000                . = ALIGN (0x4)
                0x00000000                ___m_data2_ROMSize = (___m_data2_RAMEnd - ___m_data2_RAMStart)
                0x20000000                . = ALIGN (0x4)

.bss            0x1fff0034       0x44 load address 0x00004e90
                0x1fff0034                __START_BSS = .
                0x1fff0034                PROVIDE (__bss_start__, __START_BSS)
 *(.bss)
 *(.bss*)
 .bss.argv      0x1fff0034        0x4 ./Project_Settings/Startup_Code/__arm_start.o
 .bss.RF_CH_INIT
                0x1fff0038        0x1 ./Sources/nrf24.o
 *fill*         0x1fff0039        0x3 00
 .bss.buf       0x1fff003c        0x8 ./Sources/main.o
                0x1fff003c                buf
 .bss.tono      0x1fff0044        0x4 ./Sources/main.o
                0x1fff0044                tono
 .bss.song      0x1fff0048        0x1 ./Sources/main.o
                0x1fff0048                song
 *fill*         0x1fff0049        0x1 00
 .bss.counterb.5571
                0x1fff004a        0x2 ./Sources/main.o
 .bss.i.5570    0x1fff004c        0x2 ./Sources/main.o
 .bss.estado.5393
                0x1fff004e        0x1 ./Sources/ftm.o
 *fill*         0x1fff004f        0x1 00
 .bss.tono.5394
                0x1fff0050        0x2 ./Sources/ftm.o
 .bss.estado.5389
                0x1fff0052        0x1 ./Sources/ftm.o
 *fill*         0x1fff0053        0x1 00
 .bss.tono.5388
                0x1fff0054        0x2 ./Sources/ftm.o
 *fill*         0x1fff0056        0x2 00
 .bss.__stdio_exit
                0x1fff0058        0x4 C:/Freescale/CW MCU v10.7/MCU/ARM_GCC_Support/ewl/lib/armv7e-m/fpu\libc.a(exit.o)
                0x1fff0058                __stdio_exit
 .bss.__console_exit
                0x1fff005c        0x4 C:/Freescale/CW MCU v10.7/MCU/ARM_GCC_Support/ewl/lib/armv7e-m/fpu\libc.a(exit.o)
                0x1fff005c                __console_exit
 .bss.__global_destructor_chain
                0x1fff0060        0x4 C:/Freescale/CW MCU v10.7/MCU/ARM_GCC_Support/ewl/lib/armv7e-m/fpu\librt.a(__arm_eabi_init.o)
                0x1fff0060                __global_destructor_chain
 .bss.__S_romp  0x1fff0064        0xc C:/Freescale/CW MCU v10.7/MCU/ARM_GCC_Support/ewl/lib/armv7e-m/fpu\librt.a(ROMCopy.o)
 *(COMMON)
 COMMON         0x1fff0070        0x8 ./Sources/main.o
                0x1fff0070                hora
                0x1fff0074                fecha
                0x1fff0078                . = ALIGN (0x4)
                0x1fff0078                __END_BSS = .
                0x1fff0078                PROVIDE (__bss_end__, __END_BSS)

._user_heap_stack
                0x1fff0078     0x1000 load address 0x00004ed4
                0x1fff0078                . = ALIGN (0x4)
                0x1fff0078                PROVIDE (end, .)
                0x1fff0078                PROVIDE (_end, .)
                0x1fff0078                __heap_addr = .
                0x1fff0878                . = (. + __heap_size)
 *fill*         0x1fff0078      0x800 00
                0x1fff1078                . = (. + __stack_size)
 *fill*         0x1fff0878      0x800 00
                0x1fff1078                . = ALIGN (0x4)
                0x00004e90                _romp_at = ((___ROM_AT + SIZEOF (.data)) + SIZEOF (.user_data2))

.romp           0x20000000       0x24 load address 0x00004e90
                0x00004e90                __S_romp = _romp_at
                0x20000000        0x4 LONG 0x4e5c ___ROM_AT
                0x20000004        0x4 LONG 0x1fff0000 _sdata
                0x20000008        0x4 LONG 0x34 ___data_size
                0x2000000c        0x4 LONG 0x4e90 ___m_data2_ROMStart
                0x20000010        0x4 LONG 0x20000000 ___m_data2_RAMStart
                0x20000014        0x4 LONG 0x0 ___m_data2_ROMSize
                0x20000018        0x4 LONG 0x0
                0x2000001c        0x4 LONG 0x0
                0x20000020        0x4 LONG 0x0

.ARM.attributes
                0x00000000       0x3b
 *(.ARM.attributes)
 .ARM.attributes
                0x00000000       0x3b ./Project_Settings/Startup_Code/kinetis_sysinit.o
 .ARM.attributes
                0x0000003b       0x3b ./Project_Settings/Startup_Code/__arm_start.o
 .ARM.attributes
                0x00000076       0x3b ./Project_Settings/Startup_Code/__arm_end.o
 .ARM.attributes
                0x000000b1       0x3b ./Sources/uart.o
 .ARM.attributes
                0x000000ec       0x3b ./Sources/pit.o
 .ARM.attributes
                0x00000127       0x3b ./Sources/nrf24.o
 .ARM.attributes
                0x00000162       0x3b ./Sources/main.o
 .ARM.attributes
                0x0000019d       0x3b ./Sources/lcd.o
 .ARM.attributes
                0x000001d8       0x3b ./Sources/i2c.o
 .ARM.attributes
                0x00000213       0x3b ./Sources/ftm.o
 .ARM.attributes
                0x0000024e       0x3b C:/Freescale/CW MCU v10.7/MCU/ARM_GCC_Support/ewl/lib/armv7e-m/fpu\libc.a(exit.o)
 .ARM.attributes
                0x00000289       0x3b C:/Freescale/CW MCU v10.7/MCU/ARM_GCC_Support/ewl/lib/armv7e-m/fpu\libc.a(memset.o)
 .ARM.attributes
                0x000002c4       0x3b C:/Freescale/CW MCU v10.7/MCU/ARM_GCC_Support/ewl/lib/armv7e-m/fpu\libc.a(__filll_mem.o)
 .ARM.attributes
                0x000002ff       0x3b C:/Freescale/CW MCU v10.7/MCU/ARM_GCC_Support/ewl/lib/armv7e-m/fpu\libc.a(printformat_.o)
 .ARM.attributes
                0x0000033a       0x3b C:/Freescale/CW MCU v10.7/MCU/ARM_GCC_Support/ewl/lib/armv7e-m/fpu\libc.a(scanformat_.o)
 .ARM.attributes
                0x00000375       0x3b C:/Freescale/CW MCU v10.7/MCU/ARM_GCC_Support/ewl/lib/armv7e-m/fpu\libc.a(ctype_aeabi.o)
 .ARM.attributes
                0x000003b0       0x3b C:/Freescale/CW MCU v10.7/MCU/ARM_GCC_Support/ewl/lib/armv7e-m/fpu\libc.a(__strtoul.o)
 .ARM.attributes
                0x000003eb       0x3b C:/Freescale/CW MCU v10.7/MCU/ARM_GCC_Support/ewl/lib/armv7e-m/fpu\libc.a(strchr.o)
 .ARM.attributes
                0x00000426       0x3b C:/Freescale/CW MCU v10.7/MCU/ARM_GCC_Support/ewl/lib/armv7e-m/fpu\libc.a(strlen.o)
 .ARM.attributes
                0x00000461       0x3b C:/Freescale/CW MCU v10.7/MCU/ARM_GCC_Support/ewl/lib/armv7e-m/fpu\libc.a(memchr.o)
 .ARM.attributes
                0x0000049c       0x3b C:/Freescale/CW MCU v10.7/MCU/ARM_GCC_Support/ewl/lib/armv7e-m/fpu\librt.a(gcc_ctor_dtor.o)
 .ARM.attributes
                0x000004d7       0x3b C:/Freescale/CW MCU v10.7/MCU/ARM_GCC_Support/ewl/lib/armv7e-m/fpu\librt.a(__arm_eabi_init.o)
 .ARM.attributes
                0x00000512       0x3b C:/Freescale/CW MCU v10.7/MCU/ARM_GCC_Support/ewl/lib/armv7e-m/fpu\librt.a(ROMCopy.o)
OUTPUT(nrf24l01rx.elf elf32-littlearm)

.debug_info     0x00000000     0x5b94
 .debug_info    0x00000000      0x387 ./Project_Settings/Startup_Code/kinetis_sysinit.o
 .debug_info    0x00000387      0x12a ./Project_Settings/Startup_Code/__arm_start.o
 .debug_info    0x000004b1       0x54 ./Project_Settings/Startup_Code/__arm_end.o
 .debug_info    0x00000505      0xb5a ./Sources/uart.o
 .debug_info    0x0000105f      0x4d7 ./Sources/pit.o
 .debug_info    0x00001536      0x9c5 ./Sources/nrf24.o
 .debug_info    0x00001efb      0xaed ./Sources/main.o
 .debug_info    0x000029e8      0x79b ./Sources/lcd.o
 .debug_info    0x00003183      0x695 ./Sources/i2c.o
 .debug_info    0x00003818      0x863 ./Sources/ftm.o
 .debug_info    0x0000407b       0xe8 C:/Freescale/CW MCU v10.7/MCU/ARM_GCC_Support/ewl/lib/armv7e-m/fpu\libc.a(exit.o)
 .debug_info    0x00004163       0xec C:/Freescale/CW MCU v10.7/MCU/ARM_GCC_Support/ewl/lib/armv7e-m/fpu\libc.a(memset.o)
 .debug_info    0x0000424f      0x135 C:/Freescale/CW MCU v10.7/MCU/ARM_GCC_Support/ewl/lib/armv7e-m/fpu\libc.a(__filll_mem.o)
 .debug_info    0x00004384      0x50e C:/Freescale/CW MCU v10.7/MCU/ARM_GCC_Support/ewl/lib/armv7e-m/fpu\libc.a(printformat_.o)
 .debug_info    0x00004892      0x565 C:/Freescale/CW MCU v10.7/MCU/ARM_GCC_Support/ewl/lib/armv7e-m/fpu\libc.a(scanformat_.o)
 .debug_info    0x00004df7      0x306 C:/Freescale/CW MCU v10.7/MCU/ARM_GCC_Support/ewl/lib/armv7e-m/fpu\libc.a(ctype_aeabi.o)
 .debug_info    0x000050fd      0x1d6 C:/Freescale/CW MCU v10.7/MCU/ARM_GCC_Support/ewl/lib/armv7e-m/fpu\libc.a(__strtoul.o)
 .debug_info    0x000052d3      0x108 C:/Freescale/CW MCU v10.7/MCU/ARM_GCC_Support/ewl/lib/armv7e-m/fpu\libc.a(strchr.o)
 .debug_info    0x000053db       0xeb C:/Freescale/CW MCU v10.7/MCU/ARM_GCC_Support/ewl/lib/armv7e-m/fpu\libc.a(strlen.o)
 .debug_info    0x000054c6      0x120 C:/Freescale/CW MCU v10.7/MCU/ARM_GCC_Support/ewl/lib/armv7e-m/fpu\libc.a(memchr.o)
 .debug_info    0x000055e6      0x136 C:/Freescale/CW MCU v10.7/MCU/ARM_GCC_Support/ewl/lib/armv7e-m/fpu\librt.a(gcc_ctor_dtor.o)
 .debug_info    0x0000571c      0x2de C:/Freescale/CW MCU v10.7/MCU/ARM_GCC_Support/ewl/lib/armv7e-m/fpu\librt.a(__arm_eabi_init.o)
 .debug_info    0x000059fa      0x19a C:/Freescale/CW MCU v10.7/MCU/ARM_GCC_Support/ewl/lib/armv7e-m/fpu\librt.a(ROMCopy.o)

.debug_abbrev   0x00000000     0x1663
 .debug_abbrev  0x00000000       0xf6 ./Project_Settings/Startup_Code/kinetis_sysinit.o
 .debug_abbrev  0x000000f6       0x92 ./Project_Settings/Startup_Code/__arm_start.o
 .debug_abbrev  0x00000188       0x4c ./Project_Settings/Startup_Code/__arm_end.o
 .debug_abbrev  0x000001d4      0x1c6 ./Sources/uart.o
 .debug_abbrev  0x0000039a       0xe2 ./Sources/pit.o
 .debug_abbrev  0x0000047c      0x164 ./Sources/nrf24.o
 .debug_abbrev  0x000005e0      0x14a ./Sources/main.o
 .debug_abbrev  0x0000072a      0x130 ./Sources/lcd.o
 .debug_abbrev  0x0000085a      0x11b ./Sources/i2c.o
 .debug_abbrev  0x00000975      0x111 ./Sources/ftm.o
 .debug_abbrev  0x00000a86       0x7a C:/Freescale/CW MCU v10.7/MCU/ARM_GCC_Support/ewl/lib/armv7e-m/fpu\libc.a(exit.o)
 .debug_abbrev  0x00000b00       0x62 C:/Freescale/CW MCU v10.7/MCU/ARM_GCC_Support/ewl/lib/armv7e-m/fpu\libc.a(memset.o)
 .debug_abbrev  0x00000b62       0x87 C:/Freescale/CW MCU v10.7/MCU/ARM_GCC_Support/ewl/lib/armv7e-m/fpu\libc.a(__filll_mem.o)
 .debug_abbrev  0x00000be9      0x200 C:/Freescale/CW MCU v10.7/MCU/ARM_GCC_Support/ewl/lib/armv7e-m/fpu\libc.a(printformat_.o)
 .debug_abbrev  0x00000de9      0x1f0 C:/Freescale/CW MCU v10.7/MCU/ARM_GCC_Support/ewl/lib/armv7e-m/fpu\libc.a(scanformat_.o)
 .debug_abbrev  0x00000fd9       0x85 C:/Freescale/CW MCU v10.7/MCU/ARM_GCC_Support/ewl/lib/armv7e-m/fpu\libc.a(ctype_aeabi.o)
 .debug_abbrev  0x0000105e       0xc2 C:/Freescale/CW MCU v10.7/MCU/ARM_GCC_Support/ewl/lib/armv7e-m/fpu\libc.a(__strtoul.o)
 .debug_abbrev  0x00001120       0x89 C:/Freescale/CW MCU v10.7/MCU/ARM_GCC_Support/ewl/lib/armv7e-m/fpu\libc.a(strchr.o)
 .debug_abbrev  0x000011a9       0x7a C:/Freescale/CW MCU v10.7/MCU/ARM_GCC_Support/ewl/lib/armv7e-m/fpu\libc.a(strlen.o)
 .debug_abbrev  0x00001223       0x95 C:/Freescale/CW MCU v10.7/MCU/ARM_GCC_Support/ewl/lib/armv7e-m/fpu\libc.a(memchr.o)
 .debug_abbrev  0x000012b8       0x99 C:/Freescale/CW MCU v10.7/MCU/ARM_GCC_Support/ewl/lib/armv7e-m/fpu\librt.a(gcc_ctor_dtor.o)
 .debug_abbrev  0x00001351      0x1db C:/Freescale/CW MCU v10.7/MCU/ARM_GCC_Support/ewl/lib/armv7e-m/fpu\librt.a(__arm_eabi_init.o)
 .debug_abbrev  0x0000152c      0x137 C:/Freescale/CW MCU v10.7/MCU/ARM_GCC_Support/ewl/lib/armv7e-m/fpu\librt.a(ROMCopy.o)

.debug_loc      0x00000000     0x2aa5
 .debug_loc     0x00000000       0x58 ./Project_Settings/Startup_Code/kinetis_sysinit.o
 .debug_loc     0x00000058       0x2c ./Project_Settings/Startup_Code/__arm_start.o
 .debug_loc     0x00000084       0x38 ./Project_Settings/Startup_Code/__arm_end.o
 .debug_loc     0x000000bc      0x1e2 ./Sources/uart.o
 .debug_loc     0x0000029e       0x70 ./Sources/pit.o
 .debug_loc     0x0000030e      0x25c ./Sources/nrf24.o
 .debug_loc     0x0000056a      0x1b0 ./Sources/main.o
 .debug_loc     0x0000071a      0x32c ./Sources/lcd.o
 .debug_loc     0x00000a46      0x17c ./Sources/i2c.o
 .debug_loc     0x00000bc2       0x9c ./Sources/ftm.o
 .debug_loc     0x00000c5e       0x3e C:/Freescale/CW MCU v10.7/MCU/ARM_GCC_Support/ewl/lib/armv7e-m/fpu\libc.a(exit.o)
 .debug_loc     0x00000c9c       0x64 C:/Freescale/CW MCU v10.7/MCU/ARM_GCC_Support/ewl/lib/armv7e-m/fpu\libc.a(memset.o)
 .debug_loc     0x00000d00      0x12c C:/Freescale/CW MCU v10.7/MCU/ARM_GCC_Support/ewl/lib/armv7e-m/fpu\libc.a(__filll_mem.o)
 .debug_loc     0x00000e2c      0xbdc C:/Freescale/CW MCU v10.7/MCU/ARM_GCC_Support/ewl/lib/armv7e-m/fpu\libc.a(printformat_.o)
 .debug_loc     0x00001a08      0x8b6 C:/Freescale/CW MCU v10.7/MCU/ARM_GCC_Support/ewl/lib/armv7e-m/fpu\libc.a(scanformat_.o)
 .debug_loc     0x000022be      0x18e C:/Freescale/CW MCU v10.7/MCU/ARM_GCC_Support/ewl/lib/armv7e-m/fpu\libc.a(ctype_aeabi.o)
 .debug_loc     0x0000244c      0x2bb C:/Freescale/CW MCU v10.7/MCU/ARM_GCC_Support/ewl/lib/armv7e-m/fpu\libc.a(__strtoul.o)
 .debug_loc     0x00002707       0x7c C:/Freescale/CW MCU v10.7/MCU/ARM_GCC_Support/ewl/lib/armv7e-m/fpu\libc.a(strchr.o)
 .debug_loc     0x00002783       0x26 C:/Freescale/CW MCU v10.7/MCU/ARM_GCC_Support/ewl/lib/armv7e-m/fpu\libc.a(strlen.o)
 .debug_loc     0x000027a9       0x62 C:/Freescale/CW MCU v10.7/MCU/ARM_GCC_Support/ewl/lib/armv7e-m/fpu\libc.a(memchr.o)
 .debug_loc     0x0000280b       0x9d C:/Freescale/CW MCU v10.7/MCU/ARM_GCC_Support/ewl/lib/armv7e-m/fpu\librt.a(gcc_ctor_dtor.o)
 .debug_loc     0x000028a8      0x144 C:/Freescale/CW MCU v10.7/MCU/ARM_GCC_Support/ewl/lib/armv7e-m/fpu\librt.a(__arm_eabi_init.o)
 .debug_loc     0x000029ec       0xb9 C:/Freescale/CW MCU v10.7/MCU/ARM_GCC_Support/ewl/lib/armv7e-m/fpu\librt.a(ROMCopy.o)

.debug_aranges  0x00000000      0x550
 .debug_aranges
                0x00000000       0x28 ./Project_Settings/Startup_Code/kinetis_sysinit.o
 .debug_aranges
                0x00000028       0x30 ./Project_Settings/Startup_Code/__arm_start.o
 .debug_aranges
                0x00000058       0x20 ./Project_Settings/Startup_Code/__arm_end.o
 .debug_aranges
                0x00000078       0x60 ./Sources/uart.o
 .debug_aranges
                0x000000d8       0x28 ./Sources/pit.o
 .debug_aranges
                0x00000100       0x70 ./Sources/nrf24.o
 .debug_aranges
                0x00000170       0x60 ./Sources/main.o
 .debug_aranges
                0x000001d0       0x98 ./Sources/lcd.o
 .debug_aranges
                0x00000268       0x50 ./Sources/i2c.o
 .debug_aranges
                0x000002b8       0x30 ./Sources/ftm.o
 .debug_aranges
                0x000002e8       0x20 C:/Freescale/CW MCU v10.7/MCU/ARM_GCC_Support/ewl/lib/armv7e-m/fpu\libc.a(exit.o)
 .debug_aranges
                0x00000308       0x20 C:/Freescale/CW MCU v10.7/MCU/ARM_GCC_Support/ewl/lib/armv7e-m/fpu\libc.a(memset.o)
 .debug_aranges
                0x00000328       0x20 C:/Freescale/CW MCU v10.7/MCU/ARM_GCC_Support/ewl/lib/armv7e-m/fpu\libc.a(__filll_mem.o)
 .debug_aranges
                0x00000348       0x28 C:/Freescale/CW MCU v10.7/MCU/ARM_GCC_Support/ewl/lib/armv7e-m/fpu\libc.a(printformat_.o)
 .debug_aranges
                0x00000370       0x20 C:/Freescale/CW MCU v10.7/MCU/ARM_GCC_Support/ewl/lib/armv7e-m/fpu\libc.a(scanformat_.o)
 .debug_aranges
                0x00000390       0x88 C:/Freescale/CW MCU v10.7/MCU/ARM_GCC_Support/ewl/lib/armv7e-m/fpu\libc.a(ctype_aeabi.o)
 .debug_aranges
                0x00000418       0x20 C:/Freescale/CW MCU v10.7/MCU/ARM_GCC_Support/ewl/lib/armv7e-m/fpu\libc.a(__strtoul.o)
 .debug_aranges
                0x00000438       0x20 C:/Freescale/CW MCU v10.7/MCU/ARM_GCC_Support/ewl/lib/armv7e-m/fpu\libc.a(strchr.o)
 .debug_aranges
                0x00000458       0x20 C:/Freescale/CW MCU v10.7/MCU/ARM_GCC_Support/ewl/lib/armv7e-m/fpu\libc.a(strlen.o)
 .debug_aranges
                0x00000478       0x20 C:/Freescale/CW MCU v10.7/MCU/ARM_GCC_Support/ewl/lib/armv7e-m/fpu\libc.a(memchr.o)
 .debug_aranges
                0x00000498       0x28 C:/Freescale/CW MCU v10.7/MCU/ARM_GCC_Support/ewl/lib/armv7e-m/fpu\librt.a(gcc_ctor_dtor.o)
 .debug_aranges
                0x000004c0       0x60 C:/Freescale/CW MCU v10.7/MCU/ARM_GCC_Support/ewl/lib/armv7e-m/fpu\librt.a(__arm_eabi_init.o)
 .debug_aranges
                0x00000520       0x30 C:/Freescale/CW MCU v10.7/MCU/ARM_GCC_Support/ewl/lib/armv7e-m/fpu\librt.a(ROMCopy.o)

.debug_macinfo  0x00000000   0x3175b8
 .debug_macinfo
                0x00000000    0x61d23 ./Project_Settings/Startup_Code/kinetis_sysinit.o
 .debug_macinfo
                0x00061d23     0x3f41 ./Project_Settings/Startup_Code/__arm_start.o
 .debug_macinfo
                0x00065c64     0x352a ./Project_Settings/Startup_Code/__arm_end.o
 .debug_macinfo
                0x0006918e    0x61cde ./Sources/uart.o
 .debug_macinfo
                0x000cae6c    0x61cb0 ./Sources/pit.o
 .debug_macinfo
                0x0012cb1c    0x62339 ./Sources/nrf24.o
 .debug_macinfo
                0x0018ee55    0x625fe ./Sources/main.o
 .debug_macinfo
                0x001f1453    0x61f0f ./Sources/lcd.o
 .debug_macinfo
                0x00253362    0x625a6 ./Sources/i2c.o
 .debug_macinfo
                0x002b5908    0x61cb0 ./Sources/ftm.o

.debug_line     0x00000000     0x295e
 .debug_line    0x00000000      0x203 ./Project_Settings/Startup_Code/kinetis_sysinit.o
 .debug_line    0x00000203      0x286 ./Project_Settings/Startup_Code/__arm_start.o
 .debug_line    0x00000489      0x265 ./Project_Settings/Startup_Code/__arm_end.o
 .debug_line    0x000006ee      0x38e ./Sources/uart.o
 .debug_line    0x00000a7c      0x1dd ./Sources/pit.o
 .debug_line    0x00000c59      0x33d ./Sources/nrf24.o
 .debug_line    0x00000f96      0x2d1 ./Sources/main.o
 .debug_line    0x00001267      0x36d ./Sources/lcd.o
 .debug_line    0x000015d4      0x2af ./Sources/i2c.o
 .debug_line    0x00001883      0x2c0 ./Sources/ftm.o
 .debug_line    0x00001b43       0x94 C:/Freescale/CW MCU v10.7/MCU/ARM_GCC_Support/ewl/lib/armv7e-m/fpu\libc.a(exit.o)
 .debug_line    0x00001bd7       0x8f C:/Freescale/CW MCU v10.7/MCU/ARM_GCC_Support/ewl/lib/armv7e-m/fpu\libc.a(memset.o)
 .debug_line    0x00001c66       0xcd C:/Freescale/CW MCU v10.7/MCU/ARM_GCC_Support/ewl/lib/armv7e-m/fpu\libc.a(__filll_mem.o)
 .debug_line    0x00001d33      0x2b4 C:/Freescale/CW MCU v10.7/MCU/ARM_GCC_Support/ewl/lib/armv7e-m/fpu\libc.a(printformat_.o)
 .debug_line    0x00001fe7      0x2df C:/Freescale/CW MCU v10.7/MCU/ARM_GCC_Support/ewl/lib/armv7e-m/fpu\libc.a(scanformat_.o)
 .debug_line    0x000022c6      0x1a9 C:/Freescale/CW MCU v10.7/MCU/ARM_GCC_Support/ewl/lib/armv7e-m/fpu\libc.a(ctype_aeabi.o)
 .debug_line    0x0000246f      0x11b C:/Freescale/CW MCU v10.7/MCU/ARM_GCC_Support/ewl/lib/armv7e-m/fpu\libc.a(__strtoul.o)
 .debug_line    0x0000258a       0x7d C:/Freescale/CW MCU v10.7/MCU/ARM_GCC_Support/ewl/lib/armv7e-m/fpu\libc.a(strchr.o)
 .debug_line    0x00002607       0x83 C:/Freescale/CW MCU v10.7/MCU/ARM_GCC_Support/ewl/lib/armv7e-m/fpu\libc.a(strlen.o)
 .debug_line    0x0000268a       0x9f C:/Freescale/CW MCU v10.7/MCU/ARM_GCC_Support/ewl/lib/armv7e-m/fpu\libc.a(memchr.o)
 .debug_line    0x00002729       0x67 C:/Freescale/CW MCU v10.7/MCU/ARM_GCC_Support/ewl/lib/armv7e-m/fpu\librt.a(gcc_ctor_dtor.o)
 .debug_line    0x00002790      0x125 C:/Freescale/CW MCU v10.7/MCU/ARM_GCC_Support/ewl/lib/armv7e-m/fpu\librt.a(__arm_eabi_init.o)
 .debug_line    0x000028b5       0xa9 C:/Freescale/CW MCU v10.7/MCU/ARM_GCC_Support/ewl/lib/armv7e-m/fpu\librt.a(ROMCopy.o)

.debug_str      0x00000000     0x1507
 .debug_str     0x00000000      0x25b ./Project_Settings/Startup_Code/kinetis_sysinit.o
                                0x282 (size before relaxing)
 .debug_str     0x0000025b       0x85 ./Project_Settings/Startup_Code/__arm_start.o
                                0x183 (size before relaxing)
 .debug_str     0x000002e0       0x41 ./Project_Settings/Startup_Code/__arm_end.o
                                 0xba (size before relaxing)
 .debug_str     0x00000321      0x343 ./Sources/uart.o
                                0x47f (size before relaxing)
 .debug_str     0x00000664       0x5c ./Sources/pit.o
                                0x282 (size before relaxing)
 .debug_str     0x000006c0      0x211 ./Sources/nrf24.o
                                0x48b (size before relaxing)
 .debug_str     0x000008d1      0x154 ./Sources/main.o
                                0x4a1 (size before relaxing)
 .debug_str     0x00000a25      0x115 ./Sources/lcd.o
                                0x380 (size before relaxing)
 .debug_str     0x00000b3a      0x110 ./Sources/i2c.o
                                0x341 (size before relaxing)
 .debug_str     0x00000c4a       0x41 ./Sources/ftm.o
                                0x39c (size before relaxing)
 .debug_str     0x00000c8b       0x5a C:/Freescale/CW MCU v10.7/MCU/ARM_GCC_Support/ewl/lib/armv7e-m/fpu\libc.a(exit.o)
                                0x157 (size before relaxing)
 .debug_str     0x00000ce5       0x23 C:/Freescale/CW MCU v10.7/MCU/ARM_GCC_Support/ewl/lib/armv7e-m/fpu\libc.a(memset.o)
                                0x140 (size before relaxing)
 .debug_str     0x00000d08       0x2d C:/Freescale/CW MCU v10.7/MCU/ARM_GCC_Support/ewl/lib/armv7e-m/fpu\libc.a(__filll_mem.o)
                                0x152 (size before relaxing)
 .debug_str     0x00000d35      0x233 C:/Freescale/CW MCU v10.7/MCU/ARM_GCC_Support/ewl/lib/armv7e-m/fpu\libc.a(printformat_.o)
                                0x3b3 (size before relaxing)
 .debug_str     0x00000f68      0x184 C:/Freescale/CW MCU v10.7/MCU/ARM_GCC_Support/ewl/lib/armv7e-m/fpu\libc.a(scanformat_.o)
                                0x3f9 (size before relaxing)
 .debug_str     0x000010ec       0x9d C:/Freescale/CW MCU v10.7/MCU/ARM_GCC_Support/ewl/lib/armv7e-m/fpu\libc.a(ctype_aeabi.o)
                                0x1bc (size before relaxing)
 .debug_str     0x00001189       0x61 C:/Freescale/CW MCU v10.7/MCU/ARM_GCC_Support/ewl/lib/armv7e-m/fpu\libc.a(__strtoul.o)
                                0x1fb (size before relaxing)
 .debug_str     0x000011ea       0x1c C:/Freescale/CW MCU v10.7/MCU/ARM_GCC_Support/ewl/lib/armv7e-m/fpu\libc.a(strchr.o)
                                0x137 (size before relaxing)
 .debug_str     0x00001206       0x1c C:/Freescale/CW MCU v10.7/MCU/ARM_GCC_Support/ewl/lib/armv7e-m/fpu\libc.a(strlen.o)
                                0x140 (size before relaxing)
 .debug_str     0x00001222       0x1c C:/Freescale/CW MCU v10.7/MCU/ARM_GCC_Support/ewl/lib/armv7e-m/fpu\libc.a(memchr.o)
                                0x148 (size before relaxing)
 .debug_str     0x0000123e      0x126 C:/Freescale/CW MCU v10.7/MCU/ARM_GCC_Support/ewl/lib/armv7e-m/fpu\librt.a(gcc_ctor_dtor.o)
                                0x181 (size before relaxing)
 .debug_str     0x00001364      0x102 C:/Freescale/CW MCU v10.7/MCU/ARM_GCC_Support/ewl/lib/armv7e-m/fpu\librt.a(__arm_eabi_init.o)
                                0x1bf (size before relaxing)
 .debug_str     0x00001466       0xa1 C:/Freescale/CW MCU v10.7/MCU/ARM_GCC_Support/ewl/lib/armv7e-m/fpu\librt.a(ROMCopy.o)
                                0x13c (size before relaxing)

.comment        0x00000000       0x79
 .comment       0x00000000       0x79 ./Project_Settings/Startup_Code/kinetis_sysinit.o
                                 0x7a (size before relaxing)
 .comment       0x00000000       0x7a ./Project_Settings/Startup_Code/__arm_start.o
 .comment       0x00000000       0x7a ./Project_Settings/Startup_Code/__arm_end.o
 .comment       0x00000000       0x7a ./Sources/uart.o
 .comment       0x00000000       0x7a ./Sources/pit.o
 .comment       0x00000000       0x7a ./Sources/nrf24.o
 .comment       0x00000000       0x7a ./Sources/main.o
 .comment       0x00000000       0x7a ./Sources/lcd.o
 .comment       0x00000000       0x7a ./Sources/i2c.o
 .comment       0x00000000       0x7a ./Sources/ftm.o
 .comment       0x00000000       0x7a C:/Freescale/CW MCU v10.7/MCU/ARM_GCC_Support/ewl/lib/armv7e-m/fpu\libc.a(exit.o)
 .comment       0x00000000       0x7a C:/Freescale/CW MCU v10.7/MCU/ARM_GCC_Support/ewl/lib/armv7e-m/fpu\libc.a(memset.o)
 .comment       0x00000000       0x7a C:/Freescale/CW MCU v10.7/MCU/ARM_GCC_Support/ewl/lib/armv7e-m/fpu\libc.a(__filll_mem.o)
 .comment       0x00000000       0x7a C:/Freescale/CW MCU v10.7/MCU/ARM_GCC_Support/ewl/lib/armv7e-m/fpu\libc.a(printformat_.o)
 .comment       0x00000000       0x7a C:/Freescale/CW MCU v10.7/MCU/ARM_GCC_Support/ewl/lib/armv7e-m/fpu\libc.a(scanformat_.o)
 .comment       0x00000000       0x7a C:/Freescale/CW MCU v10.7/MCU/ARM_GCC_Support/ewl/lib/armv7e-m/fpu\libc.a(ctype_aeabi.o)
 .comment       0x00000000       0x7a C:/Freescale/CW MCU v10.7/MCU/ARM_GCC_Support/ewl/lib/armv7e-m/fpu\libc.a(__strtoul.o)
 .comment       0x00000000       0x7a C:/Freescale/CW MCU v10.7/MCU/ARM_GCC_Support/ewl/lib/armv7e-m/fpu\libc.a(strchr.o)
 .comment       0x00000000       0x7a C:/Freescale/CW MCU v10.7/MCU/ARM_GCC_Support/ewl/lib/armv7e-m/fpu\libc.a(strlen.o)
 .comment       0x00000000       0x7a C:/Freescale/CW MCU v10.7/MCU/ARM_GCC_Support/ewl/lib/armv7e-m/fpu\libc.a(memchr.o)
 .comment       0x00000000       0x7a C:/Freescale/CW MCU v10.7/MCU/ARM_GCC_Support/ewl/lib/armv7e-m/fpu\librt.a(gcc_ctor_dtor.o)
 .comment       0x00000000       0x7a C:/Freescale/CW MCU v10.7/MCU/ARM_GCC_Support/ewl/lib/armv7e-m/fpu\librt.a(__arm_eabi_init.o)
 .comment       0x00000000       0x7a C:/Freescale/CW MCU v10.7/MCU/ARM_GCC_Support/ewl/lib/armv7e-m/fpu\librt.a(ROMCopy.o)

.debug_frame    0x00000000      0xba0
 .debug_frame   0x00000000       0x40 ./Project_Settings/Startup_Code/kinetis_sysinit.o
 .debug_frame   0x00000040       0x4c ./Project_Settings/Startup_Code/__arm_start.o
 .debug_frame   0x0000008c       0x2c ./Project_Settings/Startup_Code/__arm_end.o
 .debug_frame   0x000000b8      0x114 ./Sources/uart.o
 .debug_frame   0x000001cc       0x48 ./Sources/pit.o
 .debug_frame   0x00000214      0x168 ./Sources/nrf24.o
 .debug_frame   0x0000037c      0x108 ./Sources/main.o
 .debug_frame   0x00000484      0x1e8 ./Sources/lcd.o
 .debug_frame   0x0000066c       0xe8 ./Sources/i2c.o
 .debug_frame   0x00000754       0x60 ./Sources/ftm.o
 .debug_frame   0x000007b4       0x28 C:/Freescale/CW MCU v10.7/MCU/ARM_GCC_Support/ewl/lib/armv7e-m/fpu\libc.a(exit.o)
 .debug_frame   0x000007dc       0x28 C:/Freescale/CW MCU v10.7/MCU/ARM_GCC_Support/ewl/lib/armv7e-m/fpu\libc.a(memset.o)
 .debug_frame   0x00000804       0x2c C:/Freescale/CW MCU v10.7/MCU/ARM_GCC_Support/ewl/lib/armv7e-m/fpu\libc.a(__filll_mem.o)
 .debug_frame   0x00000830       0x64 C:/Freescale/CW MCU v10.7/MCU/ARM_GCC_Support/ewl/lib/armv7e-m/fpu\libc.a(printformat_.o)
 .debug_frame   0x00000894       0x3c C:/Freescale/CW MCU v10.7/MCU/ARM_GCC_Support/ewl/lib/armv7e-m/fpu\libc.a(scanformat_.o)
 .debug_frame   0x000008d0       0xf0 C:/Freescale/CW MCU v10.7/MCU/ARM_GCC_Support/ewl/lib/armv7e-m/fpu\libc.a(ctype_aeabi.o)
 .debug_frame   0x000009c0       0x3c C:/Freescale/CW MCU v10.7/MCU/ARM_GCC_Support/ewl/lib/armv7e-m/fpu\libc.a(__strtoul.o)
 .debug_frame   0x000009fc       0x20 C:/Freescale/CW MCU v10.7/MCU/ARM_GCC_Support/ewl/lib/armv7e-m/fpu\libc.a(strchr.o)
 .debug_frame   0x00000a1c       0x20 C:/Freescale/CW MCU v10.7/MCU/ARM_GCC_Support/ewl/lib/armv7e-m/fpu\libc.a(strlen.o)
 .debug_frame   0x00000a3c       0x20 C:/Freescale/CW MCU v10.7/MCU/ARM_GCC_Support/ewl/lib/armv7e-m/fpu\libc.a(memchr.o)
 .debug_frame   0x00000a5c       0x40 C:/Freescale/CW MCU v10.7/MCU/ARM_GCC_Support/ewl/lib/armv7e-m/fpu\librt.a(gcc_ctor_dtor.o)
 .debug_frame   0x00000a9c       0xbc C:/Freescale/CW MCU v10.7/MCU/ARM_GCC_Support/ewl/lib/armv7e-m/fpu\librt.a(__arm_eabi_init.o)
 .debug_frame   0x00000b58       0x48 C:/Freescale/CW MCU v10.7/MCU/ARM_GCC_Support/ewl/lib/armv7e-m/fpu\librt.a(ROMCopy.o)
