Archive member included because of file (symbol)

D:/CodeWarrior/CW MCU v10.7/MCU/ARM_GCC_Support/ewl/lib/armv7e-m/fpu\libc.a(exit.o)
                              ./Project_Settings/Startup_Code/__arm_start.o (exit)
D:/CodeWarrior/CW MCU v10.7/MCU/ARM_GCC_Support/ewl/lib/armv7e-m/fpu\libc.a(memset.o)
                              ./Project_Settings/Startup_Code/__arm_start.o (memset)
D:/CodeWarrior/CW MCU v10.7/MCU/ARM_GCC_Support/ewl/lib/armv7e-m/fpu\libc.a(__filll_mem.o)
                              D:/CodeWarrior/CW MCU v10.7/MCU/ARM_GCC_Support/ewl/lib/armv7e-m/fpu\libc.a(memset.o) (__fill_mem)
D:/CodeWarrior/CW MCU v10.7/MCU/ARM_GCC_Support/ewl/lib/armv7e-m/fpu\libc.a(printformat_.o)
                              (__pformatter_)
D:/CodeWarrior/CW MCU v10.7/MCU/ARM_GCC_Support/ewl/lib/armv7e-m/fpu\libc.a(scanformat_.o)
                              (__sformatter)
D:/CodeWarrior/CW MCU v10.7/MCU/ARM_GCC_Support/ewl/lib/armv7e-m/fpu\libc.a(ctype_aeabi.o)
                              D:/CodeWarrior/CW MCU v10.7/MCU/ARM_GCC_Support/ewl/lib/armv7e-m/fpu\libc.a(scanformat_.o) (isspace)
D:/CodeWarrior/CW MCU v10.7/MCU/ARM_GCC_Support/ewl/lib/armv7e-m/fpu\libc.a(__strtoul.o)
                              D:/CodeWarrior/CW MCU v10.7/MCU/ARM_GCC_Support/ewl/lib/armv7e-m/fpu\libc.a(scanformat_.o) (__strtoul)
D:/CodeWarrior/CW MCU v10.7/MCU/ARM_GCC_Support/ewl/lib/armv7e-m/fpu\libc.a(strchr.o)
                              D:/CodeWarrior/CW MCU v10.7/MCU/ARM_GCC_Support/ewl/lib/armv7e-m/fpu\libc.a(printformat_.o) (strchr)
D:/CodeWarrior/CW MCU v10.7/MCU/ARM_GCC_Support/ewl/lib/armv7e-m/fpu\libc.a(strlen.o)
                              D:/CodeWarrior/CW MCU v10.7/MCU/ARM_GCC_Support/ewl/lib/armv7e-m/fpu\libc.a(printformat_.o) (strlen)
D:/CodeWarrior/CW MCU v10.7/MCU/ARM_GCC_Support/ewl/lib/armv7e-m/fpu\libc.a(memchr.o)
                              D:/CodeWarrior/CW MCU v10.7/MCU/ARM_GCC_Support/ewl/lib/armv7e-m/fpu\libc.a(printformat_.o) (memchr)
d:/codewarrior/cw mcu v10.7/cross_tools/arm-none-eabi-gcc-4_7_3/bin/../lib/gcc/arm-none-eabi/4.7.3/armv7e-m/fpu\libgcc.a(_aeabi_ldivmod.o)
                              ./Sources/uart.o (__aeabi_ldivmod)
d:/codewarrior/cw mcu v10.7/cross_tools/arm-none-eabi-gcc-4_7_3/bin/../lib/gcc/arm-none-eabi/4.7.3/armv7e-m/fpu\libgcc.a(_aeabi_uldivmod.o)
                              ./Sources/main.o (__aeabi_uldivmod)
d:/codewarrior/cw mcu v10.7/cross_tools/arm-none-eabi-gcc-4_7_3/bin/../lib/gcc/arm-none-eabi/4.7.3/armv7e-m/fpu\libgcc.a(bpabi.o)
                              d:/codewarrior/cw mcu v10.7/cross_tools/arm-none-eabi-gcc-4_7_3/bin/../lib/gcc/arm-none-eabi/4.7.3/armv7e-m/fpu\libgcc.a(_aeabi_ldivmod.o) (__gnu_ldivmod_helper)
d:/codewarrior/cw mcu v10.7/cross_tools/arm-none-eabi-gcc-4_7_3/bin/../lib/gcc/arm-none-eabi/4.7.3/armv7e-m/fpu\libgcc.a(_dvmd_tls.o)
                              d:/codewarrior/cw mcu v10.7/cross_tools/arm-none-eabi-gcc-4_7_3/bin/../lib/gcc/arm-none-eabi/4.7.3/armv7e-m/fpu\libgcc.a(_aeabi_ldivmod.o) (__aeabi_ldiv0)
d:/codewarrior/cw mcu v10.7/cross_tools/arm-none-eabi-gcc-4_7_3/bin/../lib/gcc/arm-none-eabi/4.7.3/armv7e-m/fpu\libgcc.a(_divdi3.o)
                              d:/codewarrior/cw mcu v10.7/cross_tools/arm-none-eabi-gcc-4_7_3/bin/../lib/gcc/arm-none-eabi/4.7.3/armv7e-m/fpu\libgcc.a(bpabi.o) (__divdi3)
d:/codewarrior/cw mcu v10.7/cross_tools/arm-none-eabi-gcc-4_7_3/bin/../lib/gcc/arm-none-eabi/4.7.3/armv7e-m/fpu\libgcc.a(_udivdi3.o)
                              d:/codewarrior/cw mcu v10.7/cross_tools/arm-none-eabi-gcc-4_7_3/bin/../lib/gcc/arm-none-eabi/4.7.3/armv7e-m/fpu\libgcc.a(bpabi.o) (__udivdi3)
D:/CodeWarrior/CW MCU v10.7/MCU/ARM_GCC_Support/ewl/lib/armv7e-m/fpu\librt.a(gcc_ctor_dtor.o)
                              ./Project_Settings/Startup_Code/__arm_start.o (__init_cpp)
D:/CodeWarrior/CW MCU v10.7/MCU/ARM_GCC_Support/ewl/lib/armv7e-m/fpu\librt.a(__arm_eabi_init.o)
                              D:/CodeWarrior/CW MCU v10.7/MCU/ARM_GCC_Support/ewl/lib/armv7e-m/fpu\libc.a(exit.o) (__destroy_global_chain)
D:/CodeWarrior/CW MCU v10.7/MCU/ARM_GCC_Support/ewl/lib/armv7e-m/fpu\librt.a(ROMCopy.o)
                              ./Project_Settings/Startup_Code/__arm_start.o (__copy_rom_sections_to_ram)

Allocating common symbols
Common symbol       size              file

fhspointer          0x4               ./Sources/main.o

Discarded input sections

 .text          0x00000000        0x0 ./Project_Settings/Startup_Code/kinetis_sysinit.o
 .data          0x00000000        0x0 ./Project_Settings/Startup_Code/kinetis_sysinit.o
 .bss           0x00000000        0x0 ./Project_Settings/Startup_Code/kinetis_sysinit.o
 .text          0x00000000        0x0 ./Project_Settings/Startup_Code/__arm_start.o
 .data          0x00000000        0x0 ./Project_Settings/Startup_Code/__arm_start.o
 .bss           0x00000000        0x0 ./Project_Settings/Startup_Code/__arm_start.o
 .text.__iar_program_start
                0x00000000        0x4 ./Project_Settings/Startup_Code/__arm_start.o
 .text          0x00000000        0x0 ./Project_Settings/Startup_Code/__arm_end.o
 .data          0x00000000        0x0 ./Project_Settings/Startup_Code/__arm_end.o
 .bss           0x00000000        0x0 ./Project_Settings/Startup_Code/__arm_end.o
 .text          0x00000000        0x0 ./Sources/uart.o
 .data          0x00000000        0x0 ./Sources/uart.o
 .bss           0x00000000        0x0 ./Sources/uart.o
 .text          0x00000000        0x0 ./Sources/nrf24.o
 .data          0x00000000        0x0 ./Sources/nrf24.o
 .bss           0x00000000        0x0 ./Sources/nrf24.o
 .text.RF24_ReadRegister
                0x00000000       0x28 ./Sources/nrf24.o
 .text          0x00000000        0x0 ./Sources/main.o
 .data          0x00000000        0x0 ./Sources/main.o
 .bss           0x00000000        0x0 ./Sources/main.o
 .text          0x00000000        0x0 ./Sources/lptmr.o
 .data          0x00000000        0x0 ./Sources/lptmr.o
 .bss           0x00000000        0x0 ./Sources/lptmr.o
 .text          0x00000000        0x0 ./Sources/i2c.o
 .data          0x00000000        0x0 ./Sources/i2c.o
 .bss           0x00000000        0x0 ./Sources/i2c.o
 .text.I2C_ReadRegister
                0x00000000      0x1f4 ./Sources/i2c.o
 .text.I2C_MagDataRead
                0x00000000      0x108 ./Sources/i2c.o
 .bss.mag.5468  0x00000000        0x4 ./Sources/i2c.o
 .text          0x00000000        0x0 D:/CodeWarrior/CW MCU v10.7/MCU/ARM_GCC_Support/ewl/lib/armv7e-m/fpu\libc.a(exit.o)
 .data          0x00000000        0x0 D:/CodeWarrior/CW MCU v10.7/MCU/ARM_GCC_Support/ewl/lib/armv7e-m/fpu\libc.a(exit.o)
 .bss           0x00000000        0x0 D:/CodeWarrior/CW MCU v10.7/MCU/ARM_GCC_Support/ewl/lib/armv7e-m/fpu\libc.a(exit.o)
 .text          0x00000000        0x0 D:/CodeWarrior/CW MCU v10.7/MCU/ARM_GCC_Support/ewl/lib/armv7e-m/fpu\libc.a(memset.o)
 .data          0x00000000        0x0 D:/CodeWarrior/CW MCU v10.7/MCU/ARM_GCC_Support/ewl/lib/armv7e-m/fpu\libc.a(memset.o)
 .bss           0x00000000        0x0 D:/CodeWarrior/CW MCU v10.7/MCU/ARM_GCC_Support/ewl/lib/armv7e-m/fpu\libc.a(memset.o)
 .text          0x00000000        0x0 D:/CodeWarrior/CW MCU v10.7/MCU/ARM_GCC_Support/ewl/lib/armv7e-m/fpu\libc.a(__filll_mem.o)
 .data          0x00000000        0x0 D:/CodeWarrior/CW MCU v10.7/MCU/ARM_GCC_Support/ewl/lib/armv7e-m/fpu\libc.a(__filll_mem.o)
 .bss           0x00000000        0x0 D:/CodeWarrior/CW MCU v10.7/MCU/ARM_GCC_Support/ewl/lib/armv7e-m/fpu\libc.a(__filll_mem.o)
 .text          0x00000000        0x0 D:/CodeWarrior/CW MCU v10.7/MCU/ARM_GCC_Support/ewl/lib/armv7e-m/fpu\libc.a(printformat_.o)
 .data          0x00000000        0x0 D:/CodeWarrior/CW MCU v10.7/MCU/ARM_GCC_Support/ewl/lib/armv7e-m/fpu\libc.a(printformat_.o)
 .bss           0x00000000        0x0 D:/CodeWarrior/CW MCU v10.7/MCU/ARM_GCC_Support/ewl/lib/armv7e-m/fpu\libc.a(printformat_.o)
 .text          0x00000000        0x0 D:/CodeWarrior/CW MCU v10.7/MCU/ARM_GCC_Support/ewl/lib/armv7e-m/fpu\libc.a(scanformat_.o)
 .data          0x00000000        0x0 D:/CodeWarrior/CW MCU v10.7/MCU/ARM_GCC_Support/ewl/lib/armv7e-m/fpu\libc.a(scanformat_.o)
 .bss           0x00000000        0x0 D:/CodeWarrior/CW MCU v10.7/MCU/ARM_GCC_Support/ewl/lib/armv7e-m/fpu\libc.a(scanformat_.o)
 .text          0x00000000        0x0 D:/CodeWarrior/CW MCU v10.7/MCU/ARM_GCC_Support/ewl/lib/armv7e-m/fpu\libc.a(ctype_aeabi.o)
 .data          0x00000000        0x0 D:/CodeWarrior/CW MCU v10.7/MCU/ARM_GCC_Support/ewl/lib/armv7e-m/fpu\libc.a(ctype_aeabi.o)
 .bss           0x00000000        0x0 D:/CodeWarrior/CW MCU v10.7/MCU/ARM_GCC_Support/ewl/lib/armv7e-m/fpu\libc.a(ctype_aeabi.o)
 .text.isalnum  0x00000000       0x18 D:/CodeWarrior/CW MCU v10.7/MCU/ARM_GCC_Support/ewl/lib/armv7e-m/fpu\libc.a(ctype_aeabi.o)
 .text.iscntrl  0x00000000       0x1c D:/CodeWarrior/CW MCU v10.7/MCU/ARM_GCC_Support/ewl/lib/armv7e-m/fpu\libc.a(ctype_aeabi.o)
 .text.isdigit  0x00000000        0xc D:/CodeWarrior/CW MCU v10.7/MCU/ARM_GCC_Support/ewl/lib/armv7e-m/fpu\libc.a(ctype_aeabi.o)
 .text.isgraph  0x00000000       0x18 D:/CodeWarrior/CW MCU v10.7/MCU/ARM_GCC_Support/ewl/lib/armv7e-m/fpu\libc.a(ctype_aeabi.o)
 .text.islower  0x00000000       0x1c D:/CodeWarrior/CW MCU v10.7/MCU/ARM_GCC_Support/ewl/lib/armv7e-m/fpu\libc.a(ctype_aeabi.o)
 .text.isprint  0x00000000       0x18 D:/CodeWarrior/CW MCU v10.7/MCU/ARM_GCC_Support/ewl/lib/armv7e-m/fpu\libc.a(ctype_aeabi.o)
 .text.ispunct  0x00000000       0x1c D:/CodeWarrior/CW MCU v10.7/MCU/ARM_GCC_Support/ewl/lib/armv7e-m/fpu\libc.a(ctype_aeabi.o)
 .text.isupper  0x00000000       0x1c D:/CodeWarrior/CW MCU v10.7/MCU/ARM_GCC_Support/ewl/lib/armv7e-m/fpu\libc.a(ctype_aeabi.o)
 .text.isxdigit
                0x00000000       0x1c D:/CodeWarrior/CW MCU v10.7/MCU/ARM_GCC_Support/ewl/lib/armv7e-m/fpu\libc.a(ctype_aeabi.o)
 .text.isblank  0x00000000       0x28 D:/CodeWarrior/CW MCU v10.7/MCU/ARM_GCC_Support/ewl/lib/armv7e-m/fpu\libc.a(ctype_aeabi.o)
 .text.tolower  0x00000000        0xc D:/CodeWarrior/CW MCU v10.7/MCU/ARM_GCC_Support/ewl/lib/armv7e-m/fpu\libc.a(ctype_aeabi.o)
 .text          0x00000000        0x0 D:/CodeWarrior/CW MCU v10.7/MCU/ARM_GCC_Support/ewl/lib/armv7e-m/fpu\libc.a(__strtoul.o)
 .data          0x00000000        0x0 D:/CodeWarrior/CW MCU v10.7/MCU/ARM_GCC_Support/ewl/lib/armv7e-m/fpu\libc.a(__strtoul.o)
 .bss           0x00000000        0x0 D:/CodeWarrior/CW MCU v10.7/MCU/ARM_GCC_Support/ewl/lib/armv7e-m/fpu\libc.a(__strtoul.o)
 .text          0x00000000        0x0 D:/CodeWarrior/CW MCU v10.7/MCU/ARM_GCC_Support/ewl/lib/armv7e-m/fpu\libc.a(strchr.o)
 .data          0x00000000        0x0 D:/CodeWarrior/CW MCU v10.7/MCU/ARM_GCC_Support/ewl/lib/armv7e-m/fpu\libc.a(strchr.o)
 .bss           0x00000000        0x0 D:/CodeWarrior/CW MCU v10.7/MCU/ARM_GCC_Support/ewl/lib/armv7e-m/fpu\libc.a(strchr.o)
 .text          0x00000000        0x0 D:/CodeWarrior/CW MCU v10.7/MCU/ARM_GCC_Support/ewl/lib/armv7e-m/fpu\libc.a(strlen.o)
 .data          0x00000000        0x0 D:/CodeWarrior/CW MCU v10.7/MCU/ARM_GCC_Support/ewl/lib/armv7e-m/fpu\libc.a(strlen.o)
 .bss           0x00000000        0x0 D:/CodeWarrior/CW MCU v10.7/MCU/ARM_GCC_Support/ewl/lib/armv7e-m/fpu\libc.a(strlen.o)
 .text          0x00000000        0x0 D:/CodeWarrior/CW MCU v10.7/MCU/ARM_GCC_Support/ewl/lib/armv7e-m/fpu\libc.a(memchr.o)
 .data          0x00000000        0x0 D:/CodeWarrior/CW MCU v10.7/MCU/ARM_GCC_Support/ewl/lib/armv7e-m/fpu\libc.a(memchr.o)
 .bss           0x00000000        0x0 D:/CodeWarrior/CW MCU v10.7/MCU/ARM_GCC_Support/ewl/lib/armv7e-m/fpu\libc.a(memchr.o)
 .data          0x00000000        0x0 d:/codewarrior/cw mcu v10.7/cross_tools/arm-none-eabi-gcc-4_7_3/bin/../lib/gcc/arm-none-eabi/4.7.3/armv7e-m/fpu\libgcc.a(_aeabi_ldivmod.o)
 .bss           0x00000000        0x0 d:/codewarrior/cw mcu v10.7/cross_tools/arm-none-eabi-gcc-4_7_3/bin/../lib/gcc/arm-none-eabi/4.7.3/armv7e-m/fpu\libgcc.a(_aeabi_ldivmod.o)
 .data          0x00000000        0x0 d:/codewarrior/cw mcu v10.7/cross_tools/arm-none-eabi-gcc-4_7_3/bin/../lib/gcc/arm-none-eabi/4.7.3/armv7e-m/fpu\libgcc.a(_aeabi_uldivmod.o)
 .bss           0x00000000        0x0 d:/codewarrior/cw mcu v10.7/cross_tools/arm-none-eabi-gcc-4_7_3/bin/../lib/gcc/arm-none-eabi/4.7.3/armv7e-m/fpu\libgcc.a(_aeabi_uldivmod.o)
 .data          0x00000000        0x0 d:/codewarrior/cw mcu v10.7/cross_tools/arm-none-eabi-gcc-4_7_3/bin/../lib/gcc/arm-none-eabi/4.7.3/armv7e-m/fpu\libgcc.a(bpabi.o)
 .bss           0x00000000        0x0 d:/codewarrior/cw mcu v10.7/cross_tools/arm-none-eabi-gcc-4_7_3/bin/../lib/gcc/arm-none-eabi/4.7.3/armv7e-m/fpu\libgcc.a(bpabi.o)
 .data          0x00000000        0x0 d:/codewarrior/cw mcu v10.7/cross_tools/arm-none-eabi-gcc-4_7_3/bin/../lib/gcc/arm-none-eabi/4.7.3/armv7e-m/fpu\libgcc.a(_dvmd_tls.o)
 .bss           0x00000000        0x0 d:/codewarrior/cw mcu v10.7/cross_tools/arm-none-eabi-gcc-4_7_3/bin/../lib/gcc/arm-none-eabi/4.7.3/armv7e-m/fpu\libgcc.a(_dvmd_tls.o)
 .data          0x00000000        0x0 d:/codewarrior/cw mcu v10.7/cross_tools/arm-none-eabi-gcc-4_7_3/bin/../lib/gcc/arm-none-eabi/4.7.3/armv7e-m/fpu\libgcc.a(_divdi3.o)
 .bss           0x00000000        0x0 d:/codewarrior/cw mcu v10.7/cross_tools/arm-none-eabi-gcc-4_7_3/bin/../lib/gcc/arm-none-eabi/4.7.3/armv7e-m/fpu\libgcc.a(_divdi3.o)
 .ARM.extab     0x00000000        0x0 d:/codewarrior/cw mcu v10.7/cross_tools/arm-none-eabi-gcc-4_7_3/bin/../lib/gcc/arm-none-eabi/4.7.3/armv7e-m/fpu\libgcc.a(_divdi3.o)
 .data          0x00000000        0x0 d:/codewarrior/cw mcu v10.7/cross_tools/arm-none-eabi-gcc-4_7_3/bin/../lib/gcc/arm-none-eabi/4.7.3/armv7e-m/fpu\libgcc.a(_udivdi3.o)
 .bss           0x00000000        0x0 d:/codewarrior/cw mcu v10.7/cross_tools/arm-none-eabi-gcc-4_7_3/bin/../lib/gcc/arm-none-eabi/4.7.3/armv7e-m/fpu\libgcc.a(_udivdi3.o)
 .ARM.extab     0x00000000        0x0 d:/codewarrior/cw mcu v10.7/cross_tools/arm-none-eabi-gcc-4_7_3/bin/../lib/gcc/arm-none-eabi/4.7.3/armv7e-m/fpu\libgcc.a(_udivdi3.o)
 .text          0x00000000        0x0 D:/CodeWarrior/CW MCU v10.7/MCU/ARM_GCC_Support/ewl/lib/armv7e-m/fpu\librt.a(gcc_ctor_dtor.o)
 .data          0x00000000        0x0 D:/CodeWarrior/CW MCU v10.7/MCU/ARM_GCC_Support/ewl/lib/armv7e-m/fpu\librt.a(gcc_ctor_dtor.o)
 .bss           0x00000000        0x0 D:/CodeWarrior/CW MCU v10.7/MCU/ARM_GCC_Support/ewl/lib/armv7e-m/fpu\librt.a(gcc_ctor_dtor.o)
 .bss.__dso_handle
                0x00000000        0x4 D:/CodeWarrior/CW MCU v10.7/MCU/ARM_GCC_Support/ewl/lib/armv7e-m/fpu\librt.a(gcc_ctor_dtor.o)
 .text          0x00000000        0x0 D:/CodeWarrior/CW MCU v10.7/MCU/ARM_GCC_Support/ewl/lib/armv7e-m/fpu\librt.a(__arm_eabi_init.o)
 .data          0x00000000        0x0 D:/CodeWarrior/CW MCU v10.7/MCU/ARM_GCC_Support/ewl/lib/armv7e-m/fpu\librt.a(__arm_eabi_init.o)
 .bss           0x00000000        0x0 D:/CodeWarrior/CW MCU v10.7/MCU/ARM_GCC_Support/ewl/lib/armv7e-m/fpu\librt.a(__arm_eabi_init.o)
 .text.__register_global_object
                0x00000000       0x14 D:/CodeWarrior/CW MCU v10.7/MCU/ARM_GCC_Support/ewl/lib/armv7e-m/fpu\librt.a(__arm_eabi_init.o)
 .text.__cxa_atexit
                0x00000000       0x38 D:/CodeWarrior/CW MCU v10.7/MCU/ARM_GCC_Support/ewl/lib/armv7e-m/fpu\librt.a(__arm_eabi_init.o)
 .text.__aeabi_atexit
                0x00000000        0xa D:/CodeWarrior/CW MCU v10.7/MCU/ARM_GCC_Support/ewl/lib/armv7e-m/fpu\librt.a(__arm_eabi_init.o)
 .text.__register_atexit
                0x00000000        0x8 D:/CodeWarrior/CW MCU v10.7/MCU/ARM_GCC_Support/ewl/lib/armv7e-m/fpu\librt.a(__arm_eabi_init.o)
 .text.__init_hardware
                0x00000000        0x4 D:/CodeWarrior/CW MCU v10.7/MCU/ARM_GCC_Support/ewl/lib/armv7e-m/fpu\librt.a(__arm_eabi_init.o)
 .bss.atexit_curr_func
                0x00000000        0x4 D:/CodeWarrior/CW MCU v10.7/MCU/ARM_GCC_Support/ewl/lib/armv7e-m/fpu\librt.a(__arm_eabi_init.o)
 .bss.atexit_funcs
                0x00000000      0x300 D:/CodeWarrior/CW MCU v10.7/MCU/ARM_GCC_Support/ewl/lib/armv7e-m/fpu\librt.a(__arm_eabi_init.o)
 .text          0x00000000        0x0 D:/CodeWarrior/CW MCU v10.7/MCU/ARM_GCC_Support/ewl/lib/armv7e-m/fpu\librt.a(ROMCopy.o)
 .data          0x00000000        0x0 D:/CodeWarrior/CW MCU v10.7/MCU/ARM_GCC_Support/ewl/lib/armv7e-m/fpu\librt.a(ROMCopy.o)
 .bss           0x00000000        0x0 D:/CodeWarrior/CW MCU v10.7/MCU/ARM_GCC_Support/ewl/lib/armv7e-m/fpu\librt.a(ROMCopy.o)
 .text.__flush_cache
                0x00000000        0x2 D:/CodeWarrior/CW MCU v10.7/MCU/ARM_GCC_Support/ewl/lib/armv7e-m/fpu\librt.a(ROMCopy.o)

Memory Configuration

Name             Origin             Length             Attributes
m_interrupts     0x1fff0000         0x00000198         xr
m_text           0x1fff0198         0x0000fe68         xr
m_data           0x20000000         0x00030000         rw
*default*        0x00000000         0xffffffff

Linker script and memory map

LOAD ./Project_Settings/Startup_Code/kinetis_sysinit.o
LOAD ./Project_Settings/Startup_Code/__arm_start.o
LOAD ./Project_Settings/Startup_Code/__arm_end.o
LOAD ./Sources/uart.o
LOAD ./Sources/nrf24.o
LOAD ./Sources/main.o
LOAD ./Sources/lptmr.o
LOAD ./Sources/i2c.o
                0x1fff2cfc                __pformatter = __pformatter_
                [0x1fff30f4]                __sformatter = __sformatter
START GROUP
LOAD D:/CodeWarrior/CW MCU v10.7/MCU/ARM_GCC_Support/ewl/lib/armv7e-m/fpu\libc.a
LOAD D:/CodeWarrior/CW MCU v10.7/MCU/ARM_GCC_Support/ewl/lib/armv7e-m/fpu\libm.a
LOAD d:/codewarrior/cw mcu v10.7/cross_tools/arm-none-eabi-gcc-4_7_3/bin/../lib/gcc/arm-none-eabi/4.7.3/armv7e-m/fpu\libgcc.a
LOAD D:/CodeWarrior/CW MCU v10.7/MCU/ARM_GCC_Support/ewl/lib/armv7e-m/fpu\librt.a
LOAD D:/CodeWarrior/CW MCU v10.7/MCU/ARM_GCC_Support/ewl/lib/armv7e-m/fpu\libuart.a
END GROUP
                0x20030000                _estack = 0x20030000
                0x20030000                __SP_INIT = _estack
                0x00000800                __heap_size = 0x800
                0x00000800                __stack_size = 0x800

.interrupts     0x1fff0000      0x198
                0x1fff0000                __vector_table = .
                0x1fff0000                . = ALIGN (0x4)
 *(.vectortable)
 .vectortable   0x1fff0000      0x198 ./Project_Settings/Startup_Code/kinetis_sysinit.o
                0x1fff0000                InterruptVector
                0x1fff0198                . = ALIGN (0x4)

.text           0x1fff0198     0x3b48
                0x1fff0198                . = ALIGN (0x4)
 *(.text)
 .text          0x1fff0198       0x38 d:/codewarrior/cw mcu v10.7/cross_tools/arm-none-eabi-gcc-4_7_3/bin/../lib/gcc/arm-none-eabi/4.7.3/armv7e-m/fpu\libgcc.a(_aeabi_ldivmod.o)
                0x1fff0198                __aeabi_ldivmod
 .text          0x1fff01d0       0x2c d:/codewarrior/cw mcu v10.7/cross_tools/arm-none-eabi-gcc-4_7_3/bin/../lib/gcc/arm-none-eabi/4.7.3/armv7e-m/fpu\libgcc.a(_aeabi_uldivmod.o)
                0x1fff01d0                __aeabi_uldivmod
 .text          0x1fff01fc       0x58 d:/codewarrior/cw mcu v10.7/cross_tools/arm-none-eabi-gcc-4_7_3/bin/../lib/gcc/arm-none-eabi/4.7.3/armv7e-m/fpu\libgcc.a(bpabi.o)
                0x1fff01fc                __gnu_ldivmod_helper
                0x1fff0228                __gnu_uldivmod_helper
 .text          0x1fff0254        0x4 d:/codewarrior/cw mcu v10.7/cross_tools/arm-none-eabi-gcc-4_7_3/bin/../lib/gcc/arm-none-eabi/4.7.3/armv7e-m/fpu\libgcc.a(_dvmd_tls.o)
                0x1fff0254                __aeabi_idiv0
                0x1fff0254                __aeabi_ldiv0
 .text          0x1fff0258      0x2bc d:/codewarrior/cw mcu v10.7/cross_tools/arm-none-eabi-gcc-4_7_3/bin/../lib/gcc/arm-none-eabi/4.7.3/armv7e-m/fpu\libgcc.a(_divdi3.o)
                0x1fff0258                __divdi3
 .text          0x1fff0514      0x288 d:/codewarrior/cw mcu v10.7/cross_tools/arm-none-eabi-gcc-4_7_3/bin/../lib/gcc/arm-none-eabi/4.7.3/armv7e-m/fpu\libgcc.a(_udivdi3.o)
                0x1fff0514                __udivdi3
 *(.text*)
 .text.Default_Handler
                0x1fff079c        0xc ./Project_Settings/Startup_Code/kinetis_sysinit.o
                0x1fff079c                RTC_Alarm_IRQHandler
                0x1fff079c                CAN0_Rx_Warning_IRQHandler
                0x1fff079c                CAN0_Err_IRQHandler
                0x1fff079c                I2C0_IRQHandler
                0x1fff079c                HardFault_Handler
                0x1fff079c                PDB_IRQHandler
                0x1fff079c                SysTick_Handler
                0x1fff079c                PendSV_Handler
                0x1fff079c                NMI_Handler
                0x1fff079c                I2C1_IRQHandler
                0x1fff079c                UART3_Status_IRQHandler
                0x1fff079c                DMA2_IRQHandler
                0x1fff079c                PIT0_IRQHandler
                0x1fff079c                Watchdog_IRQHandler
                0x1fff079c                Bus_Fault_Handler
                0x1fff079c                CMP2_IRQHandler
                0x1fff079c                SWI_IRQHandler
                0x1fff079c                ADC0_IRQHandler
                0x1fff079c                ENET_MAC_Transmit_IRQHandler
                0x1fff079c                I2S0_Tx_IRQHandler
                0x1fff079c                CMT_IRQHandler
                0x1fff079c                SPI1_IRQHandler
                0x1fff079c                DMA9_IRQHandler
                0x1fff079c                DMA14_IRQHandler
                0x1fff079c                CMP1_IRQHandler
                0x1fff079c                PORTD_IRQHandler
                0x1fff079c                PORTB_IRQHandler
                0x1fff079c                UART4_ERR_IRQHandler
                0x1fff079c                ADC1_IRQHandler
                0x1fff079c                I2C2_IRQHandler
                0x1fff079c                PIT2_IRQHandler
                0x1fff079c                I2S0_Rx_IRQHandler
                0x1fff079c                DMA5_IRQHandler
                0x1fff079c                FTM1_IRQHandler
                0x1fff079c                UART3_ERR_IRQHandler
                0x1fff079c                PIT3_IRQHandler
                0x1fff079c                SDHC_IRQHandler
                0x1fff079c                RTC_Seconds_IRQHandler
                0x1fff079c                MCG_IRQHandler
                0x1fff079c                ENET_MAC_Timer_IRQHandler
                0x1fff079c                UART2_ERR_IRQHandler
                0x1fff079c                DMA11_IRQHandler
                0x1fff079c                Tamper_Drylce_IRQHandler
                0x1fff079c                USB_OTG_IRQHandler
                0x1fff079c                Read_Collision_IRQHandler
                0x1fff079c                Default_Handler
                0x1fff079c                UART4_Status_IRQHandler
                0x1fff079c                DMA7_IRQHandler
                0x1fff079c                LLW_IRQHandler
                0x1fff079c                SPI2_IRQHandler
                0x1fff079c                USB_Charger_Detect_IRQHandler
                0x1fff079c                SVC_Handler
                0x1fff079c                Usage_Fault_Handler
                0x1fff079c                DMA13_IRQHandler
                0x1fff079c                DMA3_IRQHandler
                0x1fff079c                UART0_LON_IRQHandler
                0x1fff079c                RNG_IRQHandler
                0x1fff079c                DMA0_IRQHandler
                0x1fff079c                DMA15_IRQHandler
                0x1fff079c                DAC0_IRQHandler
                0x1fff079c                ENET_MAC_Error_IRQHandler
                0x1fff079c                DMA4_IRQHandler
                0x1fff079c                PIT1_IRQHandler
                0x1fff079c                UART0_ERR_IRQHandler
                0x1fff079c                DMA_Error_IRQHandler
                0x1fff079c                LVD_LVW_IRQHandler
                0x1fff079c                SPI0_IRQHandler
                0x1fff079c                CAN0_Tx_WarningIRQHandler
                0x1fff079c                FTM0_IRQHandler
                0x1fff079c                PORTA_IRQHandler
                0x1fff079c                DAC1_IRQHandler
                0x1fff079c                MCM_IRQHandler
                0x1fff079c                DMA12_IRQHandler
                0x1fff079c                Mem_Manage_Fault_Handler
                0x1fff079c                FTFL_IRQHandler
                0x1fff079c                CAN0_Bus_Off_IRQHandler
                0x1fff079c                FTM3_IRQHandler
                0x1fff079c                PORTE_IRQHandler
                0x1fff079c                CAN0_Message_buffer_IRQHandler
                0x1fff079c                FTM2_IRQHandler
                0x1fff079c                DMA8_IRQHandler
                0x1fff079c                DMA10_IRQHandler
                0x1fff079c                CAN0_Wake_Up_IRQHandler
                0x1fff079c                DebugMonitor_Handler
                0x1fff079c                UART1_ERR_IRQHandler
                0x1fff079c                CMP0_IRQHandler
                0x1fff079c                ENET_MAC_Receive_IRQHandler
                0x1fff079c                DMA6_IRQHandler
                0x1fff079c                UART2_Status_IRQHandler
                0x1fff079c                DMA1_IRQHandler
 .text.__init_hardware
                0x1fff07a8       0x44 ./Project_Settings/Startup_Code/kinetis_sysinit.o
                0x1fff07a8                __init_hardware
 .text.zero_fill_bss
                0x1fff07ec       0x2c ./Project_Settings/Startup_Code/__arm_start.o
 .text.__thumb_startup
                0x1fff0818       0x34 ./Project_Settings/Startup_Code/__arm_start.o
                0x1fff0818                __thumb_startup
 .text._ExitProcess
                0x1fff084c        0xc ./Project_Settings/Startup_Code/__arm_end.o
                0x1fff084c                _ExitProcess
 .text.UART0_init
                0x1fff0858       0xd4 ./Sources/uart.o
                0x1fff0858                UART0_init
 .text.UART1_init
                0x1fff092c       0xf0 ./Sources/uart.o
                0x1fff092c                UART1_init
 .text.UART_GpsDataProcessing
                0x1fff0a1c      0x17c ./Sources/uart.o
                0x1fff0a1c                UART_GpsDataProcessing
 .text.UART0_senddata
                0x1fff0b98      0x334 ./Sources/uart.o
                0x1fff0b98                UART0_senddata
 .text.fuga     0x1fff0ecc      0x36c ./Sources/uart.o
                0x1fff0ecc                fuga
 .text.pendiente
                0x1fff1238       0xac ./Sources/uart.o
                0x1fff1238                pendiente
 .text.gpsparser
                0x1fff12e4      0x600 ./Sources/uart.o
                0x1fff12e4                gpsparser
 .text.gradosadecimal
                0x1fff18e4       0x80 ./Sources/uart.o
                0x1fff18e4                gradosadecimal
 .text.SPI1_Init
                0x1fff1964      0x208 ./Sources/nrf24.o
                0x1fff1964                SPI1_Init
 .text.RF_INITtx
                0x1fff1b6c      0x1a0 ./Sources/nrf24.o
                0x1fff1b6c                RF_INITtx
 .text.RF24_WriteRegister
                0x1fff1d0c       0x28 ./Sources/nrf24.o
                0x1fff1d0c                RF24_WriteRegister
 .text.SPI_SendByte
                0x1fff1d34       0xe4 ./Sources/nrf24.o
                0x1fff1d34                SPI_SendByte
 .text.RF24_Status
                0x1fff1e18       0x20 ./Sources/nrf24.o
                0x1fff1e18                RF24_Status
 .text.SPI_ReadWriteByte
                0x1fff1e38      0x130 ./Sources/nrf24.o
                0x1fff1e38                SPI_ReadWriteByte
 .text.Write5RegRf
                0x1fff1f68      0x228 ./Sources/nrf24.o
                0x1fff1f68                Write5RegRf
 .text.RF24send5bytes
                0x1fff2190       0x80 ./Sources/nrf24.o
                0x1fff2190                RF24send5bytes
 .text.apagarbanderaydatoenviado
                0x1fff2210       0xe8 ./Sources/nrf24.o
                0x1fff2210                apagarbanderaydatoenviado
 .text.Pause    0x1fff22f8       0x2c ./Sources/nrf24.o
                0x1fff22f8                Pause
 .text.main     0x1fff2324       0x70 ./Sources/main.o
                0x1fff2324                main
 .text.UART1_Status_IRQHandler
                0x1fff2394       0x64 ./Sources/main.o
                0x1fff2394                UART1_Status_IRQHandler
 .text.UART0_Status_IRQHandler
                0x1fff23f8       0xb4 ./Sources/main.o
                0x1fff23f8                UART0_Status_IRQHandler
 *fill*         0x1fff24ac        0x4 00
 .text.LPTimer_IRQHandler
                0x1fff24b0      0x1b0 ./Sources/main.o
                0x1fff24b0                LPTimer_IRQHandler
 .text.PORTC_IRQHandler
                0x1fff2660       0x90 ./Sources/main.o
                0x1fff2660                PORTC_IRQHandler
 .text.LPTMR_init
                0x1fff26f0       0x80 ./Sources/lptmr.o
                0x1fff26f0                LPTMR_init
 .text.I2C_WriteRegister
                0x1fff2770      0x14c ./Sources/i2c.o
                0x1fff2770                I2C_WriteRegister
 .text.I2C_init
                0x1fff28bc      0x120 ./Sources/i2c.o
                0x1fff28bc                I2C_init
 .text.ACCEL_init
                0x1fff29dc       0xd0 ./Sources/i2c.o
                0x1fff29dc                ACCEL_init
 .text.exit     0x1fff2aac       0x38 D:/CodeWarrior/CW MCU v10.7/MCU/ARM_GCC_Support/ewl/lib/armv7e-m/fpu\libc.a(exit.o)
                0x1fff2aac                exit
 .text.memset   0x1fff2ae4        0xc D:/CodeWarrior/CW MCU v10.7/MCU/ARM_GCC_Support/ewl/lib/armv7e-m/fpu\libc.a(memset.o)
                0x1fff2ae4                memset
 .text.__fill_mem
                0x1fff2af0       0x76 D:/CodeWarrior/CW MCU v10.7/MCU/ARM_GCC_Support/ewl/lib/armv7e-m/fpu\libc.a(__filll_mem.o)
                0x1fff2af0                __fill_mem
 .text.long2str.isra.0
                0x1fff2b66      0x196 D:/CodeWarrior/CW MCU v10.7/MCU/ARM_GCC_Support/ewl/lib/armv7e-m/fpu\libc.a(printformat_.o)
 .text.__pformatter_
                0x1fff2cfc      0x3f8 D:/CodeWarrior/CW MCU v10.7/MCU/ARM_GCC_Support/ewl/lib/armv7e-m/fpu\libc.a(printformat_.o)
                0x1fff2cfc                __pformatter_
 .text.__sformatter
                0x1fff30f4      0x6f4 D:/CodeWarrior/CW MCU v10.7/MCU/ARM_GCC_Support/ewl/lib/armv7e-m/fpu\libc.a(scanformat_.o)
                0x1fff30f4                __sformatter
 .text.isalpha  0x1fff37e8       0x1c D:/CodeWarrior/CW MCU v10.7/MCU/ARM_GCC_Support/ewl/lib/armv7e-m/fpu\libc.a(ctype_aeabi.o)
                0x1fff37e8                isalpha
 .text.isspace  0x1fff3804       0x1c D:/CodeWarrior/CW MCU v10.7/MCU/ARM_GCC_Support/ewl/lib/armv7e-m/fpu\libc.a(ctype_aeabi.o)
                0x1fff3804                isspace
 .text.toupper  0x1fff3820        0xc D:/CodeWarrior/CW MCU v10.7/MCU/ARM_GCC_Support/ewl/lib/armv7e-m/fpu\libc.a(ctype_aeabi.o)
                0x1fff3820                toupper
 .text.__strtoul
                0x1fff382c      0x214 D:/CodeWarrior/CW MCU v10.7/MCU/ARM_GCC_Support/ewl/lib/armv7e-m/fpu\libc.a(__strtoul.o)
                0x1fff382c                __strtoul
 .text.strchr   0x1fff3a40       0x1a D:/CodeWarrior/CW MCU v10.7/MCU/ARM_GCC_Support/ewl/lib/armv7e-m/fpu\libc.a(strchr.o)
                0x1fff3a40                strchr
 .text.strlen   0x1fff3a5a       0x10 D:/CodeWarrior/CW MCU v10.7/MCU/ARM_GCC_Support/ewl/lib/armv7e-m/fpu\libc.a(strlen.o)
                0x1fff3a5a                strlen
 .text.memchr   0x1fff3a6a       0x18 D:/CodeWarrior/CW MCU v10.7/MCU/ARM_GCC_Support/ewl/lib/armv7e-m/fpu\libc.a(memchr.o)
                0x1fff3a6a                memchr
 *fill*         0x1fff3a82        0x2 00
 .text.__init_cpp
                0x1fff3a84       0x4c D:/CodeWarrior/CW MCU v10.7/MCU/ARM_GCC_Support/ewl/lib/armv7e-m/fpu\librt.a(gcc_ctor_dtor.o)
                0x1fff3a84                __init_cpp
 .text.__fini_cpp
                0x1fff3ad0       0x34 D:/CodeWarrior/CW MCU v10.7/MCU/ARM_GCC_Support/ewl/lib/armv7e-m/fpu\librt.a(gcc_ctor_dtor.o)
                0x1fff3ad0                __fini_cpp
 .text.__destroy_global_chain
                0x1fff3b04       0x18 D:/CodeWarrior/CW MCU v10.7/MCU/ARM_GCC_Support/ewl/lib/armv7e-m/fpu\librt.a(__arm_eabi_init.o)
                0x1fff3b04                __destroy_global_chain
 .text.__init_registers
                0x1fff3b1c       0x24 D:/CodeWarrior/CW MCU v10.7/MCU/ARM_GCC_Support/ewl/lib/armv7e-m/fpu\librt.a(__arm_eabi_init.o)
                0x1fff3b1c                __init_registers
 .text.__fp_init
                0x1fff3b40       0x1c D:/CodeWarrior/CW MCU v10.7/MCU/ARM_GCC_Support/ewl/lib/armv7e-m/fpu\librt.a(__arm_eabi_init.o)
                0x1fff3b40                __fp_init
 .text.__init_user
                0x1fff3b5c        0x4 D:/CodeWarrior/CW MCU v10.7/MCU/ARM_GCC_Support/ewl/lib/armv7e-m/fpu\librt.a(__arm_eabi_init.o)
                0x1fff3b5c                __init_user
 .text.__copy_rom_section
                0x1fff3b60       0x44 D:/CodeWarrior/CW MCU v10.7/MCU/ARM_GCC_Support/ewl/lib/armv7e-m/fpu\librt.a(ROMCopy.o)
                0x1fff3b60                __copy_rom_section
 .text.__copy_rom_sections_to_ram
                0x1fff3ba4       0x30 D:/CodeWarrior/CW MCU v10.7/MCU/ARM_GCC_Support/ewl/lib/armv7e-m/fpu\librt.a(ROMCopy.o)
                0x1fff3ba4                __copy_rom_sections_to_ram
 *(.rodata)
 *(.rodata*)
 .rodata.str1.1
                0x1fff3bd4        0x1 D:/CodeWarrior/CW MCU v10.7/MCU/ARM_GCC_Support/ewl/lib/armv7e-m/fpu\libc.a(printformat_.o)
 .rodata.CSWTCH.20
                0x1fff3bd5        0x5 D:/CodeWarrior/CW MCU v10.7/MCU/ARM_GCC_Support/ewl/lib/armv7e-m/fpu\libc.a(printformat_.o)
 .rodata.CSWTCH.21
                0x1fff3bda        0x5 D:/CodeWarrior/CW MCU v10.7/MCU/ARM_GCC_Support/ewl/lib/armv7e-m/fpu\libc.a(printformat_.o)
 .rodata.__aeabi_ctype_table_C
                0x1fff3bdf      0x101 D:/CodeWarrior/CW MCU v10.7/MCU/ARM_GCC_Support/ewl/lib/armv7e-m/fpu\libc.a(ctype_aeabi.o)
                0x1fff3bdf                __aeabi_ctype_table_C
 *(.glue_7)
 .glue_7        0x00000000        0x0 linker stubs
 *(.glue_7t)
 .glue_7t       0x00000000        0x0 linker stubs
 *(.eh_frame)
 *(.init)
 *(.fini)
                0x1fff3ce0                . = ALIGN (0x4)
                0x1fff3ce0                _etext = .

.vfp11_veneer   0x1fff3ce0        0x0
 .vfp11_veneer  0x00000000        0x0 linker stubs

.v4_bx          0x1fff3ce0        0x0
 .v4_bx         0x00000000        0x0 linker stubs

.iplt           0x1fff3ce0        0x0
 .iplt          0x00000000        0x0 ./Project_Settings/Startup_Code/kinetis_sysinit.o

.ARM.extab
 *(.ARM.extab* .gnu.linkonce.armextab.*)

.ARM            0x1fff3ce0        0x8
                0x1fff3ce0                __exidx_start = .
 *(.ARM.exidx*)
 .ARM.exidx     0x1fff3ce0        0x8 d:/codewarrior/cw mcu v10.7/cross_tools/arm-none-eabi-gcc-4_7_3/bin/../lib/gcc/arm-none-eabi/4.7.3/armv7e-m/fpu\libgcc.a(_divdi3.o)
 .ARM.exidx     0x1fff3ce8        0x0 d:/codewarrior/cw mcu v10.7/cross_tools/arm-none-eabi-gcc-4_7_3/bin/../lib/gcc/arm-none-eabi/4.7.3/armv7e-m/fpu\libgcc.a(_udivdi3.o)
                                  0x8 (size before relaxing)
                0x1fff3ce8                __exidx_end = .

.rel.dyn        0x1fff3ce8        0x0
 .rel.iplt      0x00000000        0x0 ./Project_Settings/Startup_Code/kinetis_sysinit.o

.ctors          0x1fff3ce8        0x0
                0x1fff3ce8                __CTOR_LIST__ = .
 *crtbegin.o(.ctors)
 *(EXCLUDE_FILE(*crtend.o) .ctors)
 *(SORT(.ctors.*))
 *(.ctors)
                0x1fff3ce8                __CTOR_END__ = .

.dtors          0x1fff3ce8        0x0
                0x1fff3ce8                __DTOR_LIST__ = .
 *crtbegin.o(.dtors)
 *(EXCLUDE_FILE(*crtend.o) .dtors)
 *(SORT(.dtors.*))
 *(.dtors)
                0x1fff3ce8                __DTOR_END__ = .

.preinit_array  0x1fff3ce8        0x0
                0x1fff3ce8                PROVIDE (__preinit_array_start, .)
 *(.preinit_array*)
                0x1fff3ce8                PROVIDE (__preinit_array_end, .)

.init_array     0x1fff3ce8        0x0
                0x1fff3ce8                PROVIDE (__init_array_start, .)
 *(SORT(.init_array.*))
 *(.init_array*)
                0x1fff3ce8                PROVIDE (__init_array_end, .)

.fini_array     0x1fff3ce8        0x0
                0x1fff3ce8                PROVIDE (__fini_array_start, .)
 *(SORT(.fini_array.*))
 *(.fini_array*)
                0x1fff3ce8                PROVIDE (__fini_array_end, .)

.data           0x20000000       0x1c
                0x20000000                . = ALIGN (0x4)
                0x20000000                _sdata = .
 *(.data)
 *(.data*)
 .data.envio_ASCII.5439
                0x20000000       0x10 ./Sources/uart.o
 .data.CONFIG_INITtx
                0x20000010        0x1 ./Sources/nrf24.o
 .data.EN_AA_INIT
                0x20000011        0x1 ./Sources/nrf24.o
 .data.EN_RXADDR_INIT
                0x20000012        0x1 ./Sources/nrf24.o
 .data.SETUP_RETR_INIT
                0x20000013        0x1 ./Sources/nrf24.o
 .data.RF_SETUP_INIT
                0x20000014        0x1 ./Sources/nrf24.o
 .data.STATUS_INIT
                0x20000015        0x1 ./Sources/nrf24.o
 .data.RX_PW_P0_INIT
                0x20000016        0x1 ./Sources/nrf24.o
 .data._TX_ADDR
                0x20000017        0x1 ./Sources/nrf24.o
 .data._RX_ADDR_P0
                0x20000018        0x1 ./Sources/nrf24.o
                0x2000001c                . = ALIGN (0x4)
 *fill*         0x20000019        0x3 00
                0x2000001c                _edata = .

.igot.plt       0x2000001c        0x0
 .igot.plt      0x00000000        0x0 ./Project_Settings/Startup_Code/kinetis_sysinit.o
                0x2000001c                . = ALIGN (0x4)

.bss            0x20000020       0x70
                0x20000020                __START_BSS = .
                0x20000020                PROVIDE (__bss_start__, __START_BSS)
 *(.bss)
 *(.bss*)
 .bss.argv      0x20000020        0x4 ./Project_Settings/Startup_Code/__arm_start.o
 .bss.datos     0x20000024        0x1 ./Sources/uart.o
 .bss.Flag      0x20000025        0x1 ./Sources/uart.o
 *fill*         0x20000026        0x2 00
 .bss.St_GpsData
                0x20000028       0x10 ./Sources/uart.o
 .bss.f         0x20000038        0x1 ./Sources/uart.o
                0x20000038                f
 .bss.estado.5472
                0x20000039        0x1 ./Sources/uart.o
 *fill*         0x2000003a        0x2 00
 .bss.dato.5470
                0x2000003c        0x4 ./Sources/uart.o
 .bss.hora.5471
                0x20000040        0x2 ./Sources/uart.o
 *fill*         0x20000042        0x2 00
 .bss.fecha.5473
                0x20000044        0x4 ./Sources/uart.o
 .bss.valid.5474
                0x20000048        0x1 ./Sources/uart.o
 .bss.RF_CH_INIT
                0x20000049        0x1 ./Sources/nrf24.o
 .bss.test      0x2000004a        0x1 ./Sources/main.o
                0x2000004a                test
 .bss.eventid   0x2000004b        0x1 ./Sources/main.o
 *fill*         0x2000004c        0x4 00
 .bss.u64AverageLat
                0x20000050        0x8 ./Sources/main.o
 .bss.u64AverageLon
                0x20000058        0x8 ./Sources/main.o
 .bss.latav     0x20000060        0x4 ./Sources/main.o
 .bss.lonav     0x20000064        0x4 ./Sources/main.o
 .bss.estado    0x20000068        0x1 ./Sources/main.o
 *fill*         0x20000069        0x3 00
 .bss.fhs       0x2000006c        0x4 ./Sources/main.o
                0x2000006c                fhs
 .bss.contador  0x20000070        0x4 ./Sources/main.o
                0x20000070                contador
 .bss.__stdio_exit
                0x20000074        0x4 D:/CodeWarrior/CW MCU v10.7/MCU/ARM_GCC_Support/ewl/lib/armv7e-m/fpu\libc.a(exit.o)
                0x20000074                __stdio_exit
 .bss.__console_exit
                0x20000078        0x4 D:/CodeWarrior/CW MCU v10.7/MCU/ARM_GCC_Support/ewl/lib/armv7e-m/fpu\libc.a(exit.o)
                0x20000078                __console_exit
 .bss.__global_destructor_chain
                0x2000007c        0x4 D:/CodeWarrior/CW MCU v10.7/MCU/ARM_GCC_Support/ewl/lib/armv7e-m/fpu\librt.a(__arm_eabi_init.o)
                0x2000007c                __global_destructor_chain
 .bss.__S_romp  0x20000080        0xc D:/CodeWarrior/CW MCU v10.7/MCU/ARM_GCC_Support/ewl/lib/armv7e-m/fpu\librt.a(ROMCopy.o)
 *(COMMON)
 COMMON         0x2000008c        0x4 ./Sources/main.o
                0x2000008c                fhspointer
                0x20000090                . = ALIGN (0x4)
                0x20000090                __END_BSS = .
                0x20000090                PROVIDE (__bss_end__, __END_BSS)

._user_heap_stack
                0x20000090     0x1000
                0x20000090                . = ALIGN (0x4)
                0x20000090                PROVIDE (end, .)
                0x20000090                PROVIDE (_end, .)
                0x20000090                __heap_addr = .
                0x20000890                . = (. + __heap_size)
 *fill*         0x20000090      0x800 00
                0x20001090                . = (. + __stack_size)
 *fill*         0x20000890      0x800 00
                0x20001090                . = ALIGN (0x4)
                0x00000000                __S_romp = 0x0

.ARM.attributes
                0x00000000       0x3b
 *(.ARM.attributes)
 .ARM.attributes
                0x00000000       0x3b ./Project_Settings/Startup_Code/kinetis_sysinit.o
 .ARM.attributes
                0x0000003b       0x3b ./Project_Settings/Startup_Code/__arm_start.o
 .ARM.attributes
                0x00000076       0x3b ./Project_Settings/Startup_Code/__arm_end.o
 .ARM.attributes
                0x000000b1       0x3b ./Sources/uart.o
 .ARM.attributes
                0x000000ec       0x3b ./Sources/nrf24.o
 .ARM.attributes
                0x00000127       0x3b ./Sources/main.o
 .ARM.attributes
                0x00000162       0x3b ./Sources/lptmr.o
 .ARM.attributes
                0x0000019d       0x3b ./Sources/i2c.o
 .ARM.attributes
                0x000001d8       0x3b D:/CodeWarrior/CW MCU v10.7/MCU/ARM_GCC_Support/ewl/lib/armv7e-m/fpu\libc.a(exit.o)
 .ARM.attributes
                0x00000213       0x3b D:/CodeWarrior/CW MCU v10.7/MCU/ARM_GCC_Support/ewl/lib/armv7e-m/fpu\libc.a(memset.o)
 .ARM.attributes
                0x0000024e       0x3b D:/CodeWarrior/CW MCU v10.7/MCU/ARM_GCC_Support/ewl/lib/armv7e-m/fpu\libc.a(__filll_mem.o)
 .ARM.attributes
                0x00000289       0x3b D:/CodeWarrior/CW MCU v10.7/MCU/ARM_GCC_Support/ewl/lib/armv7e-m/fpu\libc.a(printformat_.o)
 .ARM.attributes
                0x000002c4       0x3b D:/CodeWarrior/CW MCU v10.7/MCU/ARM_GCC_Support/ewl/lib/armv7e-m/fpu\libc.a(scanformat_.o)
 .ARM.attributes
                0x000002ff       0x3b D:/CodeWarrior/CW MCU v10.7/MCU/ARM_GCC_Support/ewl/lib/armv7e-m/fpu\libc.a(ctype_aeabi.o)
 .ARM.attributes
                0x0000033a       0x3b D:/CodeWarrior/CW MCU v10.7/MCU/ARM_GCC_Support/ewl/lib/armv7e-m/fpu\libc.a(__strtoul.o)
 .ARM.attributes
                0x00000375       0x3b D:/CodeWarrior/CW MCU v10.7/MCU/ARM_GCC_Support/ewl/lib/armv7e-m/fpu\libc.a(strchr.o)
 .ARM.attributes
                0x000003b0       0x3b D:/CodeWarrior/CW MCU v10.7/MCU/ARM_GCC_Support/ewl/lib/armv7e-m/fpu\libc.a(strlen.o)
 .ARM.attributes
                0x000003eb       0x3b D:/CodeWarrior/CW MCU v10.7/MCU/ARM_GCC_Support/ewl/lib/armv7e-m/fpu\libc.a(memchr.o)
 .ARM.attributes
                0x00000426       0x24 d:/codewarrior/cw mcu v10.7/cross_tools/arm-none-eabi-gcc-4_7_3/bin/../lib/gcc/arm-none-eabi/4.7.3/armv7e-m/fpu\libgcc.a(_aeabi_ldivmod.o)
 .ARM.attributes
                0x0000044a       0x24 d:/codewarrior/cw mcu v10.7/cross_tools/arm-none-eabi-gcc-4_7_3/bin/../lib/gcc/arm-none-eabi/4.7.3/armv7e-m/fpu\libgcc.a(_aeabi_uldivmod.o)
 .ARM.attributes
                0x0000046e       0x36 d:/codewarrior/cw mcu v10.7/cross_tools/arm-none-eabi-gcc-4_7_3/bin/../lib/gcc/arm-none-eabi/4.7.3/armv7e-m/fpu\libgcc.a(bpabi.o)
 .ARM.attributes
                0x000004a4       0x24 d:/codewarrior/cw mcu v10.7/cross_tools/arm-none-eabi-gcc-4_7_3/bin/../lib/gcc/arm-none-eabi/4.7.3/armv7e-m/fpu\libgcc.a(_dvmd_tls.o)
 .ARM.attributes
                0x000004c8       0x36 d:/codewarrior/cw mcu v10.7/cross_tools/arm-none-eabi-gcc-4_7_3/bin/../lib/gcc/arm-none-eabi/4.7.3/armv7e-m/fpu\libgcc.a(_divdi3.o)
 .ARM.attributes
                0x000004fe       0x36 d:/codewarrior/cw mcu v10.7/cross_tools/arm-none-eabi-gcc-4_7_3/bin/../lib/gcc/arm-none-eabi/4.7.3/armv7e-m/fpu\libgcc.a(_udivdi3.o)
 .ARM.attributes
                0x00000534       0x3b D:/CodeWarrior/CW MCU v10.7/MCU/ARM_GCC_Support/ewl/lib/armv7e-m/fpu\librt.a(gcc_ctor_dtor.o)
 .ARM.attributes
                0x0000056f       0x3b D:/CodeWarrior/CW MCU v10.7/MCU/ARM_GCC_Support/ewl/lib/armv7e-m/fpu\librt.a(__arm_eabi_init.o)
 .ARM.attributes
                0x000005aa       0x3b D:/CodeWarrior/CW MCU v10.7/MCU/ARM_GCC_Support/ewl/lib/armv7e-m/fpu\librt.a(ROMCopy.o)
OUTPUT(DispositivoMovil.elf elf32-littlearm)

.debug_info     0x00000000     0x45a5
 .debug_info    0x00000000      0x387 ./Project_Settings/Startup_Code/kinetis_sysinit.o
 .debug_info    0x00000387      0x12a ./Project_Settings/Startup_Code/__arm_start.o
 .debug_info    0x000004b1       0x54 ./Project_Settings/Startup_Code/__arm_end.o
 .debug_info    0x00000505      0xb0f ./Sources/uart.o
 .debug_info    0x00001014      0x9e4 ./Sources/nrf24.o
 .debug_info    0x000019f8      0x595 ./Sources/main.o
 .debug_info    0x00001f8d      0x456 ./Sources/lptmr.o
 .debug_info    0x000023e3      0x6a9 ./Sources/i2c.o
 .debug_info    0x00002a8c       0xe8 D:/CodeWarrior/CW MCU v10.7/MCU/ARM_GCC_Support/ewl/lib/armv7e-m/fpu\libc.a(exit.o)
 .debug_info    0x00002b74       0xec D:/CodeWarrior/CW MCU v10.7/MCU/ARM_GCC_Support/ewl/lib/armv7e-m/fpu\libc.a(memset.o)
 .debug_info    0x00002c60      0x135 D:/CodeWarrior/CW MCU v10.7/MCU/ARM_GCC_Support/ewl/lib/armv7e-m/fpu\libc.a(__filll_mem.o)
 .debug_info    0x00002d95      0x50e D:/CodeWarrior/CW MCU v10.7/MCU/ARM_GCC_Support/ewl/lib/armv7e-m/fpu\libc.a(printformat_.o)
 .debug_info    0x000032a3      0x565 D:/CodeWarrior/CW MCU v10.7/MCU/ARM_GCC_Support/ewl/lib/armv7e-m/fpu\libc.a(scanformat_.o)
 .debug_info    0x00003808      0x306 D:/CodeWarrior/CW MCU v10.7/MCU/ARM_GCC_Support/ewl/lib/armv7e-m/fpu\libc.a(ctype_aeabi.o)
 .debug_info    0x00003b0e      0x1d6 D:/CodeWarrior/CW MCU v10.7/MCU/ARM_GCC_Support/ewl/lib/armv7e-m/fpu\libc.a(__strtoul.o)
 .debug_info    0x00003ce4      0x108 D:/CodeWarrior/CW MCU v10.7/MCU/ARM_GCC_Support/ewl/lib/armv7e-m/fpu\libc.a(strchr.o)
 .debug_info    0x00003dec       0xeb D:/CodeWarrior/CW MCU v10.7/MCU/ARM_GCC_Support/ewl/lib/armv7e-m/fpu\libc.a(strlen.o)
 .debug_info    0x00003ed7      0x120 D:/CodeWarrior/CW MCU v10.7/MCU/ARM_GCC_Support/ewl/lib/armv7e-m/fpu\libc.a(memchr.o)
 .debug_info    0x00003ff7      0x136 D:/CodeWarrior/CW MCU v10.7/MCU/ARM_GCC_Support/ewl/lib/armv7e-m/fpu\librt.a(gcc_ctor_dtor.o)
 .debug_info    0x0000412d      0x2de D:/CodeWarrior/CW MCU v10.7/MCU/ARM_GCC_Support/ewl/lib/armv7e-m/fpu\librt.a(__arm_eabi_init.o)
 .debug_info    0x0000440b      0x19a D:/CodeWarrior/CW MCU v10.7/MCU/ARM_GCC_Support/ewl/lib/armv7e-m/fpu\librt.a(ROMCopy.o)

.debug_abbrev   0x00000000     0x1404
 .debug_abbrev  0x00000000       0xf6 ./Project_Settings/Startup_Code/kinetis_sysinit.o
 .debug_abbrev  0x000000f6       0x92 ./Project_Settings/Startup_Code/__arm_start.o
 .debug_abbrev  0x00000188       0x4c ./Project_Settings/Startup_Code/__arm_end.o
 .debug_abbrev  0x000001d4      0x1b1 ./Sources/uart.o
 .debug_abbrev  0x00000385      0x164 ./Sources/nrf24.o
 .debug_abbrev  0x000004e9      0x14f ./Sources/main.o
 .debug_abbrev  0x00000638       0xcd ./Sources/lptmr.o
 .debug_abbrev  0x00000705      0x122 ./Sources/i2c.o
 .debug_abbrev  0x00000827       0x7a D:/CodeWarrior/CW MCU v10.7/MCU/ARM_GCC_Support/ewl/lib/armv7e-m/fpu\libc.a(exit.o)
 .debug_abbrev  0x000008a1       0x62 D:/CodeWarrior/CW MCU v10.7/MCU/ARM_GCC_Support/ewl/lib/armv7e-m/fpu\libc.a(memset.o)
 .debug_abbrev  0x00000903       0x87 D:/CodeWarrior/CW MCU v10.7/MCU/ARM_GCC_Support/ewl/lib/armv7e-m/fpu\libc.a(__filll_mem.o)
 .debug_abbrev  0x0000098a      0x200 D:/CodeWarrior/CW MCU v10.7/MCU/ARM_GCC_Support/ewl/lib/armv7e-m/fpu\libc.a(printformat_.o)
 .debug_abbrev  0x00000b8a      0x1f0 D:/CodeWarrior/CW MCU v10.7/MCU/ARM_GCC_Support/ewl/lib/armv7e-m/fpu\libc.a(scanformat_.o)
 .debug_abbrev  0x00000d7a       0x85 D:/CodeWarrior/CW MCU v10.7/MCU/ARM_GCC_Support/ewl/lib/armv7e-m/fpu\libc.a(ctype_aeabi.o)
 .debug_abbrev  0x00000dff       0xc2 D:/CodeWarrior/CW MCU v10.7/MCU/ARM_GCC_Support/ewl/lib/armv7e-m/fpu\libc.a(__strtoul.o)
 .debug_abbrev  0x00000ec1       0x89 D:/CodeWarrior/CW MCU v10.7/MCU/ARM_GCC_Support/ewl/lib/armv7e-m/fpu\libc.a(strchr.o)
 .debug_abbrev  0x00000f4a       0x7a D:/CodeWarrior/CW MCU v10.7/MCU/ARM_GCC_Support/ewl/lib/armv7e-m/fpu\libc.a(strlen.o)
 .debug_abbrev  0x00000fc4       0x95 D:/CodeWarrior/CW MCU v10.7/MCU/ARM_GCC_Support/ewl/lib/armv7e-m/fpu\libc.a(memchr.o)
 .debug_abbrev  0x00001059       0x99 D:/CodeWarrior/CW MCU v10.7/MCU/ARM_GCC_Support/ewl/lib/armv7e-m/fpu\librt.a(gcc_ctor_dtor.o)
 .debug_abbrev  0x000010f2      0x1db D:/CodeWarrior/CW MCU v10.7/MCU/ARM_GCC_Support/ewl/lib/armv7e-m/fpu\librt.a(__arm_eabi_init.o)
 .debug_abbrev  0x000012cd      0x137 D:/CodeWarrior/CW MCU v10.7/MCU/ARM_GCC_Support/ewl/lib/armv7e-m/fpu\librt.a(ROMCopy.o)

.debug_loc      0x00000000     0x255a
 .debug_loc     0x00000000       0x58 ./Project_Settings/Startup_Code/kinetis_sysinit.o
 .debug_loc     0x00000058       0x2c ./Project_Settings/Startup_Code/__arm_start.o
 .debug_loc     0x00000084       0x38 ./Project_Settings/Startup_Code/__arm_end.o
 .debug_loc     0x000000bc      0x1aa ./Sources/uart.o
 .debug_loc     0x00000266      0x25c ./Sources/nrf24.o
 .debug_loc     0x000004c2      0x119 ./Sources/main.o
 .debug_loc     0x000005db       0x38 ./Sources/lptmr.o
 .debug_loc     0x00000613      0x100 ./Sources/i2c.o
 .debug_loc     0x00000713       0x3e D:/CodeWarrior/CW MCU v10.7/MCU/ARM_GCC_Support/ewl/lib/armv7e-m/fpu\libc.a(exit.o)
 .debug_loc     0x00000751       0x64 D:/CodeWarrior/CW MCU v10.7/MCU/ARM_GCC_Support/ewl/lib/armv7e-m/fpu\libc.a(memset.o)
 .debug_loc     0x000007b5      0x12c D:/CodeWarrior/CW MCU v10.7/MCU/ARM_GCC_Support/ewl/lib/armv7e-m/fpu\libc.a(__filll_mem.o)
 .debug_loc     0x000008e1      0xbdc D:/CodeWarrior/CW MCU v10.7/MCU/ARM_GCC_Support/ewl/lib/armv7e-m/fpu\libc.a(printformat_.o)
 .debug_loc     0x000014bd      0x8b6 D:/CodeWarrior/CW MCU v10.7/MCU/ARM_GCC_Support/ewl/lib/armv7e-m/fpu\libc.a(scanformat_.o)
 .debug_loc     0x00001d73      0x18e D:/CodeWarrior/CW MCU v10.7/MCU/ARM_GCC_Support/ewl/lib/armv7e-m/fpu\libc.a(ctype_aeabi.o)
 .debug_loc     0x00001f01      0x2bb D:/CodeWarrior/CW MCU v10.7/MCU/ARM_GCC_Support/ewl/lib/armv7e-m/fpu\libc.a(__strtoul.o)
 .debug_loc     0x000021bc       0x7c D:/CodeWarrior/CW MCU v10.7/MCU/ARM_GCC_Support/ewl/lib/armv7e-m/fpu\libc.a(strchr.o)
 .debug_loc     0x00002238       0x26 D:/CodeWarrior/CW MCU v10.7/MCU/ARM_GCC_Support/ewl/lib/armv7e-m/fpu\libc.a(strlen.o)
 .debug_loc     0x0000225e       0x62 D:/CodeWarrior/CW MCU v10.7/MCU/ARM_GCC_Support/ewl/lib/armv7e-m/fpu\libc.a(memchr.o)
 .debug_loc     0x000022c0       0x9d D:/CodeWarrior/CW MCU v10.7/MCU/ARM_GCC_Support/ewl/lib/armv7e-m/fpu\librt.a(gcc_ctor_dtor.o)
 .debug_loc     0x0000235d      0x144 D:/CodeWarrior/CW MCU v10.7/MCU/ARM_GCC_Support/ewl/lib/armv7e-m/fpu\librt.a(__arm_eabi_init.o)
 .debug_loc     0x000024a1       0xb9 D:/CodeWarrior/CW MCU v10.7/MCU/ARM_GCC_Support/ewl/lib/armv7e-m/fpu\librt.a(ROMCopy.o)

.debug_aranges  0x00000000      0x448
 .debug_aranges
                0x00000000       0x28 ./Project_Settings/Startup_Code/kinetis_sysinit.o
 .debug_aranges
                0x00000028       0x30 ./Project_Settings/Startup_Code/__arm_start.o
 .debug_aranges
                0x00000058       0x20 ./Project_Settings/Startup_Code/__arm_end.o
 .debug_aranges
                0x00000078       0x58 ./Sources/uart.o
 .debug_aranges
                0x000000d0       0x70 ./Sources/nrf24.o
 .debug_aranges
                0x00000140       0x40 ./Sources/main.o
 .debug_aranges
                0x00000180       0x20 ./Sources/lptmr.o
 .debug_aranges
                0x000001a0       0x40 ./Sources/i2c.o
 .debug_aranges
                0x000001e0       0x20 D:/CodeWarrior/CW MCU v10.7/MCU/ARM_GCC_Support/ewl/lib/armv7e-m/fpu\libc.a(exit.o)
 .debug_aranges
                0x00000200       0x20 D:/CodeWarrior/CW MCU v10.7/MCU/ARM_GCC_Support/ewl/lib/armv7e-m/fpu\libc.a(memset.o)
 .debug_aranges
                0x00000220       0x20 D:/CodeWarrior/CW MCU v10.7/MCU/ARM_GCC_Support/ewl/lib/armv7e-m/fpu\libc.a(__filll_mem.o)
 .debug_aranges
                0x00000240       0x28 D:/CodeWarrior/CW MCU v10.7/MCU/ARM_GCC_Support/ewl/lib/armv7e-m/fpu\libc.a(printformat_.o)
 .debug_aranges
                0x00000268       0x20 D:/CodeWarrior/CW MCU v10.7/MCU/ARM_GCC_Support/ewl/lib/armv7e-m/fpu\libc.a(scanformat_.o)
 .debug_aranges
                0x00000288       0x88 D:/CodeWarrior/CW MCU v10.7/MCU/ARM_GCC_Support/ewl/lib/armv7e-m/fpu\libc.a(ctype_aeabi.o)
 .debug_aranges
                0x00000310       0x20 D:/CodeWarrior/CW MCU v10.7/MCU/ARM_GCC_Support/ewl/lib/armv7e-m/fpu\libc.a(__strtoul.o)
 .debug_aranges
                0x00000330       0x20 D:/CodeWarrior/CW MCU v10.7/MCU/ARM_GCC_Support/ewl/lib/armv7e-m/fpu\libc.a(strchr.o)
 .debug_aranges
                0x00000350       0x20 D:/CodeWarrior/CW MCU v10.7/MCU/ARM_GCC_Support/ewl/lib/armv7e-m/fpu\libc.a(strlen.o)
 .debug_aranges
                0x00000370       0x20 D:/CodeWarrior/CW MCU v10.7/MCU/ARM_GCC_Support/ewl/lib/armv7e-m/fpu\libc.a(memchr.o)
 .debug_aranges
                0x00000390       0x28 D:/CodeWarrior/CW MCU v10.7/MCU/ARM_GCC_Support/ewl/lib/armv7e-m/fpu\librt.a(gcc_ctor_dtor.o)
 .debug_aranges
                0x000003b8       0x60 D:/CodeWarrior/CW MCU v10.7/MCU/ARM_GCC_Support/ewl/lib/armv7e-m/fpu\librt.a(__arm_eabi_init.o)
 .debug_aranges
                0x00000418       0x30 D:/CodeWarrior/CW MCU v10.7/MCU/ARM_GCC_Support/ewl/lib/armv7e-m/fpu\librt.a(ROMCopy.o)

.debug_macinfo  0x00000000   0x254541
 .debug_macinfo
                0x00000000    0x61d23 ./Project_Settings/Startup_Code/kinetis_sysinit.o
 .debug_macinfo
                0x00061d23     0x3f41 ./Project_Settings/Startup_Code/__arm_start.o
 .debug_macinfo
                0x00065c64     0x352a ./Project_Settings/Startup_Code/__arm_end.o
 .debug_macinfo
                0x0006918e    0x61cde ./Sources/uart.o
 .debug_macinfo
                0x000cae6c    0x624da ./Sources/nrf24.o
 .debug_macinfo
                0x0012d346    0x625ca ./Sources/main.o
 .debug_macinfo
                0x0018f910    0x61cb2 ./Sources/lptmr.o
 .debug_macinfo
                0x001f15c2    0x62f7f ./Sources/i2c.o

.debug_line     0x00000000     0x2283
 .debug_line    0x00000000      0x213 ./Project_Settings/Startup_Code/kinetis_sysinit.o
 .debug_line    0x00000213      0x296 ./Project_Settings/Startup_Code/__arm_start.o
 .debug_line    0x000004a9      0x26d ./Project_Settings/Startup_Code/__arm_end.o
 .debug_line    0x00000716      0x367 ./Sources/uart.o
 .debug_line    0x00000a7d      0x323 ./Sources/nrf24.o
 .debug_line    0x00000da0      0x265 ./Sources/main.o
 .debug_line    0x00001005      0x1da ./Sources/lptmr.o
 .debug_line    0x000011df      0x289 ./Sources/i2c.o
 .debug_line    0x00001468       0x94 D:/CodeWarrior/CW MCU v10.7/MCU/ARM_GCC_Support/ewl/lib/armv7e-m/fpu\libc.a(exit.o)
 .debug_line    0x000014fc       0x8f D:/CodeWarrior/CW MCU v10.7/MCU/ARM_GCC_Support/ewl/lib/armv7e-m/fpu\libc.a(memset.o)
 .debug_line    0x0000158b       0xcd D:/CodeWarrior/CW MCU v10.7/MCU/ARM_GCC_Support/ewl/lib/armv7e-m/fpu\libc.a(__filll_mem.o)
 .debug_line    0x00001658      0x2b4 D:/CodeWarrior/CW MCU v10.7/MCU/ARM_GCC_Support/ewl/lib/armv7e-m/fpu\libc.a(printformat_.o)
 .debug_line    0x0000190c      0x2df D:/CodeWarrior/CW MCU v10.7/MCU/ARM_GCC_Support/ewl/lib/armv7e-m/fpu\libc.a(scanformat_.o)
 .debug_line    0x00001beb      0x1a9 D:/CodeWarrior/CW MCU v10.7/MCU/ARM_GCC_Support/ewl/lib/armv7e-m/fpu\libc.a(ctype_aeabi.o)
 .debug_line    0x00001d94      0x11b D:/CodeWarrior/CW MCU v10.7/MCU/ARM_GCC_Support/ewl/lib/armv7e-m/fpu\libc.a(__strtoul.o)
 .debug_line    0x00001eaf       0x7d D:/CodeWarrior/CW MCU v10.7/MCU/ARM_GCC_Support/ewl/lib/armv7e-m/fpu\libc.a(strchr.o)
 .debug_line    0x00001f2c       0x83 D:/CodeWarrior/CW MCU v10.7/MCU/ARM_GCC_Support/ewl/lib/armv7e-m/fpu\libc.a(strlen.o)
 .debug_line    0x00001faf       0x9f D:/CodeWarrior/CW MCU v10.7/MCU/ARM_GCC_Support/ewl/lib/armv7e-m/fpu\libc.a(memchr.o)
 .debug_line    0x0000204e       0x67 D:/CodeWarrior/CW MCU v10.7/MCU/ARM_GCC_Support/ewl/lib/armv7e-m/fpu\librt.a(gcc_ctor_dtor.o)
 .debug_line    0x000020b5      0x125 D:/CodeWarrior/CW MCU v10.7/MCU/ARM_GCC_Support/ewl/lib/armv7e-m/fpu\librt.a(__arm_eabi_init.o)
 .debug_line    0x000021da       0xa9 D:/CodeWarrior/CW MCU v10.7/MCU/ARM_GCC_Support/ewl/lib/armv7e-m/fpu\librt.a(ROMCopy.o)

.debug_str      0x00000000     0x12bc
 .debug_str     0x00000000      0x265 ./Project_Settings/Startup_Code/kinetis_sysinit.o
                                0x28c (size before relaxing)
 .debug_str     0x00000265       0x85 ./Project_Settings/Startup_Code/__arm_start.o
                                0x18d (size before relaxing)
 .debug_str     0x000002ea       0x41 ./Project_Settings/Startup_Code/__arm_end.o
                                 0xc4 (size before relaxing)
 .debug_str     0x0000032b      0x335 ./Sources/uart.o
                                0x471 (size before relaxing)
 .debug_str     0x00000660      0x24e ./Sources/nrf24.o
                                0x4c3 (size before relaxing)
 .debug_str     0x000008ae       0xba ./Sources/main.o
                                0x2fe (size before relaxing)
 .debug_str     0x00000968       0x25 ./Sources/lptmr.o
                                0x26c (size before relaxing)
 .debug_str     0x0000098d       0xb3 ./Sources/i2c.o
                                0x318 (size before relaxing)
 .debug_str     0x00000a40       0x5a D:/CodeWarrior/CW MCU v10.7/MCU/ARM_GCC_Support/ewl/lib/armv7e-m/fpu\libc.a(exit.o)
                                0x157 (size before relaxing)
 .debug_str     0x00000a9a       0x23 D:/CodeWarrior/CW MCU v10.7/MCU/ARM_GCC_Support/ewl/lib/armv7e-m/fpu\libc.a(memset.o)
                                0x140 (size before relaxing)
 .debug_str     0x00000abd       0x2d D:/CodeWarrior/CW MCU v10.7/MCU/ARM_GCC_Support/ewl/lib/armv7e-m/fpu\libc.a(__filll_mem.o)
                                0x152 (size before relaxing)
 .debug_str     0x00000aea      0x233 D:/CodeWarrior/CW MCU v10.7/MCU/ARM_GCC_Support/ewl/lib/armv7e-m/fpu\libc.a(printformat_.o)
                                0x3b3 (size before relaxing)
 .debug_str     0x00000d1d      0x184 D:/CodeWarrior/CW MCU v10.7/MCU/ARM_GCC_Support/ewl/lib/armv7e-m/fpu\libc.a(scanformat_.o)
                                0x3f9 (size before relaxing)
 .debug_str     0x00000ea1       0x9d D:/CodeWarrior/CW MCU v10.7/MCU/ARM_GCC_Support/ewl/lib/armv7e-m/fpu\libc.a(ctype_aeabi.o)
                                0x1bc (size before relaxing)
 .debug_str     0x00000f3e       0x61 D:/CodeWarrior/CW MCU v10.7/MCU/ARM_GCC_Support/ewl/lib/armv7e-m/fpu\libc.a(__strtoul.o)
                                0x1fb (size before relaxing)
 .debug_str     0x00000f9f       0x1c D:/CodeWarrior/CW MCU v10.7/MCU/ARM_GCC_Support/ewl/lib/armv7e-m/fpu\libc.a(strchr.o)
                                0x137 (size before relaxing)
 .debug_str     0x00000fbb       0x1c D:/CodeWarrior/CW MCU v10.7/MCU/ARM_GCC_Support/ewl/lib/armv7e-m/fpu\libc.a(strlen.o)
                                0x140 (size before relaxing)
 .debug_str     0x00000fd7       0x1c D:/CodeWarrior/CW MCU v10.7/MCU/ARM_GCC_Support/ewl/lib/armv7e-m/fpu\libc.a(memchr.o)
                                0x148 (size before relaxing)
 .debug_str     0x00000ff3      0x126 D:/CodeWarrior/CW MCU v10.7/MCU/ARM_GCC_Support/ewl/lib/armv7e-m/fpu\librt.a(gcc_ctor_dtor.o)
                                0x181 (size before relaxing)
 .debug_str     0x00001119      0x102 D:/CodeWarrior/CW MCU v10.7/MCU/ARM_GCC_Support/ewl/lib/armv7e-m/fpu\librt.a(__arm_eabi_init.o)
                                0x1bf (size before relaxing)
 .debug_str     0x0000121b       0xa1 D:/CodeWarrior/CW MCU v10.7/MCU/ARM_GCC_Support/ewl/lib/armv7e-m/fpu\librt.a(ROMCopy.o)
                                0x13c (size before relaxing)

.comment        0x00000000       0x79
 .comment       0x00000000       0x79 ./Project_Settings/Startup_Code/kinetis_sysinit.o
                                 0x7a (size before relaxing)
 .comment       0x00000000       0x7a ./Project_Settings/Startup_Code/__arm_start.o
 .comment       0x00000000       0x7a ./Project_Settings/Startup_Code/__arm_end.o
 .comment       0x00000000       0x7a ./Sources/uart.o
 .comment       0x00000000       0x7a ./Sources/nrf24.o
 .comment       0x00000000       0x7a ./Sources/main.o
 .comment       0x00000000       0x7a ./Sources/lptmr.o
 .comment       0x00000000       0x7a ./Sources/i2c.o
 .comment       0x00000000       0x7a D:/CodeWarrior/CW MCU v10.7/MCU/ARM_GCC_Support/ewl/lib/armv7e-m/fpu\libc.a(exit.o)
 .comment       0x00000000       0x7a D:/CodeWarrior/CW MCU v10.7/MCU/ARM_GCC_Support/ewl/lib/armv7e-m/fpu\libc.a(memset.o)
 .comment       0x00000000       0x7a D:/CodeWarrior/CW MCU v10.7/MCU/ARM_GCC_Support/ewl/lib/armv7e-m/fpu\libc.a(__filll_mem.o)
 .comment       0x00000000       0x7a D:/CodeWarrior/CW MCU v10.7/MCU/ARM_GCC_Support/ewl/lib/armv7e-m/fpu\libc.a(printformat_.o)
 .comment       0x00000000       0x7a D:/CodeWarrior/CW MCU v10.7/MCU/ARM_GCC_Support/ewl/lib/armv7e-m/fpu\libc.a(scanformat_.o)
 .comment       0x00000000       0x7a D:/CodeWarrior/CW MCU v10.7/MCU/ARM_GCC_Support/ewl/lib/armv7e-m/fpu\libc.a(ctype_aeabi.o)
 .comment       0x00000000       0x7a D:/CodeWarrior/CW MCU v10.7/MCU/ARM_GCC_Support/ewl/lib/armv7e-m/fpu\libc.a(__strtoul.o)
 .comment       0x00000000       0x7a D:/CodeWarrior/CW MCU v10.7/MCU/ARM_GCC_Support/ewl/lib/armv7e-m/fpu\libc.a(strchr.o)
 .comment       0x00000000       0x7a D:/CodeWarrior/CW MCU v10.7/MCU/ARM_GCC_Support/ewl/lib/armv7e-m/fpu\libc.a(strlen.o)
 .comment       0x00000000       0x7a D:/CodeWarrior/CW MCU v10.7/MCU/ARM_GCC_Support/ewl/lib/armv7e-m/fpu\libc.a(memchr.o)
 .comment       0x00000000       0x7a D:/CodeWarrior/CW MCU v10.7/MCU/ARM_GCC_Support/ewl/lib/armv7e-m/fpu\librt.a(gcc_ctor_dtor.o)
 .comment       0x00000000       0x7a D:/CodeWarrior/CW MCU v10.7/MCU/ARM_GCC_Support/ewl/lib/armv7e-m/fpu\librt.a(__arm_eabi_init.o)
 .comment       0x00000000       0x7a D:/CodeWarrior/CW MCU v10.7/MCU/ARM_GCC_Support/ewl/lib/armv7e-m/fpu\librt.a(ROMCopy.o)

.debug_frame    0x00000000      0x940
 .debug_frame   0x00000000       0x40 ./Project_Settings/Startup_Code/kinetis_sysinit.o
 .debug_frame   0x00000040       0x4c ./Project_Settings/Startup_Code/__arm_start.o
 .debug_frame   0x0000008c       0x2c ./Project_Settings/Startup_Code/__arm_end.o
 .debug_frame   0x000000b8       0xf8 ./Sources/uart.o
 .debug_frame   0x000001b0      0x168 ./Sources/nrf24.o
 .debug_frame   0x00000318       0xb4 ./Sources/main.o
 .debug_frame   0x000003cc       0x2c ./Sources/lptmr.o
 .debug_frame   0x000003f8       0xa4 ./Sources/i2c.o
 .debug_frame   0x0000049c       0x28 D:/CodeWarrior/CW MCU v10.7/MCU/ARM_GCC_Support/ewl/lib/armv7e-m/fpu\libc.a(exit.o)
 .debug_frame   0x000004c4       0x28 D:/CodeWarrior/CW MCU v10.7/MCU/ARM_GCC_Support/ewl/lib/armv7e-m/fpu\libc.a(memset.o)
 .debug_frame   0x000004ec       0x2c D:/CodeWarrior/CW MCU v10.7/MCU/ARM_GCC_Support/ewl/lib/armv7e-m/fpu\libc.a(__filll_mem.o)
 .debug_frame   0x00000518       0x64 D:/CodeWarrior/CW MCU v10.7/MCU/ARM_GCC_Support/ewl/lib/armv7e-m/fpu\libc.a(printformat_.o)
 .debug_frame   0x0000057c       0x3c D:/CodeWarrior/CW MCU v10.7/MCU/ARM_GCC_Support/ewl/lib/armv7e-m/fpu\libc.a(scanformat_.o)
 .debug_frame   0x000005b8       0xf0 D:/CodeWarrior/CW MCU v10.7/MCU/ARM_GCC_Support/ewl/lib/armv7e-m/fpu\libc.a(ctype_aeabi.o)
 .debug_frame   0x000006a8       0x3c D:/CodeWarrior/CW MCU v10.7/MCU/ARM_GCC_Support/ewl/lib/armv7e-m/fpu\libc.a(__strtoul.o)
 .debug_frame   0x000006e4       0x20 D:/CodeWarrior/CW MCU v10.7/MCU/ARM_GCC_Support/ewl/lib/armv7e-m/fpu\libc.a(strchr.o)
 .debug_frame   0x00000704       0x20 D:/CodeWarrior/CW MCU v10.7/MCU/ARM_GCC_Support/ewl/lib/armv7e-m/fpu\libc.a(strlen.o)
 .debug_frame   0x00000724       0x20 D:/CodeWarrior/CW MCU v10.7/MCU/ARM_GCC_Support/ewl/lib/armv7e-m/fpu\libc.a(memchr.o)
 .debug_frame   0x00000744       0x50 d:/codewarrior/cw mcu v10.7/cross_tools/arm-none-eabi-gcc-4_7_3/bin/../lib/gcc/arm-none-eabi/4.7.3/armv7e-m/fpu\libgcc.a(bpabi.o)
 .debug_frame   0x00000794       0x34 d:/codewarrior/cw mcu v10.7/cross_tools/arm-none-eabi-gcc-4_7_3/bin/../lib/gcc/arm-none-eabi/4.7.3/armv7e-m/fpu\libgcc.a(_divdi3.o)
 .debug_frame   0x000007c8       0x34 d:/codewarrior/cw mcu v10.7/cross_tools/arm-none-eabi-gcc-4_7_3/bin/../lib/gcc/arm-none-eabi/4.7.3/armv7e-m/fpu\libgcc.a(_udivdi3.o)
 .debug_frame   0x000007fc       0x40 D:/CodeWarrior/CW MCU v10.7/MCU/ARM_GCC_Support/ewl/lib/armv7e-m/fpu\librt.a(gcc_ctor_dtor.o)
 .debug_frame   0x0000083c       0xbc D:/CodeWarrior/CW MCU v10.7/MCU/ARM_GCC_Support/ewl/lib/armv7e-m/fpu\librt.a(__arm_eabi_init.o)
 .debug_frame   0x000008f8       0x48 D:/CodeWarrior/CW MCU v10.7/MCU/ARM_GCC_Support/ewl/lib/armv7e-m/fpu\librt.a(ROMCopy.o)
