Archive member included because of file (symbol)

C:/Freescale/CW MCU v10.7/MCU/ARM_GCC_Support/ewl/lib/armv7e-m/fpu\libc.a(exit.o)
                              ./Project_Settings/Startup_Code/__arm_start.o (exit)
C:/Freescale/CW MCU v10.7/MCU/ARM_GCC_Support/ewl/lib/armv7e-m/fpu\libc.a(memset.o)
                              ./Project_Settings/Startup_Code/__arm_start.o (memset)
C:/Freescale/CW MCU v10.7/MCU/ARM_GCC_Support/ewl/lib/armv7e-m/fpu\libc.a(__filll_mem.o)
                              C:/Freescale/CW MCU v10.7/MCU/ARM_GCC_Support/ewl/lib/armv7e-m/fpu\libc.a(memset.o) (__fill_mem)
C:/Freescale/CW MCU v10.7/MCU/ARM_GCC_Support/ewl/lib/armv7e-m/fpu\libc.a(printformat_.o)
                              (__pformatter_)
C:/Freescale/CW MCU v10.7/MCU/ARM_GCC_Support/ewl/lib/armv7e-m/fpu\libc.a(scanformat_.o)
                              (__sformatter)
C:/Freescale/CW MCU v10.7/MCU/ARM_GCC_Support/ewl/lib/armv7e-m/fpu\libc.a(ctype_aeabi.o)
                              C:/Freescale/CW MCU v10.7/MCU/ARM_GCC_Support/ewl/lib/armv7e-m/fpu\libc.a(scanformat_.o) (isspace)
C:/Freescale/CW MCU v10.7/MCU/ARM_GCC_Support/ewl/lib/armv7e-m/fpu\libc.a(__strtoul.o)
                              C:/Freescale/CW MCU v10.7/MCU/ARM_GCC_Support/ewl/lib/armv7e-m/fpu\libc.a(scanformat_.o) (__strtoul)
C:/Freescale/CW MCU v10.7/MCU/ARM_GCC_Support/ewl/lib/armv7e-m/fpu\libc.a(strchr.o)
                              C:/Freescale/CW MCU v10.7/MCU/ARM_GCC_Support/ewl/lib/armv7e-m/fpu\libc.a(printformat_.o) (strchr)
C:/Freescale/CW MCU v10.7/MCU/ARM_GCC_Support/ewl/lib/armv7e-m/fpu\libc.a(strlen.o)
                              C:/Freescale/CW MCU v10.7/MCU/ARM_GCC_Support/ewl/lib/armv7e-m/fpu\libc.a(printformat_.o) (strlen)
C:/Freescale/CW MCU v10.7/MCU/ARM_GCC_Support/ewl/lib/armv7e-m/fpu\libc.a(memchr.o)
                              C:/Freescale/CW MCU v10.7/MCU/ARM_GCC_Support/ewl/lib/armv7e-m/fpu\libc.a(printformat_.o) (memchr)
c:/freescale/cw mcu v10.7/cross_tools/arm-none-eabi-gcc-4_7_3/bin/../lib/gcc/arm-none-eabi/4.7.3/armv7e-m/fpu\libgcc.a(_aeabi_ldivmod.o)
                              ./Sources/uart.o (__aeabi_ldivmod)
c:/freescale/cw mcu v10.7/cross_tools/arm-none-eabi-gcc-4_7_3/bin/../lib/gcc/arm-none-eabi/4.7.3/armv7e-m/fpu\libgcc.a(bpabi.o)
                              c:/freescale/cw mcu v10.7/cross_tools/arm-none-eabi-gcc-4_7_3/bin/../lib/gcc/arm-none-eabi/4.7.3/armv7e-m/fpu\libgcc.a(_aeabi_ldivmod.o) (__gnu_ldivmod_helper)
c:/freescale/cw mcu v10.7/cross_tools/arm-none-eabi-gcc-4_7_3/bin/../lib/gcc/arm-none-eabi/4.7.3/armv7e-m/fpu\libgcc.a(_dvmd_tls.o)
                              c:/freescale/cw mcu v10.7/cross_tools/arm-none-eabi-gcc-4_7_3/bin/../lib/gcc/arm-none-eabi/4.7.3/armv7e-m/fpu\libgcc.a(_aeabi_ldivmod.o) (__aeabi_ldiv0)
c:/freescale/cw mcu v10.7/cross_tools/arm-none-eabi-gcc-4_7_3/bin/../lib/gcc/arm-none-eabi/4.7.3/armv7e-m/fpu\libgcc.a(_divdi3.o)
                              c:/freescale/cw mcu v10.7/cross_tools/arm-none-eabi-gcc-4_7_3/bin/../lib/gcc/arm-none-eabi/4.7.3/armv7e-m/fpu\libgcc.a(bpabi.o) (__divdi3)
c:/freescale/cw mcu v10.7/cross_tools/arm-none-eabi-gcc-4_7_3/bin/../lib/gcc/arm-none-eabi/4.7.3/armv7e-m/fpu\libgcc.a(_udivdi3.o)
                              c:/freescale/cw mcu v10.7/cross_tools/arm-none-eabi-gcc-4_7_3/bin/../lib/gcc/arm-none-eabi/4.7.3/armv7e-m/fpu\libgcc.a(bpabi.o) (__udivdi3)
C:/Freescale/CW MCU v10.7/MCU/ARM_GCC_Support/ewl/lib/armv7e-m/fpu\librt.a(gcc_ctor_dtor.o)
                              ./Project_Settings/Startup_Code/__arm_start.o (__init_cpp)
C:/Freescale/CW MCU v10.7/MCU/ARM_GCC_Support/ewl/lib/armv7e-m/fpu\librt.a(__arm_eabi_init.o)
                              C:/Freescale/CW MCU v10.7/MCU/ARM_GCC_Support/ewl/lib/armv7e-m/fpu\libc.a(exit.o) (__destroy_global_chain)
C:/Freescale/CW MCU v10.7/MCU/ARM_GCC_Support/ewl/lib/armv7e-m/fpu\librt.a(ROMCopy.o)
                              ./Project_Settings/Startup_Code/__arm_start.o (__copy_rom_sections_to_ram)

Allocating common symbols
Common symbol       size              file

hora                0x2               ./Sources/main.o
fecha               0x4               ./Sources/main.o

Discarded input sections

 .text          0x00000000        0x0 ./Project_Settings/Startup_Code/kinetis_sysinit.o
 .data          0x00000000        0x0 ./Project_Settings/Startup_Code/kinetis_sysinit.o
 .bss           0x00000000        0x0 ./Project_Settings/Startup_Code/kinetis_sysinit.o
 .text          0x00000000        0x0 ./Project_Settings/Startup_Code/__arm_start.o
 .data          0x00000000        0x0 ./Project_Settings/Startup_Code/__arm_start.o
 .bss           0x00000000        0x0 ./Project_Settings/Startup_Code/__arm_start.o
 .text.__iar_program_start
                0x00000000        0x4 ./Project_Settings/Startup_Code/__arm_start.o
 .text          0x00000000        0x0 ./Project_Settings/Startup_Code/__arm_end.o
 .data          0x00000000        0x0 ./Project_Settings/Startup_Code/__arm_end.o
 .bss           0x00000000        0x0 ./Project_Settings/Startup_Code/__arm_end.o
 .text          0x00000000        0x0 ./Sources/uart.o
 .data          0x00000000        0x0 ./Sources/uart.o
 .bss           0x00000000        0x0 ./Sources/uart.o
 .bss.datos     0x00000000        0x1 ./Sources/uart.o
 .bss.Flag      0x00000000        0x1 ./Sources/uart.o
 .bss.St_GpsData
                0x00000000       0x10 ./Sources/uart.o
 .text.UART0_init
                0x00000000       0xd4 ./Sources/uart.o
 .text.UART1_init
                0x00000000       0xf0 ./Sources/uart.o
 .text.UART_GpsDataProcessing
                0x00000000      0x17c ./Sources/uart.o
 .text.UART0_senddata
                0x00000000      0x334 ./Sources/uart.o
 .text.fuga     0x00000000      0x364 ./Sources/uart.o
 .text.pendiente
                0x00000000       0xac ./Sources/uart.o
 .text.gpsparser
                0x00000000      0x600 ./Sources/uart.o
 .text.gradosadecimal
                0x00000000       0x80 ./Sources/uart.o
 .bss.estado.5475
                0x00000000        0x1 ./Sources/uart.o
 .bss.dato.5473
                0x00000000        0x4 ./Sources/uart.o
 .bss.hora.5474
                0x00000000        0x2 ./Sources/uart.o
 .bss.fecha.5476
                0x00000000        0x4 ./Sources/uart.o
 .bss.valid.5477
                0x00000000        0x1 ./Sources/uart.o
 .data.envio_ASCII.5441
                0x00000000       0x10 ./Sources/uart.o
 .text          0x00000000        0x0 ./Sources/pit.o
 .data          0x00000000        0x0 ./Sources/pit.o
 .bss           0x00000000        0x0 ./Sources/pit.o
 .text.pit1_init
                0x00000000       0xa0 ./Sources/pit.o
 .text          0x00000000        0x0 ./Sources/nrf24.o
 .data          0x00000000        0x0 ./Sources/nrf24.o
 .bss           0x00000000        0x0 ./Sources/nrf24.o
 .data.CONFIG_INITtx
                0x00000000        0x1 ./Sources/nrf24.o
 .data.EN_AA_INIT
                0x00000000        0x1 ./Sources/nrf24.o
 .data.SETUP_RETR_INIT
                0x00000000        0x1 ./Sources/nrf24.o
 .text.RF_INITtx
                0x00000000      0x1a0 ./Sources/nrf24.o
 .text.RF24_ReadRegister
                0x00000000       0x28 ./Sources/nrf24.o
 .text          0x00000000        0x0 ./Sources/main.o
 .data          0x00000000        0x0 ./Sources/main.o
 .bss           0x00000000        0x0 ./Sources/main.o
 .data.frecuencia
                0x00000000        0x4 ./Sources/main.o
 .text          0x00000000        0x0 ./Sources/lcd.o
 .data          0x00000000        0x0 ./Sources/lcd.o
 .bss           0x00000000        0x0 ./Sources/lcd.o
 .text.data     0x00000000       0x28 ./Sources/lcd.o
 .text.vnew_Event
                0x00000000       0x80 ./Sources/lcd.o
 .text          0x00000000        0x0 ./Sources/i2c.o
 .data          0x00000000        0x0 ./Sources/i2c.o
 .bss           0x00000000        0x0 ./Sources/i2c.o
 .text          0x00000000        0x0 ./Sources/ftm.o
 .data          0x00000000        0x0 ./Sources/ftm.o
 .bss           0x00000000        0x0 ./Sources/ftm.o
 .text          0x00000000        0x0 C:/Freescale/CW MCU v10.7/MCU/ARM_GCC_Support/ewl/lib/armv7e-m/fpu\libc.a(exit.o)
 .data          0x00000000        0x0 C:/Freescale/CW MCU v10.7/MCU/ARM_GCC_Support/ewl/lib/armv7e-m/fpu\libc.a(exit.o)
 .bss           0x00000000        0x0 C:/Freescale/CW MCU v10.7/MCU/ARM_GCC_Support/ewl/lib/armv7e-m/fpu\libc.a(exit.o)
 .text          0x00000000        0x0 C:/Freescale/CW MCU v10.7/MCU/ARM_GCC_Support/ewl/lib/armv7e-m/fpu\libc.a(memset.o)
 .data          0x00000000        0x0 C:/Freescale/CW MCU v10.7/MCU/ARM_GCC_Support/ewl/lib/armv7e-m/fpu\libc.a(memset.o)
 .bss           0x00000000        0x0 C:/Freescale/CW MCU v10.7/MCU/ARM_GCC_Support/ewl/lib/armv7e-m/fpu\libc.a(memset.o)
 .text          0x00000000        0x0 C:/Freescale/CW MCU v10.7/MCU/ARM_GCC_Support/ewl/lib/armv7e-m/fpu\libc.a(__filll_mem.o)
 .data          0x00000000        0x0 C:/Freescale/CW MCU v10.7/MCU/ARM_GCC_Support/ewl/lib/armv7e-m/fpu\libc.a(__filll_mem.o)
 .bss           0x00000000        0x0 C:/Freescale/CW MCU v10.7/MCU/ARM_GCC_Support/ewl/lib/armv7e-m/fpu\libc.a(__filll_mem.o)
 .text          0x00000000        0x0 C:/Freescale/CW MCU v10.7/MCU/ARM_GCC_Support/ewl/lib/armv7e-m/fpu\libc.a(printformat_.o)
 .data          0x00000000        0x0 C:/Freescale/CW MCU v10.7/MCU/ARM_GCC_Support/ewl/lib/armv7e-m/fpu\libc.a(printformat_.o)
 .bss           0x00000000        0x0 C:/Freescale/CW MCU v10.7/MCU/ARM_GCC_Support/ewl/lib/armv7e-m/fpu\libc.a(printformat_.o)
 .text          0x00000000        0x0 C:/Freescale/CW MCU v10.7/MCU/ARM_GCC_Support/ewl/lib/armv7e-m/fpu\libc.a(scanformat_.o)
 .data          0x00000000        0x0 C:/Freescale/CW MCU v10.7/MCU/ARM_GCC_Support/ewl/lib/armv7e-m/fpu\libc.a(scanformat_.o)
 .bss           0x00000000        0x0 C:/Freescale/CW MCU v10.7/MCU/ARM_GCC_Support/ewl/lib/armv7e-m/fpu\libc.a(scanformat_.o)
 .text          0x00000000        0x0 C:/Freescale/CW MCU v10.7/MCU/ARM_GCC_Support/ewl/lib/armv7e-m/fpu\libc.a(ctype_aeabi.o)
 .data          0x00000000        0x0 C:/Freescale/CW MCU v10.7/MCU/ARM_GCC_Support/ewl/lib/armv7e-m/fpu\libc.a(ctype_aeabi.o)
 .bss           0x00000000        0x0 C:/Freescale/CW MCU v10.7/MCU/ARM_GCC_Support/ewl/lib/armv7e-m/fpu\libc.a(ctype_aeabi.o)
 .text.isalnum  0x00000000       0x18 C:/Freescale/CW MCU v10.7/MCU/ARM_GCC_Support/ewl/lib/armv7e-m/fpu\libc.a(ctype_aeabi.o)
 .text.iscntrl  0x00000000       0x1c C:/Freescale/CW MCU v10.7/MCU/ARM_GCC_Support/ewl/lib/armv7e-m/fpu\libc.a(ctype_aeabi.o)
 .text.isdigit  0x00000000        0xc C:/Freescale/CW MCU v10.7/MCU/ARM_GCC_Support/ewl/lib/armv7e-m/fpu\libc.a(ctype_aeabi.o)
 .text.isgraph  0x00000000       0x18 C:/Freescale/CW MCU v10.7/MCU/ARM_GCC_Support/ewl/lib/armv7e-m/fpu\libc.a(ctype_aeabi.o)
 .text.islower  0x00000000       0x1c C:/Freescale/CW MCU v10.7/MCU/ARM_GCC_Support/ewl/lib/armv7e-m/fpu\libc.a(ctype_aeabi.o)
 .text.isprint  0x00000000       0x18 C:/Freescale/CW MCU v10.7/MCU/ARM_GCC_Support/ewl/lib/armv7e-m/fpu\libc.a(ctype_aeabi.o)
 .text.ispunct  0x00000000       0x1c C:/Freescale/CW MCU v10.7/MCU/ARM_GCC_Support/ewl/lib/armv7e-m/fpu\libc.a(ctype_aeabi.o)
 .text.isupper  0x00000000       0x1c C:/Freescale/CW MCU v10.7/MCU/ARM_GCC_Support/ewl/lib/armv7e-m/fpu\libc.a(ctype_aeabi.o)
 .text.isxdigit
                0x00000000       0x1c C:/Freescale/CW MCU v10.7/MCU/ARM_GCC_Support/ewl/lib/armv7e-m/fpu\libc.a(ctype_aeabi.o)
 .text.isblank  0x00000000       0x28 C:/Freescale/CW MCU v10.7/MCU/ARM_GCC_Support/ewl/lib/armv7e-m/fpu\libc.a(ctype_aeabi.o)
 .text.tolower  0x00000000        0xc C:/Freescale/CW MCU v10.7/MCU/ARM_GCC_Support/ewl/lib/armv7e-m/fpu\libc.a(ctype_aeabi.o)
 .text          0x00000000        0x0 C:/Freescale/CW MCU v10.7/MCU/ARM_GCC_Support/ewl/lib/armv7e-m/fpu\libc.a(__strtoul.o)
 .data          0x00000000        0x0 C:/Freescale/CW MCU v10.7/MCU/ARM_GCC_Support/ewl/lib/armv7e-m/fpu\libc.a(__strtoul.o)
 .bss           0x00000000        0x0 C:/Freescale/CW MCU v10.7/MCU/ARM_GCC_Support/ewl/lib/armv7e-m/fpu\libc.a(__strtoul.o)
 .text          0x00000000        0x0 C:/Freescale/CW MCU v10.7/MCU/ARM_GCC_Support/ewl/lib/armv7e-m/fpu\libc.a(strchr.o)
 .data          0x00000000        0x0 C:/Freescale/CW MCU v10.7/MCU/ARM_GCC_Support/ewl/lib/armv7e-m/fpu\libc.a(strchr.o)
 .bss           0x00000000        0x0 C:/Freescale/CW MCU v10.7/MCU/ARM_GCC_Support/ewl/lib/armv7e-m/fpu\libc.a(strchr.o)
 .text          0x00000000        0x0 C:/Freescale/CW MCU v10.7/MCU/ARM_GCC_Support/ewl/lib/armv7e-m/fpu\libc.a(strlen.o)
 .data          0x00000000        0x0 C:/Freescale/CW MCU v10.7/MCU/ARM_GCC_Support/ewl/lib/armv7e-m/fpu\libc.a(strlen.o)
 .bss           0x00000000        0x0 C:/Freescale/CW MCU v10.7/MCU/ARM_GCC_Support/ewl/lib/armv7e-m/fpu\libc.a(strlen.o)
 .text          0x00000000        0x0 C:/Freescale/CW MCU v10.7/MCU/ARM_GCC_Support/ewl/lib/armv7e-m/fpu\libc.a(memchr.o)
 .data          0x00000000        0x0 C:/Freescale/CW MCU v10.7/MCU/ARM_GCC_Support/ewl/lib/armv7e-m/fpu\libc.a(memchr.o)
 .bss           0x00000000        0x0 C:/Freescale/CW MCU v10.7/MCU/ARM_GCC_Support/ewl/lib/armv7e-m/fpu\libc.a(memchr.o)
 .text          0x00000000       0x38 c:/freescale/cw mcu v10.7/cross_tools/arm-none-eabi-gcc-4_7_3/bin/../lib/gcc/arm-none-eabi/4.7.3/armv7e-m/fpu\libgcc.a(_aeabi_ldivmod.o)
 .data          0x00000000        0x0 c:/freescale/cw mcu v10.7/cross_tools/arm-none-eabi-gcc-4_7_3/bin/../lib/gcc/arm-none-eabi/4.7.3/armv7e-m/fpu\libgcc.a(_aeabi_ldivmod.o)
 .bss           0x00000000        0x0 c:/freescale/cw mcu v10.7/cross_tools/arm-none-eabi-gcc-4_7_3/bin/../lib/gcc/arm-none-eabi/4.7.3/armv7e-m/fpu\libgcc.a(_aeabi_ldivmod.o)
 .ARM.attributes
                0x00000000       0x24 c:/freescale/cw mcu v10.7/cross_tools/arm-none-eabi-gcc-4_7_3/bin/../lib/gcc/arm-none-eabi/4.7.3/armv7e-m/fpu\libgcc.a(_aeabi_ldivmod.o)
 .text          0x00000000       0x58 c:/freescale/cw mcu v10.7/cross_tools/arm-none-eabi-gcc-4_7_3/bin/../lib/gcc/arm-none-eabi/4.7.3/armv7e-m/fpu\libgcc.a(bpabi.o)
 .data          0x00000000        0x0 c:/freescale/cw mcu v10.7/cross_tools/arm-none-eabi-gcc-4_7_3/bin/../lib/gcc/arm-none-eabi/4.7.3/armv7e-m/fpu\libgcc.a(bpabi.o)
 .bss           0x00000000        0x0 c:/freescale/cw mcu v10.7/cross_tools/arm-none-eabi-gcc-4_7_3/bin/../lib/gcc/arm-none-eabi/4.7.3/armv7e-m/fpu\libgcc.a(bpabi.o)
 .ARM.attributes
                0x00000000       0x36 c:/freescale/cw mcu v10.7/cross_tools/arm-none-eabi-gcc-4_7_3/bin/../lib/gcc/arm-none-eabi/4.7.3/armv7e-m/fpu\libgcc.a(bpabi.o)
 .debug_frame   0x00000000       0x50 c:/freescale/cw mcu v10.7/cross_tools/arm-none-eabi-gcc-4_7_3/bin/../lib/gcc/arm-none-eabi/4.7.3/armv7e-m/fpu\libgcc.a(bpabi.o)
 .text          0x00000000        0x4 c:/freescale/cw mcu v10.7/cross_tools/arm-none-eabi-gcc-4_7_3/bin/../lib/gcc/arm-none-eabi/4.7.3/armv7e-m/fpu\libgcc.a(_dvmd_tls.o)
 .data          0x00000000        0x0 c:/freescale/cw mcu v10.7/cross_tools/arm-none-eabi-gcc-4_7_3/bin/../lib/gcc/arm-none-eabi/4.7.3/armv7e-m/fpu\libgcc.a(_dvmd_tls.o)
 .bss           0x00000000        0x0 c:/freescale/cw mcu v10.7/cross_tools/arm-none-eabi-gcc-4_7_3/bin/../lib/gcc/arm-none-eabi/4.7.3/armv7e-m/fpu\libgcc.a(_dvmd_tls.o)
 .ARM.attributes
                0x00000000       0x24 c:/freescale/cw mcu v10.7/cross_tools/arm-none-eabi-gcc-4_7_3/bin/../lib/gcc/arm-none-eabi/4.7.3/armv7e-m/fpu\libgcc.a(_dvmd_tls.o)
 .text          0x00000000      0x2bc c:/freescale/cw mcu v10.7/cross_tools/arm-none-eabi-gcc-4_7_3/bin/../lib/gcc/arm-none-eabi/4.7.3/armv7e-m/fpu\libgcc.a(_divdi3.o)
 .data          0x00000000        0x0 c:/freescale/cw mcu v10.7/cross_tools/arm-none-eabi-gcc-4_7_3/bin/../lib/gcc/arm-none-eabi/4.7.3/armv7e-m/fpu\libgcc.a(_divdi3.o)
 .bss           0x00000000        0x0 c:/freescale/cw mcu v10.7/cross_tools/arm-none-eabi-gcc-4_7_3/bin/../lib/gcc/arm-none-eabi/4.7.3/armv7e-m/fpu\libgcc.a(_divdi3.o)
 .ARM.extab     0x00000000        0x0 c:/freescale/cw mcu v10.7/cross_tools/arm-none-eabi-gcc-4_7_3/bin/../lib/gcc/arm-none-eabi/4.7.3/armv7e-m/fpu\libgcc.a(_divdi3.o)
 .ARM.exidx     0x00000000        0x8 c:/freescale/cw mcu v10.7/cross_tools/arm-none-eabi-gcc-4_7_3/bin/../lib/gcc/arm-none-eabi/4.7.3/armv7e-m/fpu\libgcc.a(_divdi3.o)
 .ARM.attributes
                0x00000000       0x36 c:/freescale/cw mcu v10.7/cross_tools/arm-none-eabi-gcc-4_7_3/bin/../lib/gcc/arm-none-eabi/4.7.3/armv7e-m/fpu\libgcc.a(_divdi3.o)
 .debug_frame   0x00000000       0x34 c:/freescale/cw mcu v10.7/cross_tools/arm-none-eabi-gcc-4_7_3/bin/../lib/gcc/arm-none-eabi/4.7.3/armv7e-m/fpu\libgcc.a(_divdi3.o)
 .text          0x00000000      0x288 c:/freescale/cw mcu v10.7/cross_tools/arm-none-eabi-gcc-4_7_3/bin/../lib/gcc/arm-none-eabi/4.7.3/armv7e-m/fpu\libgcc.a(_udivdi3.o)
 .data          0x00000000        0x0 c:/freescale/cw mcu v10.7/cross_tools/arm-none-eabi-gcc-4_7_3/bin/../lib/gcc/arm-none-eabi/4.7.3/armv7e-m/fpu\libgcc.a(_udivdi3.o)
 .bss           0x00000000        0x0 c:/freescale/cw mcu v10.7/cross_tools/arm-none-eabi-gcc-4_7_3/bin/../lib/gcc/arm-none-eabi/4.7.3/armv7e-m/fpu\libgcc.a(_udivdi3.o)
 .ARM.extab     0x00000000        0x0 c:/freescale/cw mcu v10.7/cross_tools/arm-none-eabi-gcc-4_7_3/bin/../lib/gcc/arm-none-eabi/4.7.3/armv7e-m/fpu\libgcc.a(_udivdi3.o)
 .ARM.exidx     0x00000000        0x8 c:/freescale/cw mcu v10.7/cross_tools/arm-none-eabi-gcc-4_7_3/bin/../lib/gcc/arm-none-eabi/4.7.3/armv7e-m/fpu\libgcc.a(_udivdi3.o)
 .ARM.attributes
                0x00000000       0x36 c:/freescale/cw mcu v10.7/cross_tools/arm-none-eabi-gcc-4_7_3/bin/../lib/gcc/arm-none-eabi/4.7.3/armv7e-m/fpu\libgcc.a(_udivdi3.o)
 .debug_frame   0x00000000       0x34 c:/freescale/cw mcu v10.7/cross_tools/arm-none-eabi-gcc-4_7_3/bin/../lib/gcc/arm-none-eabi/4.7.3/armv7e-m/fpu\libgcc.a(_udivdi3.o)
 .text          0x00000000        0x0 C:/Freescale/CW MCU v10.7/MCU/ARM_GCC_Support/ewl/lib/armv7e-m/fpu\librt.a(gcc_ctor_dtor.o)
 .data          0x00000000        0x0 C:/Freescale/CW MCU v10.7/MCU/ARM_GCC_Support/ewl/lib/armv7e-m/fpu\librt.a(gcc_ctor_dtor.o)
 .bss           0x00000000        0x0 C:/Freescale/CW MCU v10.7/MCU/ARM_GCC_Support/ewl/lib/armv7e-m/fpu\librt.a(gcc_ctor_dtor.o)
 .bss.__dso_handle
                0x00000000        0x4 C:/Freescale/CW MCU v10.7/MCU/ARM_GCC_Support/ewl/lib/armv7e-m/fpu\librt.a(gcc_ctor_dtor.o)
 .text          0x00000000        0x0 C:/Freescale/CW MCU v10.7/MCU/ARM_GCC_Support/ewl/lib/armv7e-m/fpu\librt.a(__arm_eabi_init.o)
 .data          0x00000000        0x0 C:/Freescale/CW MCU v10.7/MCU/ARM_GCC_Support/ewl/lib/armv7e-m/fpu\librt.a(__arm_eabi_init.o)
 .bss           0x00000000        0x0 C:/Freescale/CW MCU v10.7/MCU/ARM_GCC_Support/ewl/lib/armv7e-m/fpu\librt.a(__arm_eabi_init.o)
 .text.__register_global_object
                0x00000000       0x14 C:/Freescale/CW MCU v10.7/MCU/ARM_GCC_Support/ewl/lib/armv7e-m/fpu\librt.a(__arm_eabi_init.o)
 .text.__cxa_atexit
                0x00000000       0x38 C:/Freescale/CW MCU v10.7/MCU/ARM_GCC_Support/ewl/lib/armv7e-m/fpu\librt.a(__arm_eabi_init.o)
 .text.__aeabi_atexit
                0x00000000        0xa C:/Freescale/CW MCU v10.7/MCU/ARM_GCC_Support/ewl/lib/armv7e-m/fpu\librt.a(__arm_eabi_init.o)
 .text.__register_atexit
                0x00000000        0x8 C:/Freescale/CW MCU v10.7/MCU/ARM_GCC_Support/ewl/lib/armv7e-m/fpu\librt.a(__arm_eabi_init.o)
 .text.__init_hardware
                0x00000000        0x4 C:/Freescale/CW MCU v10.7/MCU/ARM_GCC_Support/ewl/lib/armv7e-m/fpu\librt.a(__arm_eabi_init.o)
 .bss.atexit_curr_func
                0x00000000        0x4 C:/Freescale/CW MCU v10.7/MCU/ARM_GCC_Support/ewl/lib/armv7e-m/fpu\librt.a(__arm_eabi_init.o)
 .bss.atexit_funcs
                0x00000000      0x300 C:/Freescale/CW MCU v10.7/MCU/ARM_GCC_Support/ewl/lib/armv7e-m/fpu\librt.a(__arm_eabi_init.o)
 .text          0x00000000        0x0 C:/Freescale/CW MCU v10.7/MCU/ARM_GCC_Support/ewl/lib/armv7e-m/fpu\librt.a(ROMCopy.o)
 .data          0x00000000        0x0 C:/Freescale/CW MCU v10.7/MCU/ARM_GCC_Support/ewl/lib/armv7e-m/fpu\librt.a(ROMCopy.o)
 .bss           0x00000000        0x0 C:/Freescale/CW MCU v10.7/MCU/ARM_GCC_Support/ewl/lib/armv7e-m/fpu\librt.a(ROMCopy.o)
 .text.__flush_cache
                0x00000000        0x2 C:/Freescale/CW MCU v10.7/MCU/ARM_GCC_Support/ewl/lib/armv7e-m/fpu\librt.a(ROMCopy.o)

Memory Configuration

Name             Origin             Length             Attributes
m_interrupts     0x1fff0000         0x00000198         xr
m_text           0x1fff0198         0x0000fe68         xr
m_data           0x20000000         0x00030000         rw
*default*        0x00000000         0xffffffff

Linker script and memory map

LOAD ./Project_Settings/Startup_Code/kinetis_sysinit.o
LOAD ./Project_Settings/Startup_Code/__arm_start.o
LOAD ./Project_Settings/Startup_Code/__arm_end.o
LOAD ./Sources/uart.o
LOAD ./Sources/pit.o
LOAD ./Sources/nrf24.o
LOAD ./Sources/main.o
LOAD ./Sources/lcd.o
LOAD ./Sources/i2c.o
LOAD ./Sources/ftm.o
                0x1fff37fc                __pformatter = __pformatter_
                [0x1fff3bf4]                __sformatter = __sformatter
START GROUP
LOAD C:/Freescale/CW MCU v10.7/MCU/ARM_GCC_Support/ewl/lib/armv7e-m/fpu\libc.a
LOAD C:/Freescale/CW MCU v10.7/MCU/ARM_GCC_Support/ewl/lib/armv7e-m/fpu\libm.a
LOAD c:/freescale/cw mcu v10.7/cross_tools/arm-none-eabi-gcc-4_7_3/bin/../lib/gcc/arm-none-eabi/4.7.3/armv7e-m/fpu\libgcc.a
LOAD C:/Freescale/CW MCU v10.7/MCU/ARM_GCC_Support/ewl/lib/armv7e-m/fpu\librt.a
LOAD C:/Freescale/CW MCU v10.7/MCU/ARM_GCC_Support/ewl/lib/armv7e-m/fpu\libuart.a
END GROUP
                0x20030000                _estack = 0x20030000
                0x20030000                __SP_INIT = _estack
                0x00000800                __heap_size = 0x800
                0x00000800                __stack_size = 0x800

.interrupts     0x1fff0000      0x198
                0x1fff0000                __vector_table = .
                0x1fff0000                . = ALIGN (0x4)
 *(.vectortable)
 .vectortable   0x1fff0000      0x198 ./Project_Settings/Startup_Code/kinetis_sysinit.o
                0x1fff0000                InterruptVector
                0x1fff0198                . = ALIGN (0x4)

.text           0x1fff0198     0x465c
                0x1fff0198                . = ALIGN (0x4)
 *(.text)
 *(.text*)
 .text.Default_Handler
                0x1fff0198        0xc ./Project_Settings/Startup_Code/kinetis_sysinit.o
                0x1fff0198                RTC_Alarm_IRQHandler
                0x1fff0198                CAN0_Rx_Warning_IRQHandler
                0x1fff0198                CAN0_Err_IRQHandler
                0x1fff0198                I2C0_IRQHandler
                0x1fff0198                HardFault_Handler
                0x1fff0198                PDB_IRQHandler
                0x1fff0198                SysTick_Handler
                0x1fff0198                UART0_Status_IRQHandler
                0x1fff0198                PendSV_Handler
                0x1fff0198                NMI_Handler
                0x1fff0198                I2C1_IRQHandler
                0x1fff0198                UART3_Status_IRQHandler
                0x1fff0198                DMA2_IRQHandler
                0x1fff0198                Watchdog_IRQHandler
                0x1fff0198                Bus_Fault_Handler
                0x1fff0198                CMP2_IRQHandler
                0x1fff0198                SWI_IRQHandler
                0x1fff0198                ADC0_IRQHandler
                0x1fff0198                ENET_MAC_Transmit_IRQHandler
                0x1fff0198                I2S0_Tx_IRQHandler
                0x1fff0198                CMT_IRQHandler
                0x1fff0198                UART1_Status_IRQHandler
                0x1fff0198                SPI1_IRQHandler
                0x1fff0198                DMA9_IRQHandler
                0x1fff0198                DMA14_IRQHandler
                0x1fff0198                CMP1_IRQHandler
                0x1fff0198                PORTD_IRQHandler
                0x1fff0198                UART4_ERR_IRQHandler
                0x1fff0198                ADC1_IRQHandler
                0x1fff0198                I2C2_IRQHandler
                0x1fff0198                PIT2_IRQHandler
                0x1fff0198                I2S0_Rx_IRQHandler
                0x1fff0198                LPTimer_IRQHandler
                0x1fff0198                DMA5_IRQHandler
                0x1fff0198                FTM1_IRQHandler
                0x1fff0198                UART3_ERR_IRQHandler
                0x1fff0198                PIT3_IRQHandler
                0x1fff0198                SDHC_IRQHandler
                0x1fff0198                RTC_Seconds_IRQHandler
                0x1fff0198                MCG_IRQHandler
                0x1fff0198                ENET_MAC_Timer_IRQHandler
                0x1fff0198                UART2_ERR_IRQHandler
                0x1fff0198                DMA11_IRQHandler
                0x1fff0198                Tamper_Drylce_IRQHandler
                0x1fff0198                USB_OTG_IRQHandler
                0x1fff0198                Read_Collision_IRQHandler
                0x1fff0198                Default_Handler
                0x1fff0198                UART4_Status_IRQHandler
                0x1fff0198                DMA7_IRQHandler
                0x1fff0198                LLW_IRQHandler
                0x1fff0198                SPI2_IRQHandler
                0x1fff0198                USB_Charger_Detect_IRQHandler
                0x1fff0198                SVC_Handler
                0x1fff0198                Usage_Fault_Handler
                0x1fff0198                DMA13_IRQHandler
                0x1fff0198                DMA3_IRQHandler
                0x1fff0198                UART0_LON_IRQHandler
                0x1fff0198                RNG_IRQHandler
                0x1fff0198                DMA0_IRQHandler
                0x1fff0198                DMA15_IRQHandler
                0x1fff0198                DAC0_IRQHandler
                0x1fff0198                ENET_MAC_Error_IRQHandler
                0x1fff0198                DMA4_IRQHandler
                0x1fff0198                PIT1_IRQHandler
                0x1fff0198                UART0_ERR_IRQHandler
                0x1fff0198                DMA_Error_IRQHandler
                0x1fff0198                LVD_LVW_IRQHandler
                0x1fff0198                SPI0_IRQHandler
                0x1fff0198                CAN0_Tx_WarningIRQHandler
                0x1fff0198                FTM0_IRQHandler
                0x1fff0198                PORTA_IRQHandler
                0x1fff0198                DAC1_IRQHandler
                0x1fff0198                MCM_IRQHandler
                0x1fff0198                DMA12_IRQHandler
                0x1fff0198                Mem_Manage_Fault_Handler
                0x1fff0198                FTFL_IRQHandler
                0x1fff0198                CAN0_Bus_Off_IRQHandler
                0x1fff0198                PORTE_IRQHandler
                0x1fff0198                CAN0_Message_buffer_IRQHandler
                0x1fff0198                FTM2_IRQHandler
                0x1fff0198                DMA8_IRQHandler
                0x1fff0198                DMA10_IRQHandler
                0x1fff0198                CAN0_Wake_Up_IRQHandler
                0x1fff0198                DebugMonitor_Handler
                0x1fff0198                UART1_ERR_IRQHandler
                0x1fff0198                CMP0_IRQHandler
                0x1fff0198                ENET_MAC_Receive_IRQHandler
                0x1fff0198                DMA6_IRQHandler
                0x1fff0198                UART2_Status_IRQHandler
                0x1fff0198                DMA1_IRQHandler
 .text.__init_hardware
                0x1fff01a4       0x44 ./Project_Settings/Startup_Code/kinetis_sysinit.o
                0x1fff01a4                __init_hardware
 .text.zero_fill_bss
                0x1fff01e8       0x2c ./Project_Settings/Startup_Code/__arm_start.o
 .text.__thumb_startup
                0x1fff0214       0x34 ./Project_Settings/Startup_Code/__arm_start.o
                0x1fff0214                __thumb_startup
 .text._ExitProcess
                0x1fff0248        0xc ./Project_Settings/Startup_Code/__arm_end.o
                0x1fff0248                _ExitProcess
 .text.transformdate
                0x1fff0254      0x12c ./Sources/uart.o
                0x1fff0254                transformdate
 .text.pit_init
                0x1fff0380       0x90 ./Sources/pit.o
                0x1fff0380                pit_init
 .text.SPI1_Init
                0x1fff0410      0x204 ./Sources/nrf24.o
                0x1fff0410                SPI1_Init
 .text.RF24_WriteRegister
                0x1fff0614       0x28 ./Sources/nrf24.o
                0x1fff0614                RF24_WriteRegister
 .text.SPI_SendByte
                0x1fff063c       0xe4 ./Sources/nrf24.o
                0x1fff063c                SPI_SendByte
 .text.RF24_Status
                0x1fff0720       0x20 ./Sources/nrf24.o
                0x1fff0720                RF24_Status
 .text.SPI_ReadWriteByte
                0x1fff0740      0x130 ./Sources/nrf24.o
                0x1fff0740                SPI_ReadWriteByte
 .text.Write5RegRf
                0x1fff0870      0x228 ./Sources/nrf24.o
                0x1fff0870                Write5RegRf
 .text.Pause    0x1fff0a98       0x2c ./Sources/nrf24.o
                0x1fff0a98                Pause
 .text.RF24_Initrx
                0x1fff0ac4      0x190 ./Sources/nrf24.o
                0x1fff0ac4                RF24_Initrx
 .text.Read5RegRf
                0x1fff0c54      0x288 ./Sources/nrf24.o
                0x1fff0c54                Read5RegRf
 .text.main     0x1fff0edc       0x38 ./Sources/main.o
                0x1fff0edc                main
 .text.FTM3_IRQHandler
                0x1fff0f14       0x84 ./Sources/main.o
                0x1fff0f14                FTM3_IRQHandler
 .text.PIT0_IRQHandler
                0x1fff0f98       0x60 ./Sources/main.o
                0x1fff0f98                PIT0_IRQHandler
 .text.PORTC_IRQHandler
                0x1fff0ff8      0x1e0 ./Sources/main.o
                0x1fff0ff8                PORTC_IRQHandler
 .text.PORTB_IRQHandler
                0x1fff11d8      0x1b4 ./Sources/main.o
                0x1fff11d8                PORTB_IRQHandler
 .text.sleep    0x1fff138c       0x20 ./Sources/main.o
                0x1fff138c                sleep
 .text.enter_wait
                0x1fff13ac        0xc ./Sources/main.o
                0x1fff13ac                enter_wait
 .text.dataprocess
                0x1fff13b8       0xa4 ./Sources/main.o
                0x1fff13b8                dataprocess
 .text.vButton_Init
                0x1fff145c       0x70 ./Sources/main.o
                0x1fff145c                vButton_Init
 .text.outputPorts
                0x1fff14cc       0x64 ./Sources/lcd.o
                0x1fff14cc                outputPorts
 .text.rsIntruction
                0x1fff1530       0x18 ./Sources/lcd.o
                0x1fff1530                rsIntruction
 .text.enable   0x1fff1548       0x2c ./Sources/lcd.o
                0x1fff1548                enable
 .text.rst      0x1fff1574       0x38 ./Sources/lcd.o
                0x1fff1574                rst
 .text.pass     0x1fff15ac       0x38 ./Sources/lcd.o
                0x1fff15ac                pass
 .text.message  0x1fff15e4       0x90 ./Sources/lcd.o
                0x1fff15e4                message
 .text.LCD_init
                0x1fff1674       0x94 ./Sources/lcd.o
                0x1fff1674                LCD_init
 .text.delay    0x1fff1708       0x68 ./Sources/lcd.o
                0x1fff1708                delay
 .text.LPTMR_init
                0x1fff1770       0x68 ./Sources/lcd.o
                0x1fff1770                LPTMR_init
 .text.PORT_init
                0x1fff17d8       0xb8 ./Sources/lcd.o
                0x1fff17d8                PORT_init
 .text.detect_event_type
                0x1fff1890       0xb4 ./Sources/lcd.o
                0x1fff1890                detect_event_type
 .text.detect_datenhour
                0x1fff1944      0x2e4 ./Sources/lcd.o
                0x1fff1944                detect_datenhour
 .text.vEvent_init
                0x1fff1c28       0x8c ./Sources/lcd.o
                0x1fff1c28                vEvent_init
 .text.vSearch_Event
                0x1fff1cb4       0x7c ./Sources/lcd.o
                0x1fff1cb4                vSearch_Event
 .text.I2C_WriteRegister
                0x1fff1d30      0x1a4 ./Sources/i2c.o
                0x1fff1d30                I2C_WriteRegister
 .text.I2C_ReadRegister
                0x1fff1ed4      0x24c ./Sources/i2c.o
                0x1fff1ed4                I2C_ReadRegister
 .text.I2C_init
                0x1fff2120       0xc4 ./Sources/i2c.o
                0x1fff2120                I2C_init
 .text.writeinMemoryCounter
                0x1fff21e4       0x4c ./Sources/i2c.o
                0x1fff21e4                writeinMemoryCounter
 .text.ReadfromMemoryCounter
                0x1fff2230       0x50 ./Sources/i2c.o
                0x1fff2230                ReadfromMemoryCounter
 .text.Save_event_data
                0x1fff2280       0xbc ./Sources/i2c.o
                0x1fff2280                Save_event_data
 .text.Get_event_data
                0x1fff233c       0xa0 ./Sources/i2c.o
                0x1fff233c                Get_event_data
 .text.FTM3c4_init_outputcompare
                0x1fff23dc       0x9c ./Sources/ftm.o
                0x1fff23dc                FTM3c4_init_outputcompare
 .text.martinillo
                0x1fff2478      0x94c ./Sources/ftm.o
                0x1fff2478                martinillo
 .text.estrellita
                0x1fff2dc4      0x7e8 ./Sources/ftm.o
                0x1fff2dc4                estrellita
 .text.exit     0x1fff35ac       0x38 C:/Freescale/CW MCU v10.7/MCU/ARM_GCC_Support/ewl/lib/armv7e-m/fpu\libc.a(exit.o)
                0x1fff35ac                exit
 .text.memset   0x1fff35e4        0xc C:/Freescale/CW MCU v10.7/MCU/ARM_GCC_Support/ewl/lib/armv7e-m/fpu\libc.a(memset.o)
                0x1fff35e4                memset
 .text.__fill_mem
                0x1fff35f0       0x76 C:/Freescale/CW MCU v10.7/MCU/ARM_GCC_Support/ewl/lib/armv7e-m/fpu\libc.a(__filll_mem.o)
                0x1fff35f0                __fill_mem
 .text.long2str.isra.0
                0x1fff3666      0x196 C:/Freescale/CW MCU v10.7/MCU/ARM_GCC_Support/ewl/lib/armv7e-m/fpu\libc.a(printformat_.o)
 .text.__pformatter_
                0x1fff37fc      0x3f8 C:/Freescale/CW MCU v10.7/MCU/ARM_GCC_Support/ewl/lib/armv7e-m/fpu\libc.a(printformat_.o)
                0x1fff37fc                __pformatter_
 .text.__sformatter
                0x1fff3bf4      0x6f4 C:/Freescale/CW MCU v10.7/MCU/ARM_GCC_Support/ewl/lib/armv7e-m/fpu\libc.a(scanformat_.o)
                0x1fff3bf4                __sformatter
 .text.isalpha  0x1fff42e8       0x1c C:/Freescale/CW MCU v10.7/MCU/ARM_GCC_Support/ewl/lib/armv7e-m/fpu\libc.a(ctype_aeabi.o)
                0x1fff42e8                isalpha
 .text.isspace  0x1fff4304       0x1c C:/Freescale/CW MCU v10.7/MCU/ARM_GCC_Support/ewl/lib/armv7e-m/fpu\libc.a(ctype_aeabi.o)
                0x1fff4304                isspace
 .text.toupper  0x1fff4320        0xc C:/Freescale/CW MCU v10.7/MCU/ARM_GCC_Support/ewl/lib/armv7e-m/fpu\libc.a(ctype_aeabi.o)
                0x1fff4320                toupper
 .text.__strtoul
                0x1fff432c      0x214 C:/Freescale/CW MCU v10.7/MCU/ARM_GCC_Support/ewl/lib/armv7e-m/fpu\libc.a(__strtoul.o)
                0x1fff432c                __strtoul
 .text.strchr   0x1fff4540       0x1a C:/Freescale/CW MCU v10.7/MCU/ARM_GCC_Support/ewl/lib/armv7e-m/fpu\libc.a(strchr.o)
                0x1fff4540                strchr
 .text.strlen   0x1fff455a       0x10 C:/Freescale/CW MCU v10.7/MCU/ARM_GCC_Support/ewl/lib/armv7e-m/fpu\libc.a(strlen.o)
                0x1fff455a                strlen
 .text.memchr   0x1fff456a       0x18 C:/Freescale/CW MCU v10.7/MCU/ARM_GCC_Support/ewl/lib/armv7e-m/fpu\libc.a(memchr.o)
                0x1fff456a                memchr
 *fill*         0x1fff4582        0x2 00
 .text.__init_cpp
                0x1fff4584       0x4c C:/Freescale/CW MCU v10.7/MCU/ARM_GCC_Support/ewl/lib/armv7e-m/fpu\librt.a(gcc_ctor_dtor.o)
                0x1fff4584                __init_cpp
 .text.__fini_cpp
                0x1fff45d0       0x34 C:/Freescale/CW MCU v10.7/MCU/ARM_GCC_Support/ewl/lib/armv7e-m/fpu\librt.a(gcc_ctor_dtor.o)
                0x1fff45d0                __fini_cpp
 .text.__destroy_global_chain
                0x1fff4604       0x18 C:/Freescale/CW MCU v10.7/MCU/ARM_GCC_Support/ewl/lib/armv7e-m/fpu\librt.a(__arm_eabi_init.o)
                0x1fff4604                __destroy_global_chain
 .text.__init_registers
                0x1fff461c       0x24 C:/Freescale/CW MCU v10.7/MCU/ARM_GCC_Support/ewl/lib/armv7e-m/fpu\librt.a(__arm_eabi_init.o)
                0x1fff461c                __init_registers
 .text.__fp_init
                0x1fff4640       0x1c C:/Freescale/CW MCU v10.7/MCU/ARM_GCC_Support/ewl/lib/armv7e-m/fpu\librt.a(__arm_eabi_init.o)
                0x1fff4640                __fp_init
 .text.__init_user
                0x1fff465c        0x4 C:/Freescale/CW MCU v10.7/MCU/ARM_GCC_Support/ewl/lib/armv7e-m/fpu\librt.a(__arm_eabi_init.o)
                0x1fff465c                __init_user
 .text.__copy_rom_section
                0x1fff4660       0x44 C:/Freescale/CW MCU v10.7/MCU/ARM_GCC_Support/ewl/lib/armv7e-m/fpu\librt.a(ROMCopy.o)
                0x1fff4660                __copy_rom_section
 .text.__copy_rom_sections_to_ram
                0x1fff46a4       0x30 C:/Freescale/CW MCU v10.7/MCU/ARM_GCC_Support/ewl/lib/armv7e-m/fpu\librt.a(ROMCopy.o)
                0x1fff46a4                __copy_rom_sections_to_ram
 *(.rodata)
 .rodata        0x1fff46d4       0x14 ./Sources/lcd.o
 *(.rodata*)
 .rodata.str1.1
                0x1fff46e8        0x1 C:/Freescale/CW MCU v10.7/MCU/ARM_GCC_Support/ewl/lib/armv7e-m/fpu\libc.a(printformat_.o)
 .rodata.CSWTCH.20
                0x1fff46e9        0x5 C:/Freescale/CW MCU v10.7/MCU/ARM_GCC_Support/ewl/lib/armv7e-m/fpu\libc.a(printformat_.o)
 .rodata.CSWTCH.21
                0x1fff46ee        0x5 C:/Freescale/CW MCU v10.7/MCU/ARM_GCC_Support/ewl/lib/armv7e-m/fpu\libc.a(printformat_.o)
 .rodata.__aeabi_ctype_table_C
                0x1fff46f3      0x101 C:/Freescale/CW MCU v10.7/MCU/ARM_GCC_Support/ewl/lib/armv7e-m/fpu\libc.a(ctype_aeabi.o)
                0x1fff46f3                __aeabi_ctype_table_C
 *(.glue_7)
 .glue_7        0x00000000        0x0 linker stubs
 *(.glue_7t)
 .glue_7t       0x00000000        0x0 linker stubs
 *(.eh_frame)
 *(.init)
 *(.fini)
                0x1fff47f4                . = ALIGN (0x4)
                0x1fff47f4                _etext = .

.vfp11_veneer   0x1fff47f4        0x0
 .vfp11_veneer  0x00000000        0x0 linker stubs

.v4_bx          0x1fff47f4        0x0
 .v4_bx         0x00000000        0x0 linker stubs

.iplt           0x1fff47f4        0x0
 .iplt          0x00000000        0x0 ./Project_Settings/Startup_Code/kinetis_sysinit.o

.rel.dyn        0x1fff47f4        0x0
 .rel.iplt      0x00000000        0x0 ./Project_Settings/Startup_Code/kinetis_sysinit.o

.ARM.extab
 *(.ARM.extab* .gnu.linkonce.armextab.*)

.ARM            0x1fff47f4        0x0
                0x1fff47f4                __exidx_start = .
 *(.ARM.exidx*)
                0x1fff47f4                __exidx_end = .

.ctors          0x1fff47f4        0x0
                0x1fff47f4                __CTOR_LIST__ = .
 *crtbegin.o(.ctors)
 *(EXCLUDE_FILE(*crtend.o) .ctors)
 *(SORT(.ctors.*))
 *(.ctors)
                0x1fff47f4                __CTOR_END__ = .

.dtors          0x1fff47f4        0x0
                0x1fff47f4                __DTOR_LIST__ = .
 *crtbegin.o(.dtors)
 *(EXCLUDE_FILE(*crtend.o) .dtors)
 *(SORT(.dtors.*))
 *(.dtors)
                0x1fff47f4                __DTOR_END__ = .

.preinit_array  0x1fff47f4        0x0
                0x1fff47f4                PROVIDE (__preinit_array_start, .)
 *(.preinit_array*)
                0x1fff47f4                PROVIDE (__preinit_array_end, .)

.init_array     0x1fff47f4        0x0
                0x1fff47f4                PROVIDE (__init_array_start, .)
 *(SORT(.init_array.*))
 *(.init_array*)
                0x1fff47f4                PROVIDE (__init_array_end, .)

.fini_array     0x1fff47f4        0x0
                0x1fff47f4                PROVIDE (__fini_array_start, .)
 *(SORT(.fini_array.*))
 *(.fini_array*)
                0x1fff47f4                PROVIDE (__fini_array_end, .)

.data           0x20000000       0x34
                0x20000000                . = ALIGN (0x4)
                0x20000000                _sdata = .
 *(.data)
 *(.data*)
 .data.CONFIG_INIT
                0x20000000        0x1 ./Sources/nrf24.o
 .data.EN_RXADDR_INIT
                0x20000001        0x1 ./Sources/nrf24.o
 .data.RF_SETUP_INIT
                0x20000002        0x1 ./Sources/nrf24.o
 .data.STATUS_INIT
                0x20000003        0x1 ./Sources/nrf24.o
 .data.RX_PW_P0_INIT
                0x20000004        0x1 ./Sources/nrf24.o
 .data._TX_ADDR
                0x20000005        0x1 ./Sources/nrf24.o
 .data._RX_ADDR_P0
                0x20000006        0x1 ./Sources/nrf24.o
 *fill*         0x20000007        0x1 00
 .data.Line1    0x20000008       0x10 ./Sources/lcd.o
 .data.Line2    0x20000018       0x10 ./Sources/lcd.o
 .data.la       0x20000028        0x2 ./Sources/ftm.o
 .data.doo      0x2000002a        0x2 ./Sources/ftm.o
 .data.re       0x2000002c        0x2 ./Sources/ftm.o
 .data.mi       0x2000002e        0x2 ./Sources/ftm.o
 .data.fa       0x20000030        0x2 ./Sources/ftm.o
 .data.sol      0x20000032        0x2 ./Sources/ftm.o
                0x20000034                . = ALIGN (0x4)
                0x20000034                _edata = .

.igot.plt       0x20000034        0x0
 .igot.plt      0x00000000        0x0 ./Project_Settings/Startup_Code/kinetis_sysinit.o
                0x20000034                . = ALIGN (0x4)

.bss            0x20000034       0x44
                0x20000034                __START_BSS = .
                0x20000034                PROVIDE (__bss_start__, __START_BSS)
 *(.bss)
 *(.bss*)
 .bss.argv      0x20000034        0x4 ./Project_Settings/Startup_Code/__arm_start.o
 .bss.RF_CH_INIT
                0x20000038        0x1 ./Sources/nrf24.o
 *fill*         0x20000039        0x3 00
 .bss.buf       0x2000003c        0x8 ./Sources/main.o
                0x2000003c                buf
 .bss.tono      0x20000044        0x4 ./Sources/main.o
                0x20000044                tono
 .bss.song      0x20000048        0x1 ./Sources/main.o
                0x20000048                song
 *fill*         0x20000049        0x1 00
 .bss.counterb.5571
                0x2000004a        0x2 ./Sources/main.o
 .bss.i.5570    0x2000004c        0x2 ./Sources/main.o
 .bss.estado.5393
                0x2000004e        0x1 ./Sources/ftm.o
 *fill*         0x2000004f        0x1 00
 .bss.tono.5394
                0x20000050        0x2 ./Sources/ftm.o
 .bss.estado.5389
                0x20000052        0x1 ./Sources/ftm.o
 *fill*         0x20000053        0x1 00
 .bss.tono.5388
                0x20000054        0x2 ./Sources/ftm.o
 *fill*         0x20000056        0x2 00
 .bss.__stdio_exit
                0x20000058        0x4 C:/Freescale/CW MCU v10.7/MCU/ARM_GCC_Support/ewl/lib/armv7e-m/fpu\libc.a(exit.o)
                0x20000058                __stdio_exit
 .bss.__console_exit
                0x2000005c        0x4 C:/Freescale/CW MCU v10.7/MCU/ARM_GCC_Support/ewl/lib/armv7e-m/fpu\libc.a(exit.o)
                0x2000005c                __console_exit
 .bss.__global_destructor_chain
                0x20000060        0x4 C:/Freescale/CW MCU v10.7/MCU/ARM_GCC_Support/ewl/lib/armv7e-m/fpu\librt.a(__arm_eabi_init.o)
                0x20000060                __global_destructor_chain
 .bss.__S_romp  0x20000064        0xc C:/Freescale/CW MCU v10.7/MCU/ARM_GCC_Support/ewl/lib/armv7e-m/fpu\librt.a(ROMCopy.o)
 *(COMMON)
 COMMON         0x20000070        0x8 ./Sources/main.o
                0x20000070                hora
                0x20000074                fecha
                0x20000078                . = ALIGN (0x4)
                0x20000078                __END_BSS = .
                0x20000078                PROVIDE (__bss_end__, __END_BSS)

._user_heap_stack
                0x20000078     0x1000
                0x20000078                . = ALIGN (0x4)
                0x20000078                PROVIDE (end, .)
                0x20000078                PROVIDE (_end, .)
                0x20000078                __heap_addr = .
                0x20000878                . = (. + __heap_size)
 *fill*         0x20000078      0x800 00
                0x20001078                . = (. + __stack_size)
 *fill*         0x20000878      0x800 00
                0x20001078                . = ALIGN (0x4)
                0x00000000                __S_romp = 0x0

.ARM.attributes
                0x00000000       0x3b
 *(.ARM.attributes)
 .ARM.attributes
                0x00000000       0x3b ./Project_Settings/Startup_Code/kinetis_sysinit.o
 .ARM.attributes
                0x0000003b       0x3b ./Project_Settings/Startup_Code/__arm_start.o
 .ARM.attributes
                0x00000076       0x3b ./Project_Settings/Startup_Code/__arm_end.o
 .ARM.attributes
                0x000000b1       0x3b ./Sources/uart.o
 .ARM.attributes
                0x000000ec       0x3b ./Sources/pit.o
 .ARM.attributes
                0x00000127       0x3b ./Sources/nrf24.o
 .ARM.attributes
                0x00000162       0x3b ./Sources/main.o
 .ARM.attributes
                0x0000019d       0x3b ./Sources/lcd.o
 .ARM.attributes
                0x000001d8       0x3b ./Sources/i2c.o
 .ARM.attributes
                0x00000213       0x3b ./Sources/ftm.o
 .ARM.attributes
                0x0000024e       0x3b C:/Freescale/CW MCU v10.7/MCU/ARM_GCC_Support/ewl/lib/armv7e-m/fpu\libc.a(exit.o)
 .ARM.attributes
                0x00000289       0x3b C:/Freescale/CW MCU v10.7/MCU/ARM_GCC_Support/ewl/lib/armv7e-m/fpu\libc.a(memset.o)
 .ARM.attributes
                0x000002c4       0x3b C:/Freescale/CW MCU v10.7/MCU/ARM_GCC_Support/ewl/lib/armv7e-m/fpu\libc.a(__filll_mem.o)
 .ARM.attributes
                0x000002ff       0x3b C:/Freescale/CW MCU v10.7/MCU/ARM_GCC_Support/ewl/lib/armv7e-m/fpu\libc.a(printformat_.o)
 .ARM.attributes
                0x0000033a       0x3b C:/Freescale/CW MCU v10.7/MCU/ARM_GCC_Support/ewl/lib/armv7e-m/fpu\libc.a(scanformat_.o)
 .ARM.attributes
                0x00000375       0x3b C:/Freescale/CW MCU v10.7/MCU/ARM_GCC_Support/ewl/lib/armv7e-m/fpu\libc.a(ctype_aeabi.o)
 .ARM.attributes
                0x000003b0       0x3b C:/Freescale/CW MCU v10.7/MCU/ARM_GCC_Support/ewl/lib/armv7e-m/fpu\libc.a(__strtoul.o)
 .ARM.attributes
                0x000003eb       0x3b C:/Freescale/CW MCU v10.7/MCU/ARM_GCC_Support/ewl/lib/armv7e-m/fpu\libc.a(strchr.o)
 .ARM.attributes
                0x00000426       0x3b C:/Freescale/CW MCU v10.7/MCU/ARM_GCC_Support/ewl/lib/armv7e-m/fpu\libc.a(strlen.o)
 .ARM.attributes
                0x00000461       0x3b C:/Freescale/CW MCU v10.7/MCU/ARM_GCC_Support/ewl/lib/armv7e-m/fpu\libc.a(memchr.o)
 .ARM.attributes
                0x0000049c       0x3b C:/Freescale/CW MCU v10.7/MCU/ARM_GCC_Support/ewl/lib/armv7e-m/fpu\librt.a(gcc_ctor_dtor.o)
 .ARM.attributes
                0x000004d7       0x3b C:/Freescale/CW MCU v10.7/MCU/ARM_GCC_Support/ewl/lib/armv7e-m/fpu\librt.a(__arm_eabi_init.o)
 .ARM.attributes
                0x00000512       0x3b C:/Freescale/CW MCU v10.7/MCU/ARM_GCC_Support/ewl/lib/armv7e-m/fpu\librt.a(ROMCopy.o)
OUTPUT(nrf24l01rx.elf elf32-littlearm)

.debug_info     0x00000000     0x5b94
 .debug_info    0x00000000      0x387 ./Project_Settings/Startup_Code/kinetis_sysinit.o
 .debug_info    0x00000387      0x12a ./Project_Settings/Startup_Code/__arm_start.o
 .debug_info    0x000004b1       0x54 ./Project_Settings/Startup_Code/__arm_end.o
 .debug_info    0x00000505      0xb5a ./Sources/uart.o
 .debug_info    0x0000105f      0x4d7 ./Sources/pit.o
 .debug_info    0x00001536      0x9c5 ./Sources/nrf24.o
 .debug_info    0x00001efb      0xaed ./Sources/main.o
 .debug_info    0x000029e8      0x79b ./Sources/lcd.o
 .debug_info    0x00003183      0x695 ./Sources/i2c.o
 .debug_info    0x00003818      0x863 ./Sources/ftm.o
 .debug_info    0x0000407b       0xe8 C:/Freescale/CW MCU v10.7/MCU/ARM_GCC_Support/ewl/lib/armv7e-m/fpu\libc.a(exit.o)
 .debug_info    0x00004163       0xec C:/Freescale/CW MCU v10.7/MCU/ARM_GCC_Support/ewl/lib/armv7e-m/fpu\libc.a(memset.o)
 .debug_info    0x0000424f      0x135 C:/Freescale/CW MCU v10.7/MCU/ARM_GCC_Support/ewl/lib/armv7e-m/fpu\libc.a(__filll_mem.o)
 .debug_info    0x00004384      0x50e C:/Freescale/CW MCU v10.7/MCU/ARM_GCC_Support/ewl/lib/armv7e-m/fpu\libc.a(printformat_.o)
 .debug_info    0x00004892      0x565 C:/Freescale/CW MCU v10.7/MCU/ARM_GCC_Support/ewl/lib/armv7e-m/fpu\libc.a(scanformat_.o)
 .debug_info    0x00004df7      0x306 C:/Freescale/CW MCU v10.7/MCU/ARM_GCC_Support/ewl/lib/armv7e-m/fpu\libc.a(ctype_aeabi.o)
 .debug_info    0x000050fd      0x1d6 C:/Freescale/CW MCU v10.7/MCU/ARM_GCC_Support/ewl/lib/armv7e-m/fpu\libc.a(__strtoul.o)
 .debug_info    0x000052d3      0x108 C:/Freescale/CW MCU v10.7/MCU/ARM_GCC_Support/ewl/lib/armv7e-m/fpu\libc.a(strchr.o)
 .debug_info    0x000053db       0xeb C:/Freescale/CW MCU v10.7/MCU/ARM_GCC_Support/ewl/lib/armv7e-m/fpu\libc.a(strlen.o)
 .debug_info    0x000054c6      0x120 C:/Freescale/CW MCU v10.7/MCU/ARM_GCC_Support/ewl/lib/armv7e-m/fpu\libc.a(memchr.o)
 .debug_info    0x000055e6      0x136 C:/Freescale/CW MCU v10.7/MCU/ARM_GCC_Support/ewl/lib/armv7e-m/fpu\librt.a(gcc_ctor_dtor.o)
 .debug_info    0x0000571c      0x2de C:/Freescale/CW MCU v10.7/MCU/ARM_GCC_Support/ewl/lib/armv7e-m/fpu\librt.a(__arm_eabi_init.o)
 .debug_info    0x000059fa      0x19a C:/Freescale/CW MCU v10.7/MCU/ARM_GCC_Support/ewl/lib/armv7e-m/fpu\librt.a(ROMCopy.o)

.debug_abbrev   0x00000000     0x1663
 .debug_abbrev  0x00000000       0xf6 ./Project_Settings/Startup_Code/kinetis_sysinit.o
 .debug_abbrev  0x000000f6       0x92 ./Project_Settings/Startup_Code/__arm_start.o
 .debug_abbrev  0x00000188       0x4c ./Project_Settings/Startup_Code/__arm_end.o
 .debug_abbrev  0x000001d4      0x1c6 ./Sources/uart.o
 .debug_abbrev  0x0000039a       0xe2 ./Sources/pit.o
 .debug_abbrev  0x0000047c      0x164 ./Sources/nrf24.o
 .debug_abbrev  0x000005e0      0x14a ./Sources/main.o
 .debug_abbrev  0x0000072a      0x130 ./Sources/lcd.o
 .debug_abbrev  0x0000085a      0x11b ./Sources/i2c.o
 .debug_abbrev  0x00000975      0x111 ./Sources/ftm.o
 .debug_abbrev  0x00000a86       0x7a C:/Freescale/CW MCU v10.7/MCU/ARM_GCC_Support/ewl/lib/armv7e-m/fpu\libc.a(exit.o)
 .debug_abbrev  0x00000b00       0x62 C:/Freescale/CW MCU v10.7/MCU/ARM_GCC_Support/ewl/lib/armv7e-m/fpu\libc.a(memset.o)
 .debug_abbrev  0x00000b62       0x87 C:/Freescale/CW MCU v10.7/MCU/ARM_GCC_Support/ewl/lib/armv7e-m/fpu\libc.a(__filll_mem.o)
 .debug_abbrev  0x00000be9      0x200 C:/Freescale/CW MCU v10.7/MCU/ARM_GCC_Support/ewl/lib/armv7e-m/fpu\libc.a(printformat_.o)
 .debug_abbrev  0x00000de9      0x1f0 C:/Freescale/CW MCU v10.7/MCU/ARM_GCC_Support/ewl/lib/armv7e-m/fpu\libc.a(scanformat_.o)
 .debug_abbrev  0x00000fd9       0x85 C:/Freescale/CW MCU v10.7/MCU/ARM_GCC_Support/ewl/lib/armv7e-m/fpu\libc.a(ctype_aeabi.o)
 .debug_abbrev  0x0000105e       0xc2 C:/Freescale/CW MCU v10.7/MCU/ARM_GCC_Support/ewl/lib/armv7e-m/fpu\libc.a(__strtoul.o)
 .debug_abbrev  0x00001120       0x89 C:/Freescale/CW MCU v10.7/MCU/ARM_GCC_Support/ewl/lib/armv7e-m/fpu\libc.a(strchr.o)
 .debug_abbrev  0x000011a9       0x7a C:/Freescale/CW MCU v10.7/MCU/ARM_GCC_Support/ewl/lib/armv7e-m/fpu\libc.a(strlen.o)
 .debug_abbrev  0x00001223       0x95 C:/Freescale/CW MCU v10.7/MCU/ARM_GCC_Support/ewl/lib/armv7e-m/fpu\libc.a(memchr.o)
 .debug_abbrev  0x000012b8       0x99 C:/Freescale/CW MCU v10.7/MCU/ARM_GCC_Support/ewl/lib/armv7e-m/fpu\librt.a(gcc_ctor_dtor.o)
 .debug_abbrev  0x00001351      0x1db C:/Freescale/CW MCU v10.7/MCU/ARM_GCC_Support/ewl/lib/armv7e-m/fpu\librt.a(__arm_eabi_init.o)
 .debug_abbrev  0x0000152c      0x137 C:/Freescale/CW MCU v10.7/MCU/ARM_GCC_Support/ewl/lib/armv7e-m/fpu\librt.a(ROMCopy.o)

.debug_loc      0x00000000     0x2aa5
 .debug_loc     0x00000000       0x58 ./Project_Settings/Startup_Code/kinetis_sysinit.o
 .debug_loc     0x00000058       0x2c ./Project_Settings/Startup_Code/__arm_start.o
 .debug_loc     0x00000084       0x38 ./Project_Settings/Startup_Code/__arm_end.o
 .debug_loc     0x000000bc      0x1e2 ./Sources/uart.o
 .debug_loc     0x0000029e       0x70 ./Sources/pit.o
 .debug_loc     0x0000030e      0x25c ./Sources/nrf24.o
 .debug_loc     0x0000056a      0x1b0 ./Sources/main.o
 .debug_loc     0x0000071a      0x32c ./Sources/lcd.o
 .debug_loc     0x00000a46      0x17c ./Sources/i2c.o
 .debug_loc     0x00000bc2       0x9c ./Sources/ftm.o
 .debug_loc     0x00000c5e       0x3e C:/Freescale/CW MCU v10.7/MCU/ARM_GCC_Support/ewl/lib/armv7e-m/fpu\libc.a(exit.o)
 .debug_loc     0x00000c9c       0x64 C:/Freescale/CW MCU v10.7/MCU/ARM_GCC_Support/ewl/lib/armv7e-m/fpu\libc.a(memset.o)
 .debug_loc     0x00000d00      0x12c C:/Freescale/CW MCU v10.7/MCU/ARM_GCC_Support/ewl/lib/armv7e-m/fpu\libc.a(__filll_mem.o)
 .debug_loc     0x00000e2c      0xbdc C:/Freescale/CW MCU v10.7/MCU/ARM_GCC_Support/ewl/lib/armv7e-m/fpu\libc.a(printformat_.o)
 .debug_loc     0x00001a08      0x8b6 C:/Freescale/CW MCU v10.7/MCU/ARM_GCC_Support/ewl/lib/armv7e-m/fpu\libc.a(scanformat_.o)
 .debug_loc     0x000022be      0x18e C:/Freescale/CW MCU v10.7/MCU/ARM_GCC_Support/ewl/lib/armv7e-m/fpu\libc.a(ctype_aeabi.o)
 .debug_loc     0x0000244c      0x2bb C:/Freescale/CW MCU v10.7/MCU/ARM_GCC_Support/ewl/lib/armv7e-m/fpu\libc.a(__strtoul.o)
 .debug_loc     0x00002707       0x7c C:/Freescale/CW MCU v10.7/MCU/ARM_GCC_Support/ewl/lib/armv7e-m/fpu\libc.a(strchr.o)
 .debug_loc     0x00002783       0x26 C:/Freescale/CW MCU v10.7/MCU/ARM_GCC_Support/ewl/lib/armv7e-m/fpu\libc.a(strlen.o)
 .debug_loc     0x000027a9       0x62 C:/Freescale/CW MCU v10.7/MCU/ARM_GCC_Support/ewl/lib/armv7e-m/fpu\libc.a(memchr.o)
 .debug_loc     0x0000280b       0x9d C:/Freescale/CW MCU v10.7/MCU/ARM_GCC_Support/ewl/lib/armv7e-m/fpu\librt.a(gcc_ctor_dtor.o)
 .debug_loc     0x000028a8      0x144 C:/Freescale/CW MCU v10.7/MCU/ARM_GCC_Support/ewl/lib/armv7e-m/fpu\librt.a(__arm_eabi_init.o)
 .debug_loc     0x000029ec       0xb9 C:/Freescale/CW MCU v10.7/MCU/ARM_GCC_Support/ewl/lib/armv7e-m/fpu\librt.a(ROMCopy.o)

.debug_aranges  0x00000000      0x550
 .debug_aranges
                0x00000000       0x28 ./Project_Settings/Startup_Code/kinetis_sysinit.o
 .debug_aranges
                0x00000028       0x30 ./Project_Settings/Startup_Code/__arm_start.o
 .debug_aranges
                0x00000058       0x20 ./Project_Settings/Startup_Code/__arm_end.o
 .debug_aranges
                0x00000078       0x60 ./Sources/uart.o
 .debug_aranges
                0x000000d8       0x28 ./Sources/pit.o
 .debug_aranges
                0x00000100       0x70 ./Sources/nrf24.o
 .debug_aranges
                0x00000170       0x60 ./Sources/main.o
 .debug_aranges
                0x000001d0       0x98 ./Sources/lcd.o
 .debug_aranges
                0x00000268       0x50 ./Sources/i2c.o
 .debug_aranges
                0x000002b8       0x30 ./Sources/ftm.o
 .debug_aranges
                0x000002e8       0x20 C:/Freescale/CW MCU v10.7/MCU/ARM_GCC_Support/ewl/lib/armv7e-m/fpu\libc.a(exit.o)
 .debug_aranges
                0x00000308       0x20 C:/Freescale/CW MCU v10.7/MCU/ARM_GCC_Support/ewl/lib/armv7e-m/fpu\libc.a(memset.o)
 .debug_aranges
                0x00000328       0x20 C:/Freescale/CW MCU v10.7/MCU/ARM_GCC_Support/ewl/lib/armv7e-m/fpu\libc.a(__filll_mem.o)
 .debug_aranges
                0x00000348       0x28 C:/Freescale/CW MCU v10.7/MCU/ARM_GCC_Support/ewl/lib/armv7e-m/fpu\libc.a(printformat_.o)
 .debug_aranges
                0x00000370       0x20 C:/Freescale/CW MCU v10.7/MCU/ARM_GCC_Support/ewl/lib/armv7e-m/fpu\libc.a(scanformat_.o)
 .debug_aranges
                0x00000390       0x88 C:/Freescale/CW MCU v10.7/MCU/ARM_GCC_Support/ewl/lib/armv7e-m/fpu\libc.a(ctype_aeabi.o)
 .debug_aranges
                0x00000418       0x20 C:/Freescale/CW MCU v10.7/MCU/ARM_GCC_Support/ewl/lib/armv7e-m/fpu\libc.a(__strtoul.o)
 .debug_aranges
                0x00000438       0x20 C:/Freescale/CW MCU v10.7/MCU/ARM_GCC_Support/ewl/lib/armv7e-m/fpu\libc.a(strchr.o)
 .debug_aranges
                0x00000458       0x20 C:/Freescale/CW MCU v10.7/MCU/ARM_GCC_Support/ewl/lib/armv7e-m/fpu\libc.a(strlen.o)
 .debug_aranges
                0x00000478       0x20 C:/Freescale/CW MCU v10.7/MCU/ARM_GCC_Support/ewl/lib/armv7e-m/fpu\libc.a(memchr.o)
 .debug_aranges
                0x00000498       0x28 C:/Freescale/CW MCU v10.7/MCU/ARM_GCC_Support/ewl/lib/armv7e-m/fpu\librt.a(gcc_ctor_dtor.o)
 .debug_aranges
                0x000004c0       0x60 C:/Freescale/CW MCU v10.7/MCU/ARM_GCC_Support/ewl/lib/armv7e-m/fpu\librt.a(__arm_eabi_init.o)
 .debug_aranges
                0x00000520       0x30 C:/Freescale/CW MCU v10.7/MCU/ARM_GCC_Support/ewl/lib/armv7e-m/fpu\librt.a(ROMCopy.o)

.debug_macinfo  0x00000000   0x3175b8
 .debug_macinfo
                0x00000000    0x61d23 ./Project_Settings/Startup_Code/kinetis_sysinit.o
 .debug_macinfo
                0x00061d23     0x3f41 ./Project_Settings/Startup_Code/__arm_start.o
 .debug_macinfo
                0x00065c64     0x352a ./Project_Settings/Startup_Code/__arm_end.o
 .debug_macinfo
                0x0006918e    0x61cde ./Sources/uart.o
 .debug_macinfo
                0x000cae6c    0x61cb0 ./Sources/pit.o
 .debug_macinfo
                0x0012cb1c    0x62339 ./Sources/nrf24.o
 .debug_macinfo
                0x0018ee55    0x625fe ./Sources/main.o
 .debug_macinfo
                0x001f1453    0x61f0f ./Sources/lcd.o
 .debug_macinfo
                0x00253362    0x625a6 ./Sources/i2c.o
 .debug_macinfo
                0x002b5908    0x61cb0 ./Sources/ftm.o

.debug_line     0x00000000     0x2a6c
 .debug_line    0x00000000      0x221 ./Project_Settings/Startup_Code/kinetis_sysinit.o
 .debug_line    0x00000221      0x2a4 ./Project_Settings/Startup_Code/__arm_start.o
 .debug_line    0x000004c5      0x265 ./Project_Settings/Startup_Code/__arm_end.o
 .debug_line    0x0000072a      0x3ac ./Sources/uart.o
 .debug_line    0x00000ad6      0x1fb ./Sources/pit.o
 .debug_line    0x00000cd1      0x35b ./Sources/nrf24.o
 .debug_line    0x0000102c      0x2ef ./Sources/main.o
 .debug_line    0x0000131b      0x38b ./Sources/lcd.o
 .debug_line    0x000016a6      0x2cd ./Sources/i2c.o
 .debug_line    0x00001973      0x2de ./Sources/ftm.o
 .debug_line    0x00001c51       0x94 C:/Freescale/CW MCU v10.7/MCU/ARM_GCC_Support/ewl/lib/armv7e-m/fpu\libc.a(exit.o)
 .debug_line    0x00001ce5       0x8f C:/Freescale/CW MCU v10.7/MCU/ARM_GCC_Support/ewl/lib/armv7e-m/fpu\libc.a(memset.o)
 .debug_line    0x00001d74       0xcd C:/Freescale/CW MCU v10.7/MCU/ARM_GCC_Support/ewl/lib/armv7e-m/fpu\libc.a(__filll_mem.o)
 .debug_line    0x00001e41      0x2b4 C:/Freescale/CW MCU v10.7/MCU/ARM_GCC_Support/ewl/lib/armv7e-m/fpu\libc.a(printformat_.o)
 .debug_line    0x000020f5      0x2df C:/Freescale/CW MCU v10.7/MCU/ARM_GCC_Support/ewl/lib/armv7e-m/fpu\libc.a(scanformat_.o)
 .debug_line    0x000023d4      0x1a9 C:/Freescale/CW MCU v10.7/MCU/ARM_GCC_Support/ewl/lib/armv7e-m/fpu\libc.a(ctype_aeabi.o)
 .debug_line    0x0000257d      0x11b C:/Freescale/CW MCU v10.7/MCU/ARM_GCC_Support/ewl/lib/armv7e-m/fpu\libc.a(__strtoul.o)
 .debug_line    0x00002698       0x7d C:/Freescale/CW MCU v10.7/MCU/ARM_GCC_Support/ewl/lib/armv7e-m/fpu\libc.a(strchr.o)
 .debug_line    0x00002715       0x83 C:/Freescale/CW MCU v10.7/MCU/ARM_GCC_Support/ewl/lib/armv7e-m/fpu\libc.a(strlen.o)
 .debug_line    0x00002798       0x9f C:/Freescale/CW MCU v10.7/MCU/ARM_GCC_Support/ewl/lib/armv7e-m/fpu\libc.a(memchr.o)
 .debug_line    0x00002837       0x67 C:/Freescale/CW MCU v10.7/MCU/ARM_GCC_Support/ewl/lib/armv7e-m/fpu\librt.a(gcc_ctor_dtor.o)
 .debug_line    0x0000289e      0x125 C:/Freescale/CW MCU v10.7/MCU/ARM_GCC_Support/ewl/lib/armv7e-m/fpu\librt.a(__arm_eabi_init.o)
 .debug_line    0x000029c3       0xa9 C:/Freescale/CW MCU v10.7/MCU/ARM_GCC_Support/ewl/lib/armv7e-m/fpu\librt.a(ROMCopy.o)

.debug_str      0x00000000     0x1523
 .debug_str     0x00000000      0x277 ./Project_Settings/Startup_Code/kinetis_sysinit.o
                                0x29e (size before relaxing)
 .debug_str     0x00000277       0x85 ./Project_Settings/Startup_Code/__arm_start.o
                                0x19f (size before relaxing)
 .debug_str     0x000002fc       0x41 ./Project_Settings/Startup_Code/__arm_end.o
                                 0xd6 (size before relaxing)
 .debug_str     0x0000033d      0x343 ./Sources/uart.o
                                0x49b (size before relaxing)
 .debug_str     0x00000680       0x5c ./Sources/pit.o
                                0x29e (size before relaxing)
 .debug_str     0x000006dc      0x211 ./Sources/nrf24.o
                                0x4a7 (size before relaxing)
 .debug_str     0x000008ed      0x154 ./Sources/main.o
                                0x4bd (size before relaxing)
 .debug_str     0x00000a41      0x115 ./Sources/lcd.o
                                0x39c (size before relaxing)
 .debug_str     0x00000b56      0x110 ./Sources/i2c.o
                                0x35d (size before relaxing)
 .debug_str     0x00000c66       0x41 ./Sources/ftm.o
                                0x3b8 (size before relaxing)
 .debug_str     0x00000ca7       0x5a C:/Freescale/CW MCU v10.7/MCU/ARM_GCC_Support/ewl/lib/armv7e-m/fpu\libc.a(exit.o)
                                0x157 (size before relaxing)
 .debug_str     0x00000d01       0x23 C:/Freescale/CW MCU v10.7/MCU/ARM_GCC_Support/ewl/lib/armv7e-m/fpu\libc.a(memset.o)
                                0x140 (size before relaxing)
 .debug_str     0x00000d24       0x2d C:/Freescale/CW MCU v10.7/MCU/ARM_GCC_Support/ewl/lib/armv7e-m/fpu\libc.a(__filll_mem.o)
                                0x152 (size before relaxing)
 .debug_str     0x00000d51      0x233 C:/Freescale/CW MCU v10.7/MCU/ARM_GCC_Support/ewl/lib/armv7e-m/fpu\libc.a(printformat_.o)
                                0x3b3 (size before relaxing)
 .debug_str     0x00000f84      0x184 C:/Freescale/CW MCU v10.7/MCU/ARM_GCC_Support/ewl/lib/armv7e-m/fpu\libc.a(scanformat_.o)
                                0x3f9 (size before relaxing)
 .debug_str     0x00001108       0x9d C:/Freescale/CW MCU v10.7/MCU/ARM_GCC_Support/ewl/lib/armv7e-m/fpu\libc.a(ctype_aeabi.o)
                                0x1bc (size before relaxing)
 .debug_str     0x000011a5       0x61 C:/Freescale/CW MCU v10.7/MCU/ARM_GCC_Support/ewl/lib/armv7e-m/fpu\libc.a(__strtoul.o)
                                0x1fb (size before relaxing)
 .debug_str     0x00001206       0x1c C:/Freescale/CW MCU v10.7/MCU/ARM_GCC_Support/ewl/lib/armv7e-m/fpu\libc.a(strchr.o)
                                0x137 (size before relaxing)
 .debug_str     0x00001222       0x1c C:/Freescale/CW MCU v10.7/MCU/ARM_GCC_Support/ewl/lib/armv7e-m/fpu\libc.a(strlen.o)
                                0x140 (size before relaxing)
 .debug_str     0x0000123e       0x1c C:/Freescale/CW MCU v10.7/MCU/ARM_GCC_Support/ewl/lib/armv7e-m/fpu\libc.a(memchr.o)
                                0x148 (size before relaxing)
 .debug_str     0x0000125a      0x126 C:/Freescale/CW MCU v10.7/MCU/ARM_GCC_Support/ewl/lib/armv7e-m/fpu\librt.a(gcc_ctor_dtor.o)
                                0x181 (size before relaxing)
 .debug_str     0x00001380      0x102 C:/Freescale/CW MCU v10.7/MCU/ARM_GCC_Support/ewl/lib/armv7e-m/fpu\librt.a(__arm_eabi_init.o)
                                0x1bf (size before relaxing)
 .debug_str     0x00001482       0xa1 C:/Freescale/CW MCU v10.7/MCU/ARM_GCC_Support/ewl/lib/armv7e-m/fpu\librt.a(ROMCopy.o)
                                0x13c (size before relaxing)

.comment        0x00000000       0x79
 .comment       0x00000000       0x79 ./Project_Settings/Startup_Code/kinetis_sysinit.o
                                 0x7a (size before relaxing)
 .comment       0x00000000       0x7a ./Project_Settings/Startup_Code/__arm_start.o
 .comment       0x00000000       0x7a ./Project_Settings/Startup_Code/__arm_end.o
 .comment       0x00000000       0x7a ./Sources/uart.o
 .comment       0x00000000       0x7a ./Sources/pit.o
 .comment       0x00000000       0x7a ./Sources/nrf24.o
 .comment       0x00000000       0x7a ./Sources/main.o
 .comment       0x00000000       0x7a ./Sources/lcd.o
 .comment       0x00000000       0x7a ./Sources/i2c.o
 .comment       0x00000000       0x7a ./Sources/ftm.o
 .comment       0x00000000       0x7a C:/Freescale/CW MCU v10.7/MCU/ARM_GCC_Support/ewl/lib/armv7e-m/fpu\libc.a(exit.o)
 .comment       0x00000000       0x7a C:/Freescale/CW MCU v10.7/MCU/ARM_GCC_Support/ewl/lib/armv7e-m/fpu\libc.a(memset.o)
 .comment       0x00000000       0x7a C:/Freescale/CW MCU v10.7/MCU/ARM_GCC_Support/ewl/lib/armv7e-m/fpu\libc.a(__filll_mem.o)
 .comment       0x00000000       0x7a C:/Freescale/CW MCU v10.7/MCU/ARM_GCC_Support/ewl/lib/armv7e-m/fpu\libc.a(printformat_.o)
 .comment       0x00000000       0x7a C:/Freescale/CW MCU v10.7/MCU/ARM_GCC_Support/ewl/lib/armv7e-m/fpu\libc.a(scanformat_.o)
 .comment       0x00000000       0x7a C:/Freescale/CW MCU v10.7/MCU/ARM_GCC_Support/ewl/lib/armv7e-m/fpu\libc.a(ctype_aeabi.o)
 .comment       0x00000000       0x7a C:/Freescale/CW MCU v10.7/MCU/ARM_GCC_Support/ewl/lib/armv7e-m/fpu\libc.a(__strtoul.o)
 .comment       0x00000000       0x7a C:/Freescale/CW MCU v10.7/MCU/ARM_GCC_Support/ewl/lib/armv7e-m/fpu\libc.a(strchr.o)
 .comment       0x00000000       0x7a C:/Freescale/CW MCU v10.7/MCU/ARM_GCC_Support/ewl/lib/armv7e-m/fpu\libc.a(strlen.o)
 .comment       0x00000000       0x7a C:/Freescale/CW MCU v10.7/MCU/ARM_GCC_Support/ewl/lib/armv7e-m/fpu\libc.a(memchr.o)
 .comment       0x00000000       0x7a C:/Freescale/CW MCU v10.7/MCU/ARM_GCC_Support/ewl/lib/armv7e-m/fpu\librt.a(gcc_ctor_dtor.o)
 .comment       0x00000000       0x7a C:/Freescale/CW MCU v10.7/MCU/ARM_GCC_Support/ewl/lib/armv7e-m/fpu\librt.a(__arm_eabi_init.o)
 .comment       0x00000000       0x7a C:/Freescale/CW MCU v10.7/MCU/ARM_GCC_Support/ewl/lib/armv7e-m/fpu\librt.a(ROMCopy.o)

.debug_frame    0x00000000      0xba0
 .debug_frame   0x00000000       0x40 ./Project_Settings/Startup_Code/kinetis_sysinit.o
 .debug_frame   0x00000040       0x4c ./Project_Settings/Startup_Code/__arm_start.o
 .debug_frame   0x0000008c       0x2c ./Project_Settings/Startup_Code/__arm_end.o
 .debug_frame   0x000000b8      0x114 ./Sources/uart.o
 .debug_frame   0x000001cc       0x48 ./Sources/pit.o
 .debug_frame   0x00000214      0x168 ./Sources/nrf24.o
 .debug_frame   0x0000037c      0x108 ./Sources/main.o
 .debug_frame   0x00000484      0x1e8 ./Sources/lcd.o
 .debug_frame   0x0000066c       0xe8 ./Sources/i2c.o
 .debug_frame   0x00000754       0x60 ./Sources/ftm.o
 .debug_frame   0x000007b4       0x28 C:/Freescale/CW MCU v10.7/MCU/ARM_GCC_Support/ewl/lib/armv7e-m/fpu\libc.a(exit.o)
 .debug_frame   0x000007dc       0x28 C:/Freescale/CW MCU v10.7/MCU/ARM_GCC_Support/ewl/lib/armv7e-m/fpu\libc.a(memset.o)
 .debug_frame   0x00000804       0x2c C:/Freescale/CW MCU v10.7/MCU/ARM_GCC_Support/ewl/lib/armv7e-m/fpu\libc.a(__filll_mem.o)
 .debug_frame   0x00000830       0x64 C:/Freescale/CW MCU v10.7/MCU/ARM_GCC_Support/ewl/lib/armv7e-m/fpu\libc.a(printformat_.o)
 .debug_frame   0x00000894       0x3c C:/Freescale/CW MCU v10.7/MCU/ARM_GCC_Support/ewl/lib/armv7e-m/fpu\libc.a(scanformat_.o)
 .debug_frame   0x000008d0       0xf0 C:/Freescale/CW MCU v10.7/MCU/ARM_GCC_Support/ewl/lib/armv7e-m/fpu\libc.a(ctype_aeabi.o)
 .debug_frame   0x000009c0       0x3c C:/Freescale/CW MCU v10.7/MCU/ARM_GCC_Support/ewl/lib/armv7e-m/fpu\libc.a(__strtoul.o)
 .debug_frame   0x000009fc       0x20 C:/Freescale/CW MCU v10.7/MCU/ARM_GCC_Support/ewl/lib/armv7e-m/fpu\libc.a(strchr.o)
 .debug_frame   0x00000a1c       0x20 C:/Freescale/CW MCU v10.7/MCU/ARM_GCC_Support/ewl/lib/armv7e-m/fpu\libc.a(strlen.o)
 .debug_frame   0x00000a3c       0x20 C:/Freescale/CW MCU v10.7/MCU/ARM_GCC_Support/ewl/lib/armv7e-m/fpu\libc.a(memchr.o)
 .debug_frame   0x00000a5c       0x40 C:/Freescale/CW MCU v10.7/MCU/ARM_GCC_Support/ewl/lib/armv7e-m/fpu\librt.a(gcc_ctor_dtor.o)
 .debug_frame   0x00000a9c       0xbc C:/Freescale/CW MCU v10.7/MCU/ARM_GCC_Support/ewl/lib/armv7e-m/fpu\librt.a(__arm_eabi_init.o)
 .debug_frame   0x00000b58       0x48 C:/Freescale/CW MCU v10.7/MCU/ARM_GCC_Support/ewl/lib/armv7e-m/fpu\librt.a(ROMCopy.o)
